
Allocating common symbols
Common symbol       size              file

NetOurEther         0x6               net/libnet.o
gMiim_phyRevId      0x800             board/Realtek/rtl838x/librtl838x.o
NetState            0x4               net/libnet.o
rtk_hal_stack_ports
                    0x80              board/Realtek/rtl838x/librtl838x.o
NetServerEther      0x6               net/libnet.o
NetRxPacketLen      0x4               net/libnet.o
rtkDev              0x14              board/Realtek/rtl838x/librtl838x.o
NetArpWaitReplyIP   0x4               net/libnet.o
NetRxPacket         0x4               net/libnet.o
NetIPID             0x4               net/libnet.o
console_buffer      0x201             common/libcommon.o
NetArpWaitPacketIP  0x4               net/libnet.o
hal_ctrl            0x1340            board/Realtek/rtl838x/librtl838x.o
BootpTry            0x4               net/libnet.o
his_pad_char        0x1               common/libcommon.o
pTxPktHdr           0x4               board/Realtek/rtl838x/librtl838x.o
send_ptr            0x4               common/libcommon.o
pRxPktHdr           0x4               board/Realtek/rtl838x/librtl838x.o
hwp_unit_sem        0x4               board/Realtek/rtl838x/librtl838x.o
swDescpEmpty        0x668             board/Realtek/rtl838x/librtl838x.o
NetRxPackets        0x10              net/libnet.o
g_gpioDevConfig     0x14              board/Realtek/rtl838x/librtl838x.o
NetBootFileSize     0x2               net/libnet.o
NetArpWaitTxPacketSize
                    0x4               net/libnet.o
send_parms          0x14              common/libcommon.o
ioal_db             0x340             board/Realtek/rtl838x/librtl838x.o
NetArpWaitTry       0x4               net/libnet.o
save_addr           0x4               common/libcommon.o
g_extGPIODev_init   0x4               board/Realtek/rtl838x/librtl838x.o
NetOurGatewayIP     0x4               net/libnet.o
monitor_flash_len   0x4               arch/mips/lib/libmips.o
testLen             0x4               board/Realtek/rtl838x/librtl838x.o
NetArpWaitTimerStart
                    0x4               net/libnet.o
pkt                 0x5fa             board/Realtek/rtl838x/librtl838x.o
save_size           0x4               common/libcommon.o
pkt_recv            0x5fa             board/Realtek/rtl838x/librtl838x.o
isFail              0x4               board/Realtek/rtl838x/librtl838x.o
NetRestartWrap      0x4               net/libnet.o
hwpEmpty            0x58              board/Realtek/rtl838x/librtl838x.o
PktBuf              0x1e20            net/libnet.o
his_eol             0x1               common/libcommon.o
pMgmt_node          0x40              board/Realtek/rtl838x/librtl838x.o
scDescpEmpty        0x8               board/Realtek/rtl838x/librtl838x.o
BootFile            0x80              net/libnet.o
NetOurSubnetMask    0x4               net/libnet.o
unitInfoEmpty       0x830             board/Realtek/rtl838x/librtl838x.o
serdesDescpEmpty    0x2               board/Realtek/rtl838x/librtl838x.o
NetArpWaitTxPacket  0x4               net/libnet.o
NetTxPacket         0x4               net/libnet.o
rcvLen              0x4               board/Realtek/rtl838x/librtl838x.o
parsedInfoEmpty     0x3134            board/Realtek/rtl838x/librtl838x.o
unitMapStruct       0x80              board/Realtek/rtl838x/librtl838x.o
gI2C_dev            0x6800            board/Realtek/rtl838x/librtl838x.o
os_data_char        0x4               common/libcommon.o
his_pad_count       0x4               common/libcommon.o
portDescpEmpty      0x14              board/Realtek/rtl838x/librtl838x.o
NetPingIP           0x4               net/libnet.o
hist_lines          0x2814            common/libcommon.o
NetOurIP            0x4               net/libnet.o
os_data_init        0x4               common/libcommon.o
___strtok           0x4               lib/libgeneric.o
NetArpWaitPacketMAC
                    0x4               net/libnet.o
NetArpWaitPacketBuf
                    0x620             net/libnet.o
NetOurDNSIP         0x4               net/libnet.o
NetServerIP         0x4               net/libnet.o
hist_list           0x50              common/libcommon.o
images              0x8c              common/libcommon.o
NetEtherNullAddr    0x6               net/libnet.o
rtl8218d_info       0x400             board/Realtek/rtl838x/librtl838x.o
his_quote           0x1               common/libcommon.o
NetBootFileXferSize
                    0x4               net/libnet.o
BootpID             0x4               net/libnet.o

Discarded input sections

 .data          0x0000000000000000        0x0 arch/mips/cpu/mips4kec/start.o
 .bss           0x0000000000000000        0x0 arch/mips/cpu/mips4kec/start.o
 .reginfo       0x0000000000000000       0x18 arch/mips/cpu/mips4kec/start.o
 .reginfo       0x0000000000000000       0x18 arch/mips/cpu/mips4kec/rtl838x/librtl838x.o
 .text._DTR_DDR1_MRS_setting
[...]
Memory Configuration

Name             Origin             Length             Attributes
*default*        0x0000000000000000 0xffffffffffffffff

Linker script and memory map

                0x000000009fc00000                OTTO_FLASH_BASE = 0x9fc00000
                0x000000009f000000                OTTO_SRAM_BASE = 0x9f000000

.ucflash        0x00000000bfc00000      0x4d0 load address 0x000000009fc00000
 arch/mips/cpu/mips4kec/start.o(.text*)
 .text          0x00000000bfc00000      0x440 arch/mips/cpu/mips4kec/start.o
                0x00000000bfc00000                _start
 *(preloader.uc)
 preloader.uc   0x00000000bfc00440       0x90 arch/mips/cpu/mips4kec/rtl838x/librtl838x.o
                0x00000000bfc00440                soc_init

.sram           0x000000009f0004d0     0x6ab4 load address 0x000000009fc004d0
 arch/mips/cpu/mips4kec/rtl838x/librtl838x.o(.text*)
 .text          0x000000009f0004d0      0x300 arch/mips/cpu/mips4kec/rtl838x/librtl838x.o
                0x000000009f0004d0                soc_init_in_cache
                0x000000009f000510                soc_ramtest_init
                0x000000009f000560                cpu_init
                0x000000009f000620                mips_cache_reset
                0x000000009f000690                invalidate_icache_all
                0x000000009f000710                writeback_invalidate_dcache_all
                0x000000009f000740                rlx5281_cache_flush_dcache
                0x000000009f000770                mips_cache_flush_all
 .text.c_start_r
                0x000000009f0007d0       0x54 arch/mips/cpu/mips4kec/rtl838x/librtl838x.o
                0x000000009f0007d0                c_start_r
 .text.c_start  0x000000009f000824      0x27c arch/mips/cpu/mips4kec/rtl838x/librtl838x.o
                0x000000009f000824                c_start
 .text.dram_model_select
                0x000000009f000aa0       0x10 arch/mips/cpu/mips4kec/rtl838x/librtl838x.o
                0x000000009f000aa0                dram_model_select
 .text.dummy_all
                0x000000009f000ab0        0x8 arch/mips/cpu/mips4kec/rtl838x/librtl838x.o
 .text.assign_uart_fp
                0x000000009f000ab8       0x48 arch/mips/cpu/mips4kec/rtl838x/librtl838x.o
 .text.otto_NS16550_init
                0x000000009f000b00       0x54 arch/mips/cpu/mips4kec/rtl838x/librtl838x.o
                0x000000009f000b00                otto_NS16550_init
 .text.otto_NS16550_tstc
                0x000000009f000b54       0x3c arch/mips/cpu/mips4kec/rtl838x/librtl838x.o
                0x000000009f000b54                otto_NS16550_tstc
 .text.otto_NS16550_getc
                0x000000009f000b90       0x48 arch/mips/cpu/mips4kec/rtl838x/librtl838x.o
                0x000000009f000b90                otto_NS16550_getc
 .text.otto_NS16550_putc
                0x000000009f000bd8       0x44 arch/mips/cpu/mips4kec/rtl838x/librtl838x.o
                0x000000009f000bd8                otto_NS16550_putc
 .text.otto_NS16550_IoCtl
                0x000000009f000c1c       0xb0 arch/mips/cpu/mips4kec/rtl838x/librtl838x.o
                0x000000009f000c1c                otto_NS16550_IoCtl
 .text.console_init
                0x000000009f000ccc       0x74 arch/mips/cpu/mips4kec/rtl838x/librtl838x.o
                0x000000009f000ccc                console_init
 .text.pll_setup
                0x000000009f000d40       0x6c arch/mips/cpu/mips4kec/rtl838x/librtl838x.o
                0x000000009f000d40                pll_setup
 .text.otto_pll_gen3_set_to_reg
                0x000000009f000dac       0xec arch/mips/cpu/mips4kec/rtl838x/librtl838x.o
                0x000000009f000dac                otto_pll_gen3_set_to_reg
 .text.pll_query_freq
                0x000000009f000e98       0xb0 arch/mips/cpu/mips4kec/rtl838x/librtl838x.o
                0x000000009f000e98                pll_query_freq
 .text._memctl_delay_clkm_cycles
                0x000000009f000f48       0x30 arch/mips/cpu/mips4kec/rtl838x/librtl838x.o
 .text.memctlc_set_dqm_delay
                0x000000009f000f78       0x1c arch/mips/cpu/mips4kec/rtl838x/librtl838x.o
                0x000000009f000f78                memctlc_set_dqm_delay
 .text.memctlc_config_DRAM_size
                0x000000009f000f94       0x54 arch/mips/cpu/mips4kec/rtl838x/librtl838x.o
                0x000000009f000f94                memctlc_config_DRAM_size
 .text.memctlc_DDR3_ZQ_long_calibration
                0x000000009f000fe8       0x44 arch/mips/cpu/mips4kec/rtl838x/librtl838x.o
                0x000000009f000fe8                memctlc_DDR3_ZQ_long_calibration
 .text.memctlc_ZQ_calibration
                0x000000009f00102c      0x1fc arch/mips/cpu/mips4kec/rtl838x/librtl838x.o
                0x000000009f00102c                memctlc_ZQ_calibration
 .text.memctlc_ZQ_config
                0x000000009f001228       0x8c arch/mips/cpu/mips4kec/rtl838x/librtl838x.o
                0x000000009f001228                memctlc_ZQ_config
 .text.memctlc_config_DTR
                0x000000009f0012b4       0x4c arch/mips/cpu/mips4kec/rtl838x/librtl838x.o
                0x000000009f0012b4                memctlc_config_DTR
 .text.memctlc_DRAM_DLL_reset
                0x000000009f001300       0x7c arch/mips/cpu/mips4kec/rtl838x/librtl838x.o
                0x000000009f001300                memctlc_DRAM_DLL_reset
 .text.memctlc_dram_phy_reset
                0x000000009f00137c       0x28 arch/mips/cpu/mips4kec/rtl838x/librtl838x.o
                0x000000009f00137c                memctlc_dram_phy_reset
 .text.memctlc_DBFM_enable
                0x000000009f0013a4       0x18 arch/mips/cpu/mips4kec/rtl838x/librtl838x.o
                0x000000009f0013a4                memctlc_DBFM_enable
 .text.dram_setup
                0x000000009f0013bc      0x240 arch/mips/cpu/mips4kec/rtl838x/librtl838x.o
                0x000000009f0013bc                dram_setup
 .text._memctl_update_phy_param
                0x000000009f0015fc       0x90 arch/mips/cpu/mips4kec/rtl838x/librtl838x.o
                0x000000009f0015fc                _memctl_update_phy_param
 .text.get_memory_memctl_dq_write_delay_parameters
                0x000000009f00168c       0x34 arch/mips/cpu/mips4kec/rtl838x/librtl838x.o
                0x000000009f00168c                get_memory_memctl_dq_write_delay_parameters
 .text.memctlc_ddr1_dll_reset
                0x000000009f0016c0       0xcc arch/mips/cpu/mips4kec/rtl838x/librtl838x.o
                0x000000009f0016c0                memctlc_ddr1_dll_reset
 .text.memctlc_is_DDR
                0x000000009f00178c       0x18 arch/mips/cpu/mips4kec/rtl838x/librtl838x.o
                0x000000009f00178c                memctlc_is_DDR
 .text.memctlc_ddr2_dll_reset
                0x000000009f0017a4       0xe8 arch/mips/cpu/mips4kec/rtl838x/librtl838x.o
                0x000000009f0017a4                memctlc_ddr2_dll_reset
 .text.memctlc_is_DDR2
                0x000000009f00188c       0x1c arch/mips/cpu/mips4kec/rtl838x/librtl838x.o
                0x000000009f00188c                memctlc_is_DDR2
 .text.memctlc_ddr3_dll_reset
                0x000000009f0018a8       0xe8 arch/mips/cpu/mips4kec/rtl838x/librtl838x.o
                0x000000009f0018a8                memctlc_ddr3_dll_reset
 .text.memctlc_is_DDR3
                0x000000009f001990       0x20 arch/mips/cpu/mips4kec/rtl838x/librtl838x.o
                0x000000009f001990                memctlc_is_DDR3
 .text.plat_memctl_ZQ_force_config
                0x000000009f0019b0       0x94 arch/mips/cpu/mips4kec/rtl838x/librtl838x.o
                0x000000009f0019b0                plat_memctl_ZQ_force_config
 .text.plat_memctl_dcache_flush
                0x000000009f001a44       0x14 arch/mips/cpu/mips4kec/rtl838x/librtl838x.o
                0x000000009f001a44                plat_memctl_dcache_flush
 .text.plat_memctl_CPU_clock_MHz
                0x000000009f001a58       0x14 arch/mips/cpu/mips4kec/rtl838x/librtl838x.o
                0x000000009f001a58                plat_memctl_CPU_clock_MHz
 .text.plat_memctl_MEM_clock_MHz
                0x000000009f001a6c       0x14 arch/mips/cpu/mips4kec/rtl838x/librtl838x.o
                0x000000009f001a6c                plat_memctl_MEM_clock_MHz
 .text.plat_memctl_LX_clock_MHz
                0x000000009f001a80       0x14 arch/mips/cpu/mips4kec/rtl838x/librtl838x.o
                0x000000009f001a80                plat_memctl_LX_clock_MHz
 .text.plat_mem_clk_rev_check
                0x000000009f001a94       0x88 arch/mips/cpu/mips4kec/rtl838x/librtl838x.o
                0x000000009f001a94                plat_mem_clk_rev_check
 .text.plat_memctl_input_sig_delay
                0x000000009f001b1c       0xa0 arch/mips/cpu/mips4kec/rtl838x/librtl838x.o
                0x000000009f001b1c                plat_memctl_input_sig_delay
 .text.plat_memctl_dramclk_en
                0x000000009f001bbc       0x50 arch/mips/cpu/mips4kec/rtl838x/librtl838x.o
                0x000000009f001bbc                plat_memctl_dramclk_en
 .text.plat_memctl_show_dram_config
                0x000000009f001c0c      0x11c arch/mips/cpu/mips4kec/rtl838x/librtl838x.o
                0x000000009f001c0c                plat_memctl_show_dram_config
 .text.plat_memctl_calculate_dqrf_delay
                0x000000009f001d28       0x50 arch/mips/cpu/mips4kec/rtl838x/librtl838x.o
                0x000000009f001d28                plat_memctl_calculate_dqrf_delay
 .text.memctl_sync_write_buf
                0x000000009f001d78       0x24 arch/mips/cpu/mips4kec/rtl838x/librtl838x.o
                0x000000009f001d78                memctl_sync_write_buf
 .text._memctl_set_phy_delay_all
                0x000000009f001d9c       0x34 arch/mips/cpu/mips4kec/rtl838x/librtl838x.o
                0x000000009f001d9c                _memctl_set_phy_delay_all
 .text._memctl_set_phy_delay_dqrf
                0x000000009f001dd0       0xa0 arch/mips/cpu/mips4kec/rtl838x/librtl838x.o
                0x000000009f001dd0                _memctl_set_phy_delay_dqrf
 .text._write_pattern_1
                0x000000009f001e70       0x80 arch/mips/cpu/mips4kec/rtl838x/librtl838x.o
                0x000000009f001e70                _write_pattern_1
 .text._verify_pattern_1
                0x000000009f001ef0       0xa0 arch/mips/cpu/mips4kec/rtl838x/librtl838x.o
                0x000000009f001ef0                _verify_pattern_1
 .text._memctl_result_to_DQ_RW_Array
                0x000000009f001f90       0x80 arch/mips/cpu/mips4kec/rtl838x/librtl838x.o
                0x000000009f001f90                _memctl_result_to_DQ_RW_Array
 .text._memctl_find_proper_RW_dealy
                0x000000009f002010      0x2f8 arch/mips/cpu/mips4kec/rtl838x/librtl838x.o
                0x000000009f002010                _memctl_find_proper_RW_dealy
 .text._DDR_Calibration_Full_Scan
                0x000000009f002308      0x15c arch/mips/cpu/mips4kec/rtl838x/librtl838x.o
                0x000000009f002308                _DDR_Calibration_Full_Scan
 .text.DDR_Calibration
                0x000000009f002464       0xac arch/mips/cpu/mips4kec/rtl838x/librtl838x.o
                0x000000009f002464                DDR_Calibration
 .text.pblr_putc
                0x000000009f002510       0x54 arch/mips/cpu/mips4kec/rtl838x/librtl838x.o
                0x000000009f002510                pblr_putc
 .text.pblr_number
                0x000000009f002564      0x2fc arch/mips/cpu/mips4kec/rtl838x/librtl838x.o
 .text.pblr_puts
                0x000000009f002860       0x48 arch/mips/cpu/mips4kec/rtl838x/librtl838x.o
                0x000000009f002860                pblr_puts
 .text.pblr_strnlen
                0x000000009f0028a8       0x28 arch/mips/cpu/mips4kec/rtl838x/librtl838x.o
                0x000000009f0028a8                pblr_strnlen
 .text.pblr_soc_printf
                0x000000009f0028d0      0x4cc arch/mips/cpu/mips4kec/rtl838x/librtl838x.o
                0x000000009f0028d0                pblr_soc_printf
 .text.search_spare_by_type
                0x000000009f002d9c       0x48 arch/mips/cpu/mips4kec/rtl838x/librtl838x.o
                0x000000009f002d9c                search_spare_by_type
 .text.pblr_udelay
                0x000000009f002de4       0x6c arch/mips/cpu/mips4kec/rtl838x/librtl838x.o
                0x000000009f002de4                pblr_udelay
 .text.pblr_memcpy
                0x000000009f002e50       0x30 arch/mips/cpu/mips4kec/rtl838x/librtl838x.o
                0x000000009f002e50                pblr_memcpy
 .text.__random32
                0x000000009f002e80       0x84 arch/mips/cpu/mips4kec/rtl838x/librtl838x.o
 .text.plr_dram_normal_patterns
                0x000000009f002f04      0x1ac arch/mips/cpu/mips4kec/rtl838x/librtl838x.o
                0x000000009f002f04                plr_dram_normal_patterns
 .text.plr_dram_walking_of_1
                0x000000009f0030b0      0x19c arch/mips/cpu/mips4kec/rtl838x/librtl838x.o
                0x000000009f0030b0                plr_dram_walking_of_1
 .text.plr_dram_walking_of_0
                0x000000009f00324c      0x1a0 arch/mips/cpu/mips4kec/rtl838x/librtl838x.o
                0x000000009f00324c                plr_dram_walking_of_0
 .text.plr_dram_addr_rot
                0x000000009f0033ec      0x1e0 arch/mips/cpu/mips4kec/rtl838x/librtl838x.o
                0x000000009f0033ec                plr_dram_addr_rot
 .text.plr_dram_com_addr_rot
                0x000000009f0035cc      0x1f0 arch/mips/cpu/mips4kec/rtl838x/librtl838x.o
                0x000000009f0035cc                plr_dram_com_addr_rot
 .text.plr_dram_half_word_access
                0x000000009f0037bc      0x1b8 arch/mips/cpu/mips4kec/rtl838x/librtl838x.o
                0x000000009f0037bc                plr_dram_half_word_access
 .text.plr_dram_byte_access
                0x000000009f003974      0x1c8 arch/mips/cpu/mips4kec/rtl838x/librtl838x.o
                0x000000009f003974                plr_dram_byte_access
 .text.plr_memcpy_test
                0x000000009f003b3c      0x1c0 arch/mips/cpu/mips4kec/rtl838x/librtl838x.o
                0x000000009f003b3c                plr_memcpy_test
 .text.plr_unaligned_test
                0x000000009f003cfc      0x4a4 arch/mips/cpu/mips4kec/rtl838x/librtl838x.o
                0x000000009f003cfc                plr_unaligned_test
 .text.plr_disable_DRAM_prefech
                0x000000009f0041a0       0x54 arch/mips/cpu/mips4kec/rtl838x/librtl838x.o
                0x000000009f0041a0                plr_disable_DRAM_prefech
 .text.plr_enable_DRAM_prefech
                0x000000009f0041f4       0xb4 arch/mips/cpu/mips4kec/rtl838x/librtl838x.o
                0x000000009f0041f4                plr_enable_DRAM_prefech
 .text.plr_cache_flush_adj_addr
                0x000000009f0042a8      0x15c arch/mips/cpu/mips4kec/rtl838x/librtl838x.o
                0x000000009f0042a8                plr_cache_flush_adj_addr
 .text.plr_cache_flush_adjacent
                0x000000009f004404      0x248 arch/mips/cpu/mips4kec/rtl838x/librtl838x.o
                0x000000009f004404                plr_cache_flush_adjacent
 .text.plr_cache_flush_dispersed
                0x000000009f00464c      0x3cc arch/mips/cpu/mips4kec/rtl838x/librtl838x.o
                0x000000009f00464c                plr_cache_flush_dispersed
 .text.plr_cache_flush_adjacent_toggle_word
                0x000000009f004a18      0x194 arch/mips/cpu/mips4kec/rtl838x/librtl838x.o
                0x000000009f004a18                plr_cache_flush_adjacent_toggle_word
 .text.plr_cache_flush_dispersed_toggle_word
                0x000000009f004bac      0x304 arch/mips/cpu/mips4kec/rtl838x/librtl838x.o
                0x000000009f004bac                plr_cache_flush_dispersed_toggle_word
 .text.plr_cache_flush_adjacent_toggle_line128
                0x000000009f004eb0      0x288 arch/mips/cpu/mips4kec/rtl838x/librtl838x.o
                0x000000009f004eb0                plr_cache_flush_adjacent_toggle_line128
 .text.plr_cache_flush_test
                0x000000009f005138      0x234 arch/mips/cpu/mips4kec/rtl838x/librtl838x.o
                0x000000009f005138                plr_cache_flush_test
 .text._plrdram_test
                0x000000009f00536c      0x18c arch/mips/cpu/mips4kec/rtl838x/librtl838x.o
                0x000000009f00536c                _plrdram_test
 .text.plr_initdram
                0x000000009f0054f8      0x100 arch/mips/cpu/mips4kec/rtl838x/librtl838x.o
                0x000000009f0054f8                plr_initdram
 .text.plr_dram_test_lines
                0x000000009f0055f8      0x1b4 arch/mips/cpu/mips4kec/rtl838x/librtl838x.o
                0x000000009f0055f8                plr_dram_test_lines
 .text.plr_dram_test
                0x000000009f0057ac      0x314 arch/mips/cpu/mips4kec/rtl838x/librtl838x.o
                0x000000009f0057ac                plr_dram_test
                0x000000009f005ac0                . = ALIGN (0x4)
 *(.flash_text)
 .flash_text    0x000000009f005ac0      0x344 arch/mips/cpu/mips4kec/rtl838x/librtl838x.o
                0x000000009f005ac0                pll_gen3_get_to_mhz
                0x000000009f005b14                pll_gen3_set_from_mhz
                0x000000009f005b64                pll_gen3_setup
                0x000000009f005c80                _pll_gen3_get_to_mhz
                0x000000009f005cec                _pll_gen3_set_from_mhz
                0x000000009f005e04                . = ALIGN (0x4)
 arch/mips/cpu/mips4kec/rtl838x/librtl838x.o(.rodata*)
 *fill*         0x000000009f005e04        0xc 
 .rodata        0x000000009f005e10       0x40 arch/mips/cpu/mips4kec/rtl838x/librtl838x.o
 .rodata.str1.4
                0x000000009f005e50      0xb70 arch/mips/cpu/mips4kec/rtl838x/librtl838x.o
                                        0xbc0 (size before relaxing)
 .rodata.c_sp_pos
                0x000000009f0069c0        0x4 arch/mips/cpu/mips4kec/rtl838x/librtl838x.o
                0x000000009f0069c0                c_sp_pos
 .rodata.soc_in_flash
                0x000000009f0069c4      0x178 arch/mips/cpu/mips4kec/rtl838x/librtl838x.o
                0x000000009f0069c4                soc_in_flash
 .rodata.spare_headers_in_flash
                0x000000009f006b3c       0x24 arch/mips/cpu/mips4kec/rtl838x/librtl838x.o
                0x000000009f006b3c                spare_headers_in_flash
 .rodata.flash_info_in_spare
                0x000000009f006b60       0x50 arch/mips/cpu/mips4kec/rtl838x/librtl838x.o
                0x000000009f006b60                flash_info_in_spare
 .rodata.dram_info_in_spare
                0x000000009f006bb0      0x1d0 arch/mips/cpu/mips4kec/rtl838x/librtl838x.o
                0x000000009f006bb0                dram_info_in_spare
 .rodata.__func__.1471
                0x000000009f006d80       0x10 arch/mips/cpu/mips4kec/rtl838x/librtl838x.o
 .rodata.pat_ary
                0x000000009f006d90       0x80 arch/mips/cpu/mips4kec/rtl838x/librtl838x.o
                0x000000009f006d90                pat_ary
 .rodata.__FUNCTION__.1732
                0x000000009f006e10       0x14 arch/mips/cpu/mips4kec/rtl838x/librtl838x.o
 .rodata.__FUNCTION__.1692
                0x000000009f006e24       0x10 arch/mips/cpu/mips4kec/rtl838x/librtl838x.o
 .rodata.__FUNCTION__.1669
                0x000000009f006e34       0x18 arch/mips/cpu/mips4kec/rtl838x/librtl838x.o
 .rodata.__FUNCTION__.1646
                0x000000009f006e4c       0x1c arch/mips/cpu/mips4kec/rtl838x/librtl838x.o
 .rodata.__FUNCTION__.1620
                0x000000009f006e68       0x18 arch/mips/cpu/mips4kec/rtl838x/librtl838x.o
 .rodata.__FUNCTION__.1594
                0x000000009f006e80       0x14 arch/mips/cpu/mips4kec/rtl838x/librtl838x.o
 .rodata.__FUNCTION__.1571
                0x000000009f006e94       0x18 arch/mips/cpu/mips4kec/rtl838x/librtl838x.o
 .rodata.__FUNCTION__.1548
                0x000000009f006eac       0x18 arch/mips/cpu/mips4kec/rtl838x/librtl838x.o
 .rodata.__FUNCTION__.1525
                0x000000009f006ec4       0x1c arch/mips/cpu/mips4kec/rtl838x/librtl838x.o
 .rodata.plr_toggle_pattern
                0x000000009f006ee0       0x30 arch/mips/cpu/mips4kec/rtl838x/librtl838x.o
                0x000000009f006ee0                plr_toggle_pattern
 .rodata.plr_line_plr_toggle_pattern
                0x000000009f006f10       0x20 arch/mips/cpu/mips4kec/rtl838x/librtl838x.o
                0x000000009f006f10                plr_line_plr_toggle_pattern
 .rodata.plr_dram_patterns
                0x000000009f006f30       0x30 arch/mips/cpu/mips4kec/rtl838x/librtl838x.o
                0x000000009f006f30                plr_dram_patterns
                0x000000009f006f60                . = ALIGN (0x4)
 arch/mips/cpu/mips4kec/rtl838x/librtl838x.o(.data*)
 .data.pll_mhz  0x000000009f006f60       0x10 arch/mips/cpu/mips4kec/rtl838x/librtl838x.o
                0x000000009f006f60                pll_mhz
 .data._pll_freq
                0x000000009f006f70        0xc arch/mips/cpu/mips4kec/rtl838x/librtl838x.o
 .data.__upper_digits
                0x000000009f006f7c        0x4 arch/mips/cpu/mips4kec/rtl838x/librtl838x.o
                0x000000009f006f7c                __upper_digits
 .data.__lower_digits
                0x000000009f006f80        0x4 arch/mips/cpu/mips4kec/rtl838x/librtl838x.o
                0x000000009f006f80                __lower_digits
                0x000000009f006f84                . = ALIGN (0x4)
 arch/mips/cpu/mips4kec/rtl838x/librtl838x.o(.sdata*)
                0x000000009fc00000                preloader_sram_start = LOADADDR (.ucflash)
                0x0000000000006f84                preloader_sram_size = (SIZEOF (.sram) + SIZEOF (.ucflash))
                0x000000009f006f84                . = ALIGN (0x4)

.sram.bss       0x000000009f006f84        0xc load address 0x0000000000000000
 arch/mips/cpu/mips4kec/rtl838x/librtl838x.o(.sbss*)
                0x000000009f006f84                . = ALIGN (0x4)
 arch/mips/cpu/mips4kec/rtl838x/librtl838x.o(.bss*)
 .bss.s3.1770   0x000000009f006f84        0x4 arch/mips/cpu/mips4kec/rtl838x/librtl838x.o
 .bss.s2.1769   0x000000009f006f88        0x4 arch/mips/cpu/mips4kec/rtl838x/librtl838x.o
 .bss.s1.1768   0x000000009f006f8c        0x4 arch/mips/cpu/mips4kec/rtl838x/librtl838x.o
                0x000000009f006f84                preloader_bss_start = ADDR (.sram.bss)
                0x000000000000000c                preloader_bss_size = SIZEOF (.sram.bss)

.dram           0x0000000083f00000    0x8f02c load address 0x000000009fc06f84
 *(EXCLUDE_FILE(arch/mips/cpu/mips4kec/rtl838x/librtl838x.o arch/mips/cpu/mips4kec/start.o) .text*)
 .text.do_reset
                0x0000000083f00000       0x34 arch/mips/cpu/mips4kec/libmips4kec.o
                0x0000000083f00000                do_reset
 .text.flush_cache
                0x0000000083f00034       0x34 arch/mips/cpu/mips4kec/libmips4kec.o
                0x0000000083f00034                flush_cache
 .text.enable_interrupts
                0x0000000083f00068        0x8 arch/mips/cpu/mips4kec/libmips4kec.o
                0x0000000083f00068                enable_interrupts
 .text.disable_interrupts
                0x0000000083f00070        0x8 arch/mips/cpu/mips4kec/libmips4kec.o
                0x0000000083f00070                disable_interrupts
 .text.__board_early_init_f
                0x0000000083f00078        0x8 arch/mips/lib/libmips.o
                0x0000000083f00078                __board_early_init_f
                0x0000000083f00078                board_early_init_f
 .text.display_banner
                0x0000000083f00080       0x2c arch/mips/lib/libmips.o
 .text.init_func_ram
                0x0000000083f000ac       0x50 arch/mips/lib/libmips.o
 .text.board_init_r
                0x0000000083f000fc      0x274 arch/mips/lib/libmips.o
                0x0000000083f000fc                board_init_r
 .text.hang     0x0000000083f00370       0x1c arch/mips/lib/libmips.o
                0x0000000083f00370                hang
 .text.board_init_f
                0x0000000083f0038c       0xfc arch/mips/lib/libmips.o
                0x0000000083f0038c                board_init_f
 .text.linux_env_set
                0x0000000083f00488       0xec arch/mips/lib/libmips.o
 .text.do_bootm_linux
                0x0000000083f00574      0x2f8 arch/mips/lib/libmips.o
                0x0000000083f00574                do_bootm_linux
 .text.__ashldi3
                0x0000000083f0086c       0x40 arch/mips/lib/libmips.o
                0x0000000083f0086c                __ashldi3
 .text.__lshrdi3
                0x0000000083f008ac       0x40 arch/mips/lib/libmips.o
                0x0000000083f008ac                __lshrdi3
 .text.calc_divisor
                0x0000000083f008ec       0x5c arch/mips/lib/libmips.o
 .text.serial_putc
                0x0000000083f00948       0x54 arch/mips/lib/libmips.o
                0x0000000083f00948                serial_putc
 .text.serial_puts
                0x0000000083f0099c       0x38 arch/mips/lib/libmips.o
                0x0000000083f0099c                serial_puts
 .text.serial_getc
                0x0000000083f009d4       0x28 arch/mips/lib/libmips.o
                0x0000000083f009d4                serial_getc
 .text.serial_tstc
                0x0000000083f009fc       0x18 arch/mips/lib/libmips.o
                0x0000000083f009fc                serial_tstc
 .text.serial_setbrg
                0x0000000083f00a14       0x48 arch/mips/lib/libmips.o
                0x0000000083f00a14                serial_setbrg
 .text.serial_init
                0x0000000083f00a5c       0x30 arch/mips/lib/libmips.o
                0x0000000083f00a5c                serial_init
 .text.do_sleep
                0x0000000083f00a8c       0x7c arch/mips/lib/libmips.o
                0x0000000083f00a8c                do_sleep
 .text.timer_init
                0x0000000083f00b08       0x10 arch/mips/lib/libmips.o
                0x0000000083f00b08                timer_init
 .text.get_timer
                0x0000000083f00b18       0x74 arch/mips/lib/libmips.o
                0x0000000083f00b18                get_timer
 .text.__udelay
                0x0000000083f00b8c       0x14 arch/mips/lib/libmips.o
                0x0000000083f00b8c                __udelay
 .text.otto_spi_flash_read
                0x0000000083f00ba0       0xd0 arch/mips/lib/libmips.o
                0x0000000083f00ba0                otto_spi_flash_read
 .text.otto_spi_flash_erase
                0x0000000083f00c70      0x12c arch/mips/lib/libmips.o
                0x0000000083f00c70                otto_spi_flash_erase
 .text.otto_spi_flash_write
                0x0000000083f00d9c      0x268 arch/mips/lib/libmips.o
                0x0000000083f00d9c                otto_spi_flash_write
 .text.spi_flash_init
                0x0000000083f01004       0xb4 arch/mips/lib/libmips.o
                0x0000000083f01004                spi_flash_init
 .text.spi_flash_probe
                0x0000000083f010b8       0x3c arch/mips/lib/libmips.o
                0x0000000083f010b8                spi_flash_probe
 .text.spi_flash_free
                0x0000000083f010f4        0x8 arch/mips/lib/libmips.o
                0x0000000083f010f4                spi_flash_free
 .text.sdk_spi_flash_chip_num
                0x0000000083f010fc       0x10 arch/mips/lib/libmips.o
                0x0000000083f010fc                sdk_spi_flash_chip_num
 .text.sdk_spi_flash_chip_size
                0x0000000083f0110c       0x2c arch/mips/lib/libmips.o
                0x0000000083f0110c                sdk_spi_flash_chip_size
 .text.CHECK_CTRL_READY
                0x0000000083f01138       0x78 arch/mips/lib/libmips.o
 .text.sffunc_rems_id
                0x0000000083f011b0       0x84 arch/mips/lib/libmips.o
 .text.sffunc_rdbusy
                0x0000000083f01234       0x90 arch/mips/lib/libmips.o
 .text.sffunc_rdevcr
                0x0000000083f012c4       0x70 arch/mips/lib/libmips.o
 .text.sffunc_rdsr_rdsr2
                0x0000000083f01334       0x90 arch/mips/lib/libmips.o
 .text.sffunc_en4b_ex4b
                0x0000000083f013c4       0x48 arch/mips/lib/libmips.o
 .text.sffunc_wren_wrdi_eqcmd
                0x0000000083f0140c       0x48 arch/mips/lib/libmips.o
 .text.sffunc_rdid
                0x0000000083f01454       0x74 arch/mips/lib/libmips.o
 .text.sffunc_read
                0x0000000083f014c8      0x1e4 arch/mips/lib/libmips.o
 .text._spi_cmd
                0x0000000083f016ac      0x13c arch/mips/lib/libmips.o
 .text.flash_unit_erase
                0x0000000083f017e8       0xb0 arch/mips/lib/libmips.o
                0x0000000083f017e8                flash_unit_erase
 .text.flash_unit_write
                0x0000000083f01898       0xc8 arch/mips/lib/libmips.o
                0x0000000083f01898                flash_unit_write
 .text.flash_read
                0x0000000083f01960       0x50 arch/mips/lib/libmips.o
                0x0000000083f01960                flash_read
 .text.sffunc_wrevcr
                0x0000000083f019b0       0xe8 arch/mips/lib/libmips.o
 .text.sffunc_wrsr
                0x0000000083f01a98      0x104 arch/mips/lib/libmips.o
 .text.sffunc_erase
                0x0000000083f01b9c      0x104 arch/mips/lib/libmips.o
 .text.sffunc_write
                0x0000000083f01ca0      0x21c arch/mips/lib/libmips.o
 .text.probe_mxic_id
                0x0000000083f01ebc       0x54 arch/mips/lib/libmips.o
                0x0000000083f01ebc                probe_mxic_id
 .text.flash_init
                0x0000000083f01f10      0x8f8 arch/mips/lib/libmips.o
                0x0000000083f01f10                flash_init
 .text.do_go_exec
                0x0000000083f02808       0x14 common/libcommon.o
                0x0000000083f02808                do_go_exec
 .text.do_go    0x0000000083f0281c       0xa0 common/libcommon.o
                0x0000000083f0281c                do_go
 .text.image_info
                0x0000000083f028bc       0xec common/libcommon.o
 .text._do_bootm_addr
                0x0000000083f029a8       0xe8 common/libcommon.o
 .text.do_bootm_rtems
                0x0000000083f02a90       0x60 common/libcommon.o
 .text.do_bootm_netbsd
                0x0000000083f02af0      0x194 common/libcommon.o
 .text.do_iminfo
                0x0000000083f02c84       0xb0 common/libcommon.o
                0x0000000083f02c84                do_iminfo
 .text._do_boota_img_check
                0x0000000083f02d34       0x5c common/libcommon.o
 .text.dual_image_sel
                0x0000000083f02d90      0x334 common/libcommon.o
 .text.bootm_load_os.isra.14
                0x0000000083f030c4      0x21c common/libcommon.o
 .text.do_boota
                0x0000000083f032e0       0x78 common/libcommon.o
                0x0000000083f032e0                do_boota
 .text.bootm_start.isra.11
                0x0000000083f03358      0x3a8 common/libcommon.o
 .text.__arch_preboot_os
                0x0000000083f03700        0x8 common/libcommon.o
                0x0000000083f03700                arch_preboot_os
                0x0000000083f03700                __arch_preboot_os
 .text.do_bootm_subcommand
                0x0000000083f03708      0x1f8 common/libcommon.o
                0x0000000083f03708                do_bootm_subcommand
 .text.do_bootm
                0x0000000083f03900      0x2e8 common/libcommon.o
                0x0000000083f03900                do_bootm
 .text.bootm_maybe_autostart
                0x0000000083f03be8       0x8c common/libcommon.o
                0x0000000083f03be8                bootm_maybe_autostart
 .text.do_flinfo
                0x0000000083f03c74        0x8 common/libcommon.o
                0x0000000083f03c74                do_flinfo
 .text.do_flerase
                0x0000000083f03c7c        0x8 common/libcommon.o
                0x0000000083f03c7c                do_flerase
 .text.do_protect
                0x0000000083f03c84       0x1c common/libcommon.o
                0x0000000083f03c84                do_protect
 .text.do_help  0x0000000083f03ca0       0x54 common/libcommon.o
                0x0000000083f03ca0                do_help
 .text.bin_data_init
                0x0000000083f03cf4       0x1c common/libcommon.o
 .text.getcxmodem
                0x0000000083f03d10       0x2c common/libcommon.o
 .text.load_serial_ymodem
                0x0000000083f03d3c      0x100 common/libcommon.o
 .text.bin_data_char
                0x0000000083f03e3c       0x2c common/libcommon.o
 .text.load_serial
                0x0000000083f03e68      0x240 common/libcommon.o
 .text.do_load_serial
                0x0000000083f040a8      0x104 common/libcommon.o
                0x0000000083f040a8                do_load_serial
 .text.send_pad
                0x0000000083f041ac       0x48 common/libcommon.o
                0x0000000083f041ac                send_pad
 .text.ktrans   0x0000000083f041f4       0x34 common/libcommon.o
                0x0000000083f041f4                ktrans
 .text.chk1     0x0000000083f04228       0x28 common/libcommon.o
                0x0000000083f04228                chk1
 .text.s1_sendpacket
                0x0000000083f04250       0x3c common/libcommon.o
                0x0000000083f04250                s1_sendpacket
 .text.send_ack
                0x0000000083f0428c       0x70 common/libcommon.o
                0x0000000083f0428c                send_ack
 .text.send_nack
                0x0000000083f042fc       0x70 common/libcommon.o
                0x0000000083f042fc                send_nack
 .text.k_data_init
                0x0000000083f0436c       0x18 common/libcommon.o
                0x0000000083f0436c                k_data_init
 .text.k_data_save
                0x0000000083f04384       0x34 common/libcommon.o
                0x0000000083f04384                k_data_save
 .text.k_data_restore
                0x0000000083f043b8       0x34 common/libcommon.o
                0x0000000083f043b8                k_data_restore
 .text.k_data_char
                0x0000000083f043ec       0x84 common/libcommon.o
                0x0000000083f043ec                k_data_char
 .text.handle_send_packet
                0x0000000083f04470      0x23c common/libcommon.o
                0x0000000083f04470                handle_send_packet
 .text.do_load_serial_bin
                0x0000000083f046ac      0x55c common/libcommon.o
                0x0000000083f046ac                do_load_serial_bin
 .text.do_mem_loop
                0x0000000083f04c08      0x12c common/libcommon.o
                0x0000000083f04c08                do_mem_loop
 .text.do_mem_md
                0x0000000083f04d34      0x150 common/libcommon.o
                0x0000000083f04d34                do_mem_md
 .text.do_mem_base
                0x0000000083f04e84       0x50 common/libcommon.o
                0x0000000083f04e84                do_mem_base
 .text.do_mem_mtest
                0x0000000083f04ed4      0x200 common/libcommon.o
                0x0000000083f04ed4                do_mem_mtest
 .text.do_mem_mw
                0x0000000083f050d4      0x114 common/libcommon.o
                0x0000000083f050d4                do_mem_mw
 .text.do_mem_cmp
                0x0000000083f051e8      0x1c4 common/libcommon.o
                0x0000000083f051e8                do_mem_cmp
 .text.mod_mem.part.2
                0x0000000083f053ac      0x1c4 common/libcommon.o
 .text.do_mem_mm
                0x0000000083f05570       0x20 common/libcommon.o
                0x0000000083f05570                do_mem_mm
 .text.do_mem_cp
                0x0000000083f05590      0x11c common/libcommon.o
                0x0000000083f05590                do_mem_cp
 .text.do_mem_crc
                0x0000000083f056ac       0xf4 common/libcommon.o
                0x0000000083f056ac                do_mem_crc
 .text.do_mem_nm
                0x0000000083f057a0       0x20 common/libcommon.o
                0x0000000083f057a0                do_mem_nm
 .text.netboot_common
                0x0000000083f057c0      0x2cc common/libcommon.o
 .text.do_bootp
                0x0000000083f05a8c       0x10 common/libcommon.o
                0x0000000083f05a8c                do_bootp
 .text.do_tftpb
                0x0000000083f05a9c       0x10 common/libcommon.o
                0x0000000083f05a9c                do_tftpb
 .text.do_ping  0x0000000083f05aac       0xa4 common/libcommon.o
                0x0000000083f05aac                do_ping
 .text.do_env_delete
                0x0000000083f05b50       0x24 common/libcommon.o
 .text.env_print
                0x0000000083f05b74       0xa4 common/libcommon.o
 .text.do_env_save
                0x0000000083f05c18       0x34 common/libcommon.o
                0x0000000083f05c18                do_env_save
 .text.do_env   0x0000000083f05c4c       0x9c common/libcommon.o
 .text.do_env_import
                0x0000000083f05ce8      0x284 common/libcommon.o
 .text.do_env_default
                0x0000000083f05f6c       0x64 common/libcommon.o
 .text.do_env_print
                0x0000000083f05fd0       0xc4 common/libcommon.o
                0x0000000083f05fd0                do_env_print
 .text.get_env_id
                0x0000000083f06094        0xc common/libcommon.o
                0x0000000083f06094                get_env_id
 .text._do_env_set
                0x0000000083f060a0      0x400 common/libcommon.o
                0x0000000083f060a0                _do_env_set
 .text.do_env_set
                0x0000000083f064a0       0x28 common/libcommon.o
                0x0000000083f064a0                do_env_set
 .text.setenv   0x0000000083f064c8       0x4c common/libcommon.o
                0x0000000083f064c8                setenv
 .text.do_env_export
                0x0000000083f06514      0x2e8 common/libcommon.o
 .text.setenv_ulong
                0x0000000083f067fc       0x30 common/libcommon.o
                0x0000000083f067fc                setenv_ulong
 .text.envmatch
                0x0000000083f0682c       0x98 common/libcommon.o
                0x0000000083f0682c                envmatch
 .text.getenv_f
                0x0000000083f068c4      0x104 common/libcommon.o
                0x0000000083f068c4                getenv_f
 .text.getenv   0x0000000083f069c8       0x74 common/libcommon.o
                0x0000000083f069c8                getenv
 .text.getenv_ulong
                0x0000000083f06a3c       0x58 common/libcommon.o
                0x0000000083f06a3c                getenv_ulong
 .text.do_spi_flash
                0x0000000083f06a94      0x5ac common/libcommon.o
 .text.do_version
                0x0000000083f07040       0x44 common/libcommon.o
                0x0000000083f07040                do_version
 .text.find_cmd_tbl
                0x0000000083f07084       0xdc common/libcommon.o
                0x0000000083f07084                find_cmd_tbl
 .text.find_cmd
                0x0000000083f07160       0x2c common/libcommon.o
                0x0000000083f07160                find_cmd
 .text.cmd_usage
                0x0000000083f0718c       0x78 common/libcommon.o
                0x0000000083f0718c                cmd_usage
 .text._do_help
                0x0000000083f07204      0x1e0 common/libcommon.o
                0x0000000083f07204                _do_help
 .text.var_complete
                0x0000000083f073e4       0x7c common/libcommon.o
                0x0000000083f073e4                var_complete
 .text.cmd_auto_complete
                0x0000000083f07460      0x534 common/libcommon.o
                0x0000000083f07460                cmd_auto_complete
 .text.cmd_get_data_size
                0x0000000083f07994       0x7c common/libcommon.o
                0x0000000083f07994                cmd_get_data_size
 .text.console_setfile
                0x0000000083f07a10       0xd0 common/libcommon.o
 .text.fputs    0x0000000083f07ae0       0x38 common/libcommon.o
                0x0000000083f07ae0                fputs
 .text.fprintf  0x0000000083f07b18       0x4c common/libcommon.o
                0x0000000083f07b18                fprintf
 .text.getc     0x0000000083f07b64       0x40 common/libcommon.o
                0x0000000083f07b64                getc
 .text.tstc     0x0000000083f07ba4       0x40 common/libcommon.o
                0x0000000083f07ba4                tstc
 .text.putc     0x0000000083f07be4       0x54 common/libcommon.o
                0x0000000083f07be4                putc
 .text.puts     0x0000000083f07c38       0x6c common/libcommon.o
                0x0000000083f07c38                puts
 .text.printf   0x0000000083f07ca4       0x44 common/libcommon.o
                0x0000000083f07ca4                printf
 .text.vprintf  0x0000000083f07ce8       0x38 common/libcommon.o
                0x0000000083f07ce8                vprintf
 .text.ctrlc    0x0000000083f07d20       0x6c common/libcommon.o
                0x0000000083f07d20                ctrlc
 .text.had_ctrlc
                0x0000000083f07d8c        0xc common/libcommon.o
                0x0000000083f07d8c                had_ctrlc
 .text.clear_ctrlc
                0x0000000083f07d98        0xc common/libcommon.o
                0x0000000083f07d98                clear_ctrlc
 .text.search_device
                0x0000000083f07da4       0x3c common/libcommon.o
                0x0000000083f07da4                search_device
 .text.console_assign
                0x0000000083f07de0       0x68 common/libcommon.o
                0x0000000083f07de0                console_assign
 .text.console_init_f
                0x0000000083f07e48       0x78 common/libcommon.o
                0x0000000083f07e48                console_init_f
 .text.console_init_r
                0x0000000083f07ec0      0x118 common/libcommon.o
                0x0000000083f07ec0                console_init_r
 .text.sbrk     0x0000000083f07fd8       0x84 common/libcommon.o
                0x0000000083f07fd8                sbrk
 .text.mem_malloc_init
                0x0000000083f0805c       0x2c common/libcommon.o
                0x0000000083f0805c                mem_malloc_init
 .text.malloc_trim
                0x0000000083f08088       0xf0 common/libcommon.o
                0x0000000083f08088                malloc_trim
 .text.free     0x0000000083f08178      0x24c common/libcommon.o
                0x0000000083f08178                free
 .text.malloc   0x0000000083f083c4      0x678 common/libcommon.o
                0x0000000083f083c4                malloc
 .text.calloc   0x0000000083f08a3c       0xf8 common/libcommon.o
                0x0000000083f08a3c                calloc
 .text.env_get_addr
                0x0000000083f08b34       0x28 common/libcommon.o
                0x0000000083f08b34                env_get_addr
 .text.env_get_char_memory
                0x0000000083f08b5c       0x20 common/libcommon.o
                0x0000000083f08b5c                env_get_char_memory
 .text.env_get_char
                0x0000000083f08b7c       0x3c common/libcommon.o
                0x0000000083f08b7c                env_get_char
 .text.set_default_env
                0x0000000083f08bb8       0xd4 common/libcommon.o
                0x0000000083f08bb8                set_default_env
 .text.env_import
                0x0000000083f08c8c       0xe0 common/libcommon.o
                0x0000000083f08c8c                env_import
 .text.env_relocate
                0x0000000083f08d6c       0x38 common/libcommon.o
                0x0000000083f08d6c                env_relocate
 .text.env_complete
                0x0000000083f08da4      0x138 common/libcommon.o
                0x0000000083f08da4                env_complete
 .text.env_get_char_spec
                0x0000000083f08edc       0x10 common/libcommon.o
                0x0000000083f08edc                env_get_char_spec
 .text.saveenv  0x0000000083f08eec      0x188 common/libcommon.o
                0x0000000083f08eec                saveenv
 .text.env_relocate_spec
                0x0000000083f09074       0xcc common/libcommon.o
                0x0000000083f09074                env_relocate_spec
 .text.env_init
                0x0000000083f09140       0x1c common/libcommon.o
                0x0000000083f09140                env_init
 .text.dummy    0x0000000083f0915c        0x8 common/libcommon.o
 .text.get_version
                0x0000000083f09164        0x8 common/libcommon.o
                0x0000000083f09164                get_version
 .text.jumptable_init
                0x0000000083f0916c      0x1a4 common/libcommon.o
                0x0000000083f0916c                jumptable_init
 .text.image_check_hcrc
                0x0000000083f09310       0x50 common/libcommon.o
                0x0000000083f09310                image_check_hcrc
 .text.image_check_dcrc
                0x0000000083f09360       0x40 common/libcommon.o
                0x0000000083f09360                image_check_dcrc
 .text.image_multi_count
                0x0000000083f093a0       0x28 common/libcommon.o
                0x0000000083f093a0                image_multi_count
 .text.image_multi_getimg
                0x0000000083f093c8       0xb4 common/libcommon.o
                0x0000000083f093c8                image_multi_getimg
 .text.getenv_yesno
                0x0000000083f0947c       0x30 common/libcommon.o
                0x0000000083f0947c                getenv_yesno
 .text.memmove_wd
                0x0000000083f094ac       0x18 common/libcommon.o
                0x0000000083f094ac                memmove_wd
 .text.genimg_print_size
                0x0000000083f094c4       0x40 common/libcommon.o
                0x0000000083f094c4                genimg_print_size
 .text.get_table_entry_name
                0x0000000083f09504       0x24 common/libcommon.o
                0x0000000083f09504                get_table_entry_name
 .text.genimg_get_os_name
                0x0000000083f09528       0x1c common/libcommon.o
                0x0000000083f09528                genimg_get_os_name
 .text.genimg_get_arch_name
                0x0000000083f09544       0x1c common/libcommon.o
                0x0000000083f09544                genimg_get_arch_name
 .text.genimg_get_type_name
                0x0000000083f09560       0x1c common/libcommon.o
                0x0000000083f09560                genimg_get_type_name
 .text.genimg_get_comp_name
                0x0000000083f0957c       0x1c common/libcommon.o
                0x0000000083f0957c                genimg_get_comp_name
 .text.image_print_contents
                0x0000000083f09598      0x1f4 common/libcommon.o
                0x0000000083f09598                image_print_contents
 .text.genimg_get_format
                0x0000000083f0978c       0x14 common/libcommon.o
                0x0000000083f0978c                genimg_get_format
 .text.genimg_get_image
                0x0000000083f097a0        0x8 common/libcommon.o
                0x0000000083f097a0                genimg_get_image
 .text.boot_get_ramdisk
                0x0000000083f097a8      0x240 common/libcommon.o
                0x0000000083f097a8                boot_get_ramdisk
 .text.delete_char.part.0
                0x0000000083f099e8      0x124 common/libcommon.o
 .text.cread_add_char
                0x0000000083f09b0c      0x130 common/libcommon.o
 .text.__show_boot_progress
                0x0000000083f09c3c        0x8 common/libcommon.o
                0x0000000083f09c3c                __show_boot_progress
                0x0000000083f09c3c                show_boot_progress
 .text.board_prompt
                0x0000000083f09c44        0xc common/libcommon.o
                0x0000000083f09c44                board_prompt
 .text.readline_into_buffer
                0x0000000083f09c50      0xa2c common/libcommon.o
                0x0000000083f09c50                readline_into_buffer
 .text.readline
                0x0000000083f0a67c       0x14 common/libcommon.o
                0x0000000083f0a67c                readline
 .text.parse_line
                0x0000000083f0a690       0xb4 common/libcommon.o
                0x0000000083f0a690                parse_line
 .text.run_command
                0x0000000083f0a744      0x3d4 common/libcommon.o
                0x0000000083f0a744                run_command
 .text.main_loop
                0x0000000083f0ab18      0x1dc common/libcommon.o
                0x0000000083f0ab18                main_loop
 .text.do_run   0x0000000083f0acf4       0xc4 common/libcommon.o
                0x0000000083f0acf4                do_run
 .text.hex1_bin
                0x0000000083f0adb8       0x44 common/libcommon.o
 .text.hex2_bin
                0x0000000083f0adfc       0x54 common/libcommon.o
 .text.srec_decode
                0x0000000083f0ae50      0x268 common/libcommon.o
                0x0000000083f0ae50                srec_decode
 .text.stdio_get_list
                0x0000000083f0b0b8        0xc common/libcommon.o
                0x0000000083f0b0b8                stdio_get_list
 .text.stdio_get_by_name
                0x0000000083f0b0c4       0x74 common/libcommon.o
                0x0000000083f0b0c4                stdio_get_by_name
 .text.stdio_clone
                0x0000000083f0b138       0x6c common/libcommon.o
                0x0000000083f0b138                stdio_clone
 .text.stdio_register
                0x0000000083f0b1a4       0x54 common/libcommon.o
                0x0000000083f0b1a4                stdio_register
 .text.stdio_init
                0x0000000083f0b1f8       0x94 common/libcommon.o
                0x0000000083f0b1f8                stdio_init
 .text.CYGACC_COMM_IF_GETC_TIMEOUT
                0x0000000083f0b28c       0x78 common/libcommon.o
                0x0000000083f0b28c                CYGACC_COMM_IF_GETC_TIMEOUT
 .text.xyzModem_flush
                0x0000000083f0b304       0x38 common/libcommon.o
 .text.xyzModem_get_hdr
                0x0000000083f0b33c      0x2c4 common/libcommon.o
 .text.parse_num
                0x0000000083f0b600      0x12c common/libcommon.o
                0x0000000083f0b600                parse_num
 .text.xyzModem_stream_open
                0x0000000083f0b72c      0x1a8 common/libcommon.o
                0x0000000083f0b72c                xyzModem_stream_open
 .text.xyzModem_stream_read
                0x0000000083f0b8d4      0x2c0 common/libcommon.o
                0x0000000083f0b8d4                xyzModem_stream_read
 .text.xyzModem_stream_close
                0x0000000083f0bb94       0x5c common/libcommon.o
                0x0000000083f0bb94                xyzModem_stream_close
 .text.xyzModem_stream_terminate
                0x0000000083f0bbf0       0xb8 common/libcommon.o
                0x0000000083f0bbf0                xyzModem_stream_terminate
 .text.xyzModem_error
                0x0000000083f0bca8       0x30 common/libcommon.o
                0x0000000083f0bca8                xyzModem_error
 .text.GregorianDay
                0x0000000083f0bcd8      0x110 drivers/rtc/librtc.o
                0x0000000083f0bcd8                GregorianDay
 .text.to_tm    0x0000000083f0bde8       0xe0 drivers/rtc/librtc.o
                0x0000000083f0bde8                to_tm
 .text.cyg_crc16
                0x0000000083f0bec8       0x50 lib/libgeneric.o
                0x0000000083f0bec8                cyg_crc16
 .text.crc32_no_comp
                0x0000000083f0bf18      0x138 lib/libgeneric.o
                0x0000000083f0bf18                crc32_no_comp
 .text.crc32    0x0000000083f0c050       0x20 lib/libgeneric.o
                0x0000000083f0c050                crc32
 .text.crc32_wd
                0x0000000083f0c070        0x8 lib/libgeneric.o
                0x0000000083f0c070                crc32_wd
 .text.print_size
                0x0000000083f0c078        0x8 lib/libgeneric.o
                0x0000000083f0c078                print_size
 .text.print_buffer
                0x0000000083f0c080      0x204 lib/libgeneric.o
                0x0000000083f0c080                print_buffer
 .text.zalloc   0x0000000083f0c284       0x18 lib/libgeneric.o
                0x0000000083f0c284                zalloc
 .text.zfree    0x0000000083f0c29c        0xc lib/libgeneric.o
                0x0000000083f0c29c                zfree
 .text.zunzip   0x0000000083f0c2a8      0x140 lib/libgeneric.o
                0x0000000083f0c2a8                zunzip
 .text.gunzip   0x0000000083f0c3e8       0xc4 lib/libgeneric.o
                0x0000000083f0c3e8                gunzip
 .text.cmpkey   0x0000000083f0c4ac       0x18 lib/libgeneric.o
 .text.hcreate_r
                0x0000000083f0c4c4       0xac lib/libgeneric.o
                0x0000000083f0c4c4                hcreate_r
 .text.hdestroy_r
                0x0000000083f0c570       0x9c lib/libgeneric.o
                0x0000000083f0c570                hdestroy_r
 .text.hmatch_r
                0x0000000083f0c60c       0xd4 lib/libgeneric.o
                0x0000000083f0c60c                hmatch_r
 .text.hsearch_r
                0x0000000083f0c6e0      0x290 lib/libgeneric.o
                0x0000000083f0c6e0                hsearch_r
 .text.hdelete_r
                0x0000000083f0c970       0x9c lib/libgeneric.o
                0x0000000083f0c970                hdelete_r
 .text.hexport_r
                0x0000000083f0ca0c      0x2d0 lib/libgeneric.o
                0x0000000083f0ca0c                hexport_r
 .text.himport_r
                0x0000000083f0ccdc      0x290 lib/libgeneric.o
                0x0000000083f0ccdc                himport_r
 .text.string_to_ip
                0x0000000083f0cf6c       0x94 lib/libgeneric.o
                0x0000000083f0cf6c                string_to_ip
 .text.qsort    0x0000000083f0d000      0x158 lib/libgeneric.o
                0x0000000083f0d000                qsort
 .text.strcmp_compar
                0x0000000083f0d158       0x10 lib/libgeneric.o
                0x0000000083f0d158                strcmp_compar
 .text.__div64_32
                0x0000000083f0d168      0x114 lib/libgeneric.o
                0x0000000083f0d168                __div64_32
 .text.strcpy   0x0000000083f0d27c       0x24 lib/libgeneric.o
                0x0000000083f0d27c                strcpy
 .text.strncpy  0x0000000083f0d2a0       0x2c lib/libgeneric.o
                0x0000000083f0d2a0                strncpy
 .text.strcmp   0x0000000083f0d2cc       0x2c lib/libgeneric.o
                0x0000000083f0d2cc                strcmp
 .text.strncmp  0x0000000083f0d2f8       0x3c lib/libgeneric.o
                0x0000000083f0d2f8                strncmp
 .text.strchr   0x0000000083f0d334       0x30 lib/libgeneric.o
                0x0000000083f0d334                strchr
 .text.strlen   0x0000000083f0d364       0x20 lib/libgeneric.o
                0x0000000083f0d364                strlen
 .text.strnlen  0x0000000083f0d384       0x28 lib/libgeneric.o
                0x0000000083f0d384                strnlen
 .text.strdup   0x0000000083f0d3ac       0x5c lib/libgeneric.o
                0x0000000083f0d3ac                strdup
 .text.memset   0x0000000083f0d408       0x7c lib/libgeneric.o
                0x0000000083f0d408                memset
 .text.memcpy   0x0000000083f0d484       0x7c lib/libgeneric.o
                0x0000000083f0d484                memcpy
 .text.memmove  0x0000000083f0d500       0x74 lib/libgeneric.o
                0x0000000083f0d500                memmove
 .text.memcmp   0x0000000083f0d574       0x30 lib/libgeneric.o
                0x0000000083f0d574                memcmp
 .text.memchr   0x0000000083f0d5a4       0x34 lib/libgeneric.o
                0x0000000083f0d5a4                memchr
 .text.udelay   0x0000000083f0d5d8       0x68 lib/libgeneric.o
                0x0000000083f0d5d8                udelay
 .text.mdelay   0x0000000083f0d640       0x34 lib/libgeneric.o
                0x0000000083f0d640                mdelay
 .text.put_dec_trunc
                0x0000000083f0d674      0x100 lib/libgeneric.o
 .text.string   0x0000000083f0d774       0xd8 lib/libgeneric.o
 .text.put_dec  0x0000000083f0d84c      0x158 lib/libgeneric.o
 .text.number   0x0000000083f0d9a4      0x31c lib/libgeneric.o
 .text.simple_strtoul
                0x0000000083f0dcc0       0xdc lib/libgeneric.o
                0x0000000083f0dcc0                simple_strtoul
 .text.strict_strtoul
                0x0000000083f0dd9c       0xa0 lib/libgeneric.o
                0x0000000083f0dd9c                strict_strtoul
 .text.simple_strtol
                0x0000000083f0de3c       0x38 lib/libgeneric.o
                0x0000000083f0de3c                simple_strtol
 .text.vsprintf
                0x0000000083f0de74      0x744 lib/libgeneric.o
                0x0000000083f0de74                vsprintf
 .text.sprintf  0x0000000083f0e5b8       0x28 lib/libgeneric.o
                0x0000000083f0e5b8                sprintf
 .text.simple_itoa
                0x0000000083f0e5e0       0x44 lib/libgeneric.o
                0x0000000083f0e5e0                simple_itoa
 .text.LzmaDec_WriteRem
                0x0000000083f0e624       0xa0 lib/lzma/liblzma.o
 .text.LzmaDec_DecodeReal2
                0x0000000083f0e6c4      0xe90 lib/lzma/liblzma.o
 .text.LzmaDec_TryDummy
                0x0000000083f0f554      0x6fc lib/lzma/liblzma.o
 .text.LzmaDec_Init
                0x0000000083f0fc50       0x24 lib/lzma/liblzma.o
                0x0000000083f0fc50                LzmaDec_Init
 .text.LzmaDec_DecodeToDic
                0x0000000083f0fc74      0x398 lib/lzma/liblzma.o
                0x0000000083f0fc74                LzmaDec_DecodeToDic
 .text.LzmaDec_FreeProbs
                0x0000000083f1000c       0x34 lib/lzma/liblzma.o
                0x0000000083f1000c                LzmaDec_FreeProbs
 .text.LzmaDec_AllocateProbs2
                0x0000000083f10040       0x90 lib/lzma/liblzma.o
 .text.LzmaProps_Decode
                0x0000000083f100d0       0x94 lib/lzma/liblzma.o
                0x0000000083f100d0                LzmaProps_Decode
 .text.LzmaDec_AllocateProbs
                0x0000000083f10164       0x70 lib/lzma/liblzma.o
                0x0000000083f10164                LzmaDec_AllocateProbs
 .text.LzmaDecode
                0x0000000083f101d4      0x118 lib/lzma/liblzma.o
                0x0000000083f101d4                LzmaDecode
 .text.SzFree   0x0000000083f102ec        0xc lib/lzma/liblzma.o
 .text.SzAlloc  0x0000000083f102f8        0xc lib/lzma/liblzma.o
 .text.lzmaBuffToBuffDecompress
                0x0000000083f10304      0x104 lib/lzma/liblzma.o
                0x0000000083f10304                lzmaBuffToBuffDecompress
 .text.zcalloc  0x0000000083f10408        0xc lib/zlib/libz.o
                0x0000000083f10408                zcalloc
 .text.zcfree   0x0000000083f10414        0xc lib/zlib/libz.o
                0x0000000083f10414                zcfree
 .text.inflate_fast
                0x0000000083f10420      0x59c lib/zlib/libz.o
                0x0000000083f10420                inflate_fast
 .text.inflate_table
                0x0000000083f109bc      0x4fc lib/zlib/libz.o
                0x0000000083f109bc                inflate_table
 .text.inflateReset
                0x0000000083f10eb8       0x78 lib/zlib/libz.o
                0x0000000083f10eb8                inflateReset
 .text.inflateInit2_
                0x0000000083f10f30      0x124 lib/zlib/libz.o
                0x0000000083f10f30                inflateInit2_
 .text.inflateEnd
                0x0000000083f11054       0x78 lib/zlib/libz.o
                0x0000000083f11054                inflateEnd
 .text.adler32  0x0000000083f110cc      0x300 lib/zlib/libz.o
                0x0000000083f110cc                adler32
 .text.inflate  0x0000000083f113cc     0x161c lib/zlib/libz.o
                0x0000000083f113cc                inflate
 .text.BootpHandler
                0x0000000083f129e8      0x3c4 net/libnet.o
 .text.BootpRequest
                0x0000000083f12dac      0x244 net/libnet.o
                0x0000000083f12dac                BootpRequest
 .text.BootpTimeout
                0x0000000083f12ff0       0x4c net/libnet.o
 .text.__def_eth_init
                0x0000000083f1303c        0x8 net/libnet.o
                0x0000000083f1303c                cpu_eth_init
                0x0000000083f1303c                board_eth_init
 .text.eth_current_changed
                0x0000000083f13044       0x98 net/libnet.o
 .text.eth_parse_enetaddr
                0x0000000083f130dc       0x88 net/libnet.o
                0x0000000083f130dc                eth_parse_enetaddr
 .text.eth_getenv_enetaddr
                0x0000000083f13164       0x70 net/libnet.o
                0x0000000083f13164                eth_getenv_enetaddr
 .text.eth_getenv_enetaddr_by_index
                0x0000000083f131d4       0x58 net/libnet.o
                0x0000000083f131d4                eth_getenv_enetaddr_by_index
 .text.eth_get_dev
                0x0000000083f1322c        0xc net/libnet.o
                0x0000000083f1322c                eth_get_dev
 .text.eth_get_dev_index
                0x0000000083f13238       0x40 net/libnet.o
                0x0000000083f13238                eth_get_dev_index
 .text.eth_write_hwaddr
                0x0000000083f13278      0x188 net/libnet.o
                0x0000000083f13278                eth_write_hwaddr
 .text.eth_register
                0x0000000083f13400       0x78 net/libnet.o
                0x0000000083f13400                eth_register
 .text.eth_initialize
                0x0000000083f13478      0x1cc net/libnet.o
                0x0000000083f13478                eth_initialize
 .text.eth_halt
                0x0000000083f13644       0x44 net/libnet.o
                0x0000000083f13644                eth_halt
 .text.eth_send
                0x0000000083f13688       0x2c net/libnet.o
                0x0000000083f13688                eth_send
 .text.eth_rx   0x0000000083f136b4       0x24 net/libnet.o
                0x0000000083f136b4                eth_rx
 .text.eth_try_another
                0x0000000083f136d8       0xac net/libnet.o
                0x0000000083f136d8                eth_try_another
 .text.eth_init
                0x0000000083f13784      0x104 net/libnet.o
                0x0000000083f13784                eth_init
 .text.eth_set_current
                0x0000000083f13888       0xd0 net/libnet.o
                0x0000000083f13888                eth_set_current
 .text.eth_get_name
                0x0000000083f13958       0x20 net/libnet.o
                0x0000000083f13958                eth_get_name
 .text.startAgainTimeout
                0x0000000083f13978       0x10 net/libnet.o
 .text.startAgainHandler
                0x0000000083f13988        0x8 net/libnet.o
 .text.PingHandler
                0x0000000083f13990       0x20 net/libnet.o
 .text.NetCopyIP
                0x0000000083f139b0        0xc net/libnet.o
 .text.PingTimeout
                0x0000000083f139bc       0x28 net/libnet.o
 .text.getenv_IPaddr
                0x0000000083f139e4       0x20 net/libnet.o
 .text.net_auto_load
                0x0000000083f13a04       0x4c net/libnet.o
                0x0000000083f13a04                net_auto_load
 .text.NetStartAgain
                0x0000000083f13a50      0x150 net/libnet.o
                0x0000000083f13a50                NetStartAgain
 .text.NetSetHandler
                0x0000000083f13ba0        0xc net/libnet.o
                0x0000000083f13ba0                NetSetHandler
 .text.NetSetTimeout
                0x0000000083f13bac       0x4c net/libnet.o
                0x0000000083f13bac                NetSetTimeout
 .text.NetSendPacket
                0x0000000083f13bf8        0x8 net/libnet.o
                0x0000000083f13bf8                NetSendPacket
 .text.NetCksum
                0x0000000083f13c00       0x38 net/libnet.o
                0x0000000083f13c00                NetCksum
 .text.NetCksumOk
                0x0000000083f13c38       0x28 net/libnet.o
                0x0000000083f13c38                NetCksumOk
 .text.NetEthHdrSize
                0x0000000083f13c60       0x2c net/libnet.o
                0x0000000083f13c60                NetEthHdrSize
 .text.NetSetEther
                0x0000000083f13c8c       0x94 net/libnet.o
                0x0000000083f13c8c                NetSetEther
 .text.ArpRequest
                0x0000000083f13d20      0x12c net/libnet.o
                0x0000000083f13d20                ArpRequest
 .text.ArpTimeoutCheck
                0x0000000083f13e4c       0x98 net/libnet.o
                0x0000000083f13e4c                ArpTimeoutCheck
 .text.PingSend
                0x0000000083f13ee4      0x168 net/libnet.o
                0x0000000083f13ee4                PingSend
 .text.NetReceive
                0x0000000083f1404c      0x4b0 net/libnet.o
                0x0000000083f1404c                NetReceive
 .text.NetSetIP
                0x0000000083f144fc       0xe8 net/libnet.o
                0x0000000083f144fc                NetSetIP
 .text.NetSendUDPPacket
                0x0000000083f145e4      0x194 net/libnet.o
                0x0000000083f145e4                NetSendUDPPacket
 .text.copy_filename
                0x0000000083f14778       0x4c net/libnet.o
                0x0000000083f14778                copy_filename
 .text.ip_to_string
                0x0000000083f147c4       0x40 net/libnet.o
                0x0000000083f147c4                ip_to_string
 .text.string_to_VLAN
                0x0000000083f14804       0x54 net/libnet.o
                0x0000000083f14804                string_to_VLAN
 .text.getenv_VLAN
                0x0000000083f14858       0x20 net/libnet.o
                0x0000000083f14858                getenv_VLAN
 .text.NetLoop  0x0000000083f14878      0x4e4 net/libnet.o
                0x0000000083f14878                NetLoop
 .text.TftpSend
                0x0000000083f14d5c      0x1cc net/libnet.o
 .text.TftpHandler
                0x0000000083f14f28      0x35c net/libnet.o
 .text.TftpTimeout
                0x0000000083f15284       0x8c net/libnet.o
 .text.TftpStart
                0x0000000083f15310      0x324 net/libnet.o
                0x0000000083f15310                TftpStart
 .text.initdram
                0x0000000083f15634       0xcc board/Realtek/rtl838x/librtl838x.o
                0x0000000083f15634                initdram
 .text.checkboard
                0x0000000083f15700       0x7c board/Realtek/rtl838x/librtl838x.o
                0x0000000083f15700                checkboard
 .text.do_dram_test
                0x0000000083f1577c       0x14 board/Realtek/rtl838x/librtl838x.o
                0x0000000083f1577c                do_dram_test
 .text.__random32
                0x0000000083f15790       0x84 board/Realtek/rtl838x/librtl838x.o
 .text.dram_normal_patterns
                0x0000000083f15814      0x198 board/Realtek/rtl838x/librtl838x.o
                0x0000000083f15814                dram_normal_patterns
 .text.dram_walking_of_1
                0x0000000083f159ac      0x194 board/Realtek/rtl838x/librtl838x.o
                0x0000000083f159ac                dram_walking_of_1
 .text.dram_walking_of_0
                0x0000000083f15b40      0x198 board/Realtek/rtl838x/librtl838x.o
                0x0000000083f15b40                dram_walking_of_0
 .text.dram_addr_rot
                0x0000000083f15cd8      0x1e8 board/Realtek/rtl838x/librtl838x.o
                0x0000000083f15cd8                dram_addr_rot
 .text.dram_com_addr_rot
                0x0000000083f15ec0      0x1f4 board/Realtek/rtl838x/librtl838x.o
                0x0000000083f15ec0                dram_com_addr_rot
 .text.dram_half_word_access
                0x0000000083f160b4      0x1a4 board/Realtek/rtl838x/librtl838x.o
                0x0000000083f160b4                dram_half_word_access
 .text.dram_byte_access
                0x0000000083f16258      0x1b4 board/Realtek/rtl838x/librtl838x.o
                0x0000000083f16258                dram_byte_access
 .text.memcpy_test
                0x0000000083f1640c      0x1b0 board/Realtek/rtl838x/librtl838x.o
                0x0000000083f1640c                memcpy_test
 .text.unaligned_test
                0x0000000083f165bc      0x490 board/Realtek/rtl838x/librtl838x.o
                0x0000000083f165bc                unaligned_test
 .text.disable_DRAM_prefech
                0x0000000083f16a4c       0x50 board/Realtek/rtl838x/librtl838x.o
                0x0000000083f16a4c                disable_DRAM_prefech
 .text.enable_DRAM_prefech
                0x0000000083f16a9c       0x6c board/Realtek/rtl838x/librtl838x.o
                0x0000000083f16a9c                enable_DRAM_prefech
 .text.cache_flush_adj_addr
                0x0000000083f16b08      0x154 board/Realtek/rtl838x/librtl838x.o
                0x0000000083f16b08                cache_flush_adj_addr
 .text.cache_flush_adjacent
                0x0000000083f16c5c      0x23c board/Realtek/rtl838x/librtl838x.o
                0x0000000083f16c5c                cache_flush_adjacent
 .text.cache_flush_dispersed
                0x0000000083f16e98      0x3b4 board/Realtek/rtl838x/librtl838x.o
                0x0000000083f16e98                cache_flush_dispersed
 .text.cache_flush_adjacent_toggle_word
                0x0000000083f1724c      0x17c board/Realtek/rtl838x/librtl838x.o
                0x0000000083f1724c                cache_flush_adjacent_toggle_word
 .text.cache_flush_dispersed_toggle_word
                0x0000000083f173c8      0x2f4 board/Realtek/rtl838x/librtl838x.o
                0x0000000083f173c8                cache_flush_dispersed_toggle_word
 .text.cache_flush_adjacent_toggle_line128
                0x0000000083f176bc      0x25c board/Realtek/rtl838x/librtl838x.o
                0x0000000083f176bc                cache_flush_adjacent_toggle_line128
 .text.cache_flush_test
                0x0000000083f17918      0x394 board/Realtek/rtl838x/librtl838x.o
                0x0000000083f17918                cache_flush_test
 .text._dram_test
                0x0000000083f17cac      0x2a0 board/Realtek/rtl838x/librtl838x.o
                0x0000000083f17cac                _dram_test
 .text.dram_test
                0x0000000083f17f4c      0x350 board/Realtek/rtl838x/librtl838x.o
                0x0000000083f17f4c                dram_test
 .text.uboot_sdk_init
                0x0000000083f1829c       0x9c board/Realtek/rtl838x/librtl838x.o
                0x0000000083f1829c                uboot_sdk_init
 .text.misc_init_r
                0x0000000083f18338        0x8 board/Realtek/rtl838x/librtl838x.o
                0x0000000083f18338                misc_init_r
 .text.sys_envmatch
                0x0000000083f18340       0x64 board/Realtek/rtl838x/librtl838x.o
 .text.sysinfo_mem_init
                0x0000000083f183a4       0x48 board/Realtek/rtl838x/librtl838x.o
                0x0000000083f183a4                sysinfo_mem_init
 .text.do_printsys
                0x0000000083f183ec      0x244 board/Realtek/rtl838x/librtl838x.o
                0x0000000083f183ec                do_printsys
 .text._do_setsys
                0x0000000083f18630      0x244 board/Realtek/rtl838x/librtl838x.o
                0x0000000083f18630                _do_setsys
 .text.do_setsys
                0x0000000083f18874       0x44 board/Realtek/rtl838x/librtl838x.o
                0x0000000083f18874                do_setsys
 .text.setsys   0x0000000083f188b8       0x48 board/Realtek/rtl838x/librtl838x.o
                0x0000000083f188b8                setsys
 .text.getsys   0x0000000083f18900       0xa8 board/Realtek/rtl838x/librtl838x.o
                0x0000000083f18900                getsys
 .text.savesys  0x0000000083f189a8       0xfc board/Realtek/rtl838x/librtl838x.o
                0x0000000083f189a8                savesys
 .text.do_savesys
                0x0000000083f18aa4        0x8 board/Realtek/rtl838x/librtl838x.o
                0x0000000083f18aa4                do_savesys
 .text._tftpDownloadFile
                0x0000000083f18aac       0xec board/Realtek/rtl838x/librtl838x.o
 .text._write2flash
                0x0000000083f18b98      0x1d0 board/Realtek/rtl838x/librtl838x.o
 .text.sdk_get_paritition_info
                0x0000000083f18d68      0x1bc board/Realtek/rtl838x/librtl838x.o
                0x0000000083f18d68                sdk_get_paritition_info
 .text.flash_partition_size_ret
                0x0000000083f18f24       0x2c board/Realtek/rtl838x/librtl838x.o
                0x0000000083f18f24                flash_partition_size_ret
 .text._loaderCheck.constprop.3
                0x0000000083f18f50      0x1e8 board/Realtek/rtl838x/librtl838x.o
 .text.flash_partition_addr_ret
                0x0000000083f19138       0x2c board/Realtek/rtl838x/librtl838x.o
                0x0000000083f19138                flash_partition_addr_ret
 .text.upgrade_loader
                0x0000000083f19164       0xe4 board/Realtek/rtl838x/librtl838x.o
                0x0000000083f19164                upgrade_loader
 .text.upgrade_runtime
                0x0000000083f19248      0x1cc board/Realtek/rtl838x/librtl838x.o
                0x0000000083f19248                upgrade_runtime
 .text.upgrade_rom
                0x0000000083f19414      0x28c board/Realtek/rtl838x/librtl838x.o
                0x0000000083f19414                upgrade_rom
 .text.do_upgrade
                0x0000000083f196a0      0x2bc board/Realtek/rtl838x/librtl838x.o
                0x0000000083f196a0                do_upgrade
 .text.do_partshow
                0x0000000083f1995c      0x110 board/Realtek/rtl838x/librtl838x.o
                0x0000000083f1995c                do_partshow
 .text.do_parterase
                0x0000000083f19a6c      0x118 board/Realtek/rtl838x/librtl838x.o
                0x0000000083f19a6c                do_parterase
 .text.do_rtk   0x0000000083f19b84     0x105c board/Realtek/rtl838x/librtl838x.o
                0x0000000083f19b84                do_rtk
 .text.rtk_network_on
                0x0000000083f1abe0      0x1d4 board/Realtek/rtl838x/librtl838x.o
                0x0000000083f1abe0                rtk_network_on
 .text.rtk_network_off
                0x0000000083f1adb4      0x10c board/Realtek/rtl838x/librtl838x.o
                0x0000000083f1adb4                rtk_network_off
 .text.rtk_hwProfileList_show
                0x0000000083f1aec0        0x8 board/Realtek/rtl838x/librtl838x.o
                0x0000000083f1aec0                rtk_hwProfileList_show
 .text.rtk_forcelinkDown10Gserdes
                0x0000000083f1aec8        0x8 board/Realtek/rtl838x/librtl838x.o
                0x0000000083f1aec8                rtk_forcelinkDown10Gserdes
 .text._rtk_comboport_media_set
                0x0000000083f1aed0      0x108 board/Realtek/rtl838x/librtl838x.o
                0x0000000083f1aed0                _rtk_comboport_media_set
 .text.rtk_comboport_fiber
                0x0000000083f1afd8       0x14 board/Realtek/rtl838x/librtl838x.o
                0x0000000083f1afd8                rtk_comboport_fiber
 .text.rtk_comboport_copper
                0x0000000083f1afec       0x14 board/Realtek/rtl838x/librtl838x.o
                0x0000000083f1afec                rtk_comboport_copper
 .text.rtk_saLearning
                0x0000000083f1b000      0x100 board/Realtek/rtl838x/librtl838x.o
                0x0000000083f1b000                rtk_saLearning
 .text.rtk_port_isolation_on
                0x0000000083f1b100      0x20c board/Realtek/rtl838x/librtl838x.o
                0x0000000083f1b100                rtk_port_isolation_on
 .text.rtk_port_isolation_off
                0x0000000083f1b30c      0x174 board/Realtek/rtl838x/librtl838x.o
                0x0000000083f1b30c                rtk_port_isolation_off
 .text.rtk_intGpio_pin_set
                0x0000000083f1b480       0xac board/Realtek/rtl838x/librtl838x.o
                0x0000000083f1b480                rtk_intGpio_pin_set
 .text.rtk_intGpio_pin_get
                0x0000000083f1b52c       0xac board/Realtek/rtl838x/librtl838x.o
                0x0000000083f1b52c                rtk_intGpio_pin_get
 .text.rtk_extGpio_device_init
                0x0000000083f1b5d8       0x98 board/Realtek/rtl838x/librtl838x.o
                0x0000000083f1b5d8                rtk_extGpio_device_init
 .text.rtk_extGpio_pin_set
                0x0000000083f1b670       0x90 board/Realtek/rtl838x/librtl838x.o
                0x0000000083f1b670                rtk_extGpio_pin_set
 .text.rtk_extGpio_pin_get
                0x0000000083f1b700       0x90 board/Realtek/rtl838x/librtl838x.o
                0x0000000083f1b700                rtk_extGpio_pin_get
 .text.rtk_swled_init
                0x0000000083f1b790       0xb0 board/Realtek/rtl838x/librtl838x.o
                0x0000000083f1b790                rtk_swled_init
 .text.rtk_swled_out
                0x0000000083f1b840      0x194 board/Realtek/rtl838x/librtl838x.o
                0x0000000083f1b840                rtk_swled_out
 .text.rtk_swled_uninit
                0x0000000083f1b9d4       0x58 board/Realtek/rtl838x/librtl838x.o
                0x0000000083f1b9d4                rtk_swled_uninit
 .text.rtk_swledtest_on
                0x0000000083f1ba2c      0x280 board/Realtek/rtl838x/librtl838x.o
                0x0000000083f1ba2c                rtk_swledtest_on
 .text.rtk_ledTest_run
                0x0000000083f1bcac      0x454 board/Realtek/rtl838x/librtl838x.o
                0x0000000083f1bcac                rtk_ledTest_run
 .text.rtk_phyreg_get
                0x0000000083f1c100       0xfc board/Realtek/rtl838x/librtl838x.o
                0x0000000083f1c100                rtk_phyreg_get
 .text.rtk_phyreg_set
                0x0000000083f1c1fc      0x11c board/Realtek/rtl838x/librtl838x.o
                0x0000000083f1c1fc                rtk_phyreg_set
 .text.rtk_phymmd_get
                0x0000000083f1c318       0xc0 board/Realtek/rtl838x/librtl838x.o
                0x0000000083f1c318                rtk_phymmd_get
 .text.rtk_phymmd_set
                0x0000000083f1c3d8       0xd0 board/Realtek/rtl838x/librtl838x.o
                0x0000000083f1c3d8                rtk_phymmd_set
 .text.rtk_sdsreg_get
                0x0000000083f1c4a8       0xc0 board/Realtek/rtl838x/librtl838x.o
                0x0000000083f1c4a8                rtk_sdsreg_get
 .text.rtk_sdsreg_set
                0x0000000083f1c568       0xd0 board/Realtek/rtl838x/librtl838x.o
                0x0000000083f1c568                rtk_sdsreg_set
 .text.rtk_phyreg_portmask_set
                0x0000000083f1c638      0x1b8 board/Realtek/rtl838x/librtl838x.o
                0x0000000083f1c638                rtk_phyreg_portmask_set
 .text.rtk_phyreg_dump_top
                0x0000000083f1c7f0       0x64 board/Realtek/rtl838x/librtl838x.o
                0x0000000083f1c7f0                rtk_phyreg_dump_top
 .text.rtk_l2testmode_on
                0x0000000083f1c854       0x80 board/Realtek/rtl838x/librtl838x.o
                0x0000000083f1c854                rtk_l2testmode_on
 .text.rtk_l2testmode_off
                0x0000000083f1c8d4       0x48 board/Realtek/rtl838x/librtl838x.o
                0x0000000083f1c8d4                rtk_l2testmode_off
 .text.rtk_phy_testmode
                0x0000000083f1c91c      0x128 board/Realtek/rtl838x/librtl838x.o
                0x0000000083f1c91c                rtk_phy_testmode
 .text.rtk_i2c_sw_init
                0x0000000083f1ca44      0x2a8 board/Realtek/rtl838x/librtl838x.o
                0x0000000083f1ca44                rtk_i2c_sw_init
 .text.rtk_i2c_hw_init
                0x0000000083f1ccec      0x110 board/Realtek/rtl838x/librtl838x.o
                0x0000000083f1ccec                rtk_i2c_hw_init
 .text.rtk_i2c_read
                0x0000000083f1cdfc       0x60 board/Realtek/rtl838x/librtl838x.o
                0x0000000083f1cdfc                rtk_i2c_read
 .text.rtk_i2c_write
                0x0000000083f1ce5c       0x68 board/Realtek/rtl838x/librtl838x.o
                0x0000000083f1ce5c                rtk_i2c_write
 .text.rtk_boardId_get
                0x0000000083f1cec4       0x34 board/Realtek/rtl838x/librtl838x.o
                0x0000000083f1cec4                rtk_boardId_get
 .text.rtk_boardId_set
                0x0000000083f1cef8       0x54 board/Realtek/rtl838x/librtl838x.o
                0x0000000083f1cef8                rtk_boardId_set
 .text.rtk_boardModel_get
                0x0000000083f1cf4c       0x34 board/Realtek/rtl838x/librtl838x.o
                0x0000000083f1cf4c                rtk_boardModel_get
 .text.rtk_boardModel_set
                0x0000000083f1cf80       0x30 board/Realtek/rtl838x/librtl838x.o
                0x0000000083f1cf80                rtk_boardModel_set
 .text._rtk_10gMedia_set
                0x0000000083f1cfb0       0xa0 board/Realtek/rtl838x/librtl838x.o
                0x0000000083f1cfb0                _rtk_10gMedia_set
 .text.rtk_10gMedia_none_set
                0x0000000083f1d050        0xc board/Realtek/rtl838x/librtl838x.o
                0x0000000083f1d050                rtk_10gMedia_none_set
 .text.rtk_10gMedia_fiber10g_set
                0x0000000083f1d05c        0xc board/Realtek/rtl838x/librtl838x.o
                0x0000000083f1d05c                rtk_10gMedia_fiber10g_set
 .text.rtk_10gMedia_fiber1g_set
                0x0000000083f1d068        0xc board/Realtek/rtl838x/librtl838x.o
                0x0000000083f1d068                rtk_10gMedia_fiber1g_set
 .text.rtk_10gMedia_dac50cm_set
                0x0000000083f1d074        0xc board/Realtek/rtl838x/librtl838x.o
                0x0000000083f1d074                rtk_10gMedia_dac50cm_set
 .text.rtk_10gMedia_dac100cm_set
                0x0000000083f1d080        0xc board/Realtek/rtl838x/librtl838x.o
                0x0000000083f1d080                rtk_10gMedia_dac100cm_set
 .text.rtk_10gMedia_dac300cm_set
                0x0000000083f1d08c        0xc board/Realtek/rtl838x/librtl838x.o
                0x0000000083f1d08c                rtk_10gMedia_dac300cm_set
 .text.rtk_mac_sdsMode_set
                0x0000000083f1d098       0x10 board/Realtek/rtl838x/librtl838x.o
                0x0000000083f1d098                rtk_mac_sdsMode_set
 .text.rtcore_init
                0x0000000083f1d0a8      0x29c board/Realtek/rtl838x/librtl838x.o
                0x0000000083f1d0a8                rtcore_init
 .text._hwp_portCount_add
                0x0000000083f1d344       0x34 board/Realtek/rtl838x/librtl838x.o
 .text._hwp_portMaskAll_default
                0x0000000083f1d378       0xc0 board/Realtek/rtl838x/librtl838x.o
 .text._hwp_parsedInfo_default
                0x0000000083f1d438      0x1f8 board/Realtek/rtl838x/librtl838x.o
                0x0000000083f1d438                _hwp_parsedInfo_default
 .text._hwp_chip_parse
                0x0000000083f1d630      0x440 board/Realtek/rtl838x/librtl838x.o
                0x0000000083f1d630                _hwp_chip_parse
 .text._hwp_port_parse
                0x0000000083f1da70      0x98c board/Realtek/rtl838x/librtl838x.o
                0x0000000083f1da70                _hwp_port_parse
 .text._hwp_serdes_parse
                0x0000000083f1e3fc      0x3b4 board/Realtek/rtl838x/librtl838x.o
                0x0000000083f1e3fc                _hwp_serdes_parse
 .text._hwp_led_parse
                0x0000000083f1e7b0      0x3a8 board/Realtek/rtl838x/librtl838x.o
                0x0000000083f1e7b0                _hwp_led_parse
 .text._hwp_cascade_parse
                0x0000000083f1eb58       0xa4 board/Realtek/rtl838x/librtl838x.o
                0x0000000083f1eb58                _hwp_cascade_parse
 .text._hwp_info_parse
                0x0000000083f1ebfc       0x6c board/Realtek/rtl838x/librtl838x.o
                0x0000000083f1ebfc                _hwp_info_parse
 .text.hwp_parsedInfo_buildup
                0x0000000083f1ec68       0xbc board/Realtek/rtl838x/librtl838x.o
                0x0000000083f1ec68                hwp_parsedInfo_buildup
 .text.hwp_unit_attach
                0x0000000083f1ed24       0xf0 board/Realtek/rtl838x/librtl838x.o
                0x0000000083f1ed24                hwp_unit_attach
 .text.hwp_init_sys
                0x0000000083f1ee14      0x248 board/Realtek/rtl838x/librtl838x.o
                0x0000000083f1ee14                hwp_init_sys
 .text.hwp_init
                0x0000000083f1f05c       0x94 board/Realtek/rtl838x/librtl838x.o
                0x0000000083f1f05c                hwp_init
 .text.hwp_profilePhy_del
                0x0000000083f1f0f0      0x164 board/Realtek/rtl838x/librtl838x.o
                0x0000000083f1f0f0                hwp_profilePhy_del
 .text.hwp_profilePhy_update
                0x0000000083f1f254       0x84 board/Realtek/rtl838x/librtl838x.o
                0x0000000083f1f254                hwp_profilePhy_update
 .text.hwp_portmaskValid_Chk
                0x0000000083f1f2d8       0x58 board/Realtek/rtl838x/librtl838x.o
                0x0000000083f1f2d8                hwp_portmaskValid_Chk
 .text._hwp_portInUplink_check
                0x0000000083f1f330       0x38 board/Realtek/rtl838x/librtl838x.o
                0x0000000083f1f330                _hwp_portInUplink_check
 .text.hwp_forcedProfile_get
                0x0000000083f1f368       0x9c board/Realtek/rtl838x/librtl838x.o
                0x0000000083f1f368                hwp_forcedProfile_get
 .text.hwp_identifier_cmp
                0x0000000083f1f404       0x7c board/Realtek/rtl838x/librtl838x.o
                0x0000000083f1f404                hwp_identifier_cmp
 .text.hwp_chipInfo_update
                0x0000000083f1f480       0xc0 board/Realtek/rtl838x/librtl838x.o
                0x0000000083f1f480                hwp_chipInfo_update
 .text.hwp_defaultProfilePort_update
                0x0000000083f1f540       0x80 board/Realtek/rtl838x/librtl838x.o
                0x0000000083f1f540                hwp_defaultProfilePort_update
 .text.hwp_defaultProfilePort_build
                0x0000000083f1f5c0      0x198 board/Realtek/rtl838x/librtl838x.o
                0x0000000083f1f5c0                hwp_defaultProfilePort_build
 .text.hwp_defaultProfilePhy_build
                0x0000000083f1f758       0x58 board/Realtek/rtl838x/librtl838x.o
                0x0000000083f1f758                hwp_defaultProfilePhy_build
 .text.hwp_defaultProfile_build
                0x0000000083f1f7b0      0x260 board/Realtek/rtl838x/librtl838x.o
                0x0000000083f1f7b0                hwp_defaultProfile_build
 .text.hwp_profileList_show
                0x0000000083f1fa10       0xa8 board/Realtek/rtl838x/librtl838x.o
                0x0000000083f1fa10                hwp_profileList_show
 .text.hwp_probeFailure_handler
                0x0000000083f1fab8       0x2c board/Realtek/rtl838x/librtl838x.o
                0x0000000083f1fab8                hwp_probeFailure_handler
 .text.hwp_profile_find
                0x0000000083f1fae4       0x68 board/Realtek/rtl838x/librtl838x.o
                0x0000000083f1fae4                hwp_profile_find
 .text._hwp_hwpDatabaseDefault_init
                0x0000000083f1fb4c       0x54 board/Realtek/rtl838x/librtl838x.o
                0x0000000083f1fb4c                _hwp_hwpDatabaseDefault_init
 .text.hwp_probe
                0x0000000083f1fba0      0x160 board/Realtek/rtl838x/librtl838x.o
                0x0000000083f1fba0                hwp_probe
 .text.ioal_init_memRegion_get
                0x0000000083f1fd00       0x6c board/Realtek/rtl838x/librtl838x.o
                0x0000000083f1fd00                ioal_init_memRegion_get
 .text.ioal_init
                0x0000000083f1fd6c       0x84 board/Realtek/rtl838x/librtl838x.o
                0x0000000083f1fd6c                ioal_init
 .text.ioal_init_unitID_change
                0x0000000083f1fdf0       0xa4 board/Realtek/rtl838x/librtl838x.o
                0x0000000083f1fdf0                ioal_init_unitID_change
 .text.ioal_param_hwpIdKey_get
                0x0000000083f1fe94      0x120 board/Realtek/rtl838x/librtl838x.o
                0x0000000083f1fe94                ioal_param_hwpIdKey_get
 .text.ioal_param_phyXfmrRj45Impd_get
                0x0000000083f1ffb4       0x10 board/Realtek/rtl838x/librtl838x.o
                0x0000000083f1ffb4                ioal_param_phyXfmrRj45Impd_get
 .text.ioal_mem32_check
                0x0000000083f1ffc4       0x40 board/Realtek/rtl838x/librtl838x.o
                0x0000000083f1ffc4                ioal_mem32_check
 .text.ioal_mem32_read
                0x0000000083f20004      0x164 board/Realtek/rtl838x/librtl838x.o
                0x0000000083f20004                ioal_mem32_read
 .text.ioal_mem32_write
                0x0000000083f20168      0x138 board/Realtek/rtl838x/librtl838x.o
                0x0000000083f20168                ioal_mem32_write
 .text.ioal_mem32_field_read
                0x0000000083f202a0       0x4c board/Realtek/rtl838x/librtl838x.o
                0x0000000083f202a0                ioal_mem32_field_read
 .text.ioal_mem32_field_write
                0x0000000083f202ec       0x80 board/Realtek/rtl838x/librtl838x.o
                0x0000000083f202ec                ioal_mem32_field_write
 .text.ioal_soc_mem32_read
                0x0000000083f2036c       0x4c board/Realtek/rtl838x/librtl838x.o
                0x0000000083f2036c                ioal_soc_mem32_read
 .text.ioal_soc_mem32_write
                0x0000000083f203b8       0x48 board/Realtek/rtl838x/librtl838x.o
                0x0000000083f203b8                ioal_soc_mem32_write
 .text.rt_bsp_phy_reset
                0x0000000083f20400      0x1d4 board/Realtek/rtl838x/librtl838x.o
                0x0000000083f20400                rt_bsp_phy_reset
 .text.ioal_phy_reset
                0x0000000083f205d4        0x8 board/Realtek/rtl838x/librtl838x.o
                0x0000000083f205d4                ioal_phy_reset
 .text.osal_time_usleep
                0x0000000083f205dc        0x8 board/Realtek/rtl838x/librtl838x.o
                0x0000000083f205dc                osal_time_usleep
 .text.osal_time_udelay
                0x0000000083f205e4       0x48 board/Realtek/rtl838x/librtl838x.o
                0x0000000083f205e4                osal_time_udelay
 .text.osal_time_mdelay
                0x0000000083f2062c        0x8 board/Realtek/rtl838x/librtl838x.o
                0x0000000083f2062c                osal_time_mdelay
 .text.osal_time_usecs_get
                0x0000000083f20634       0x38 board/Realtek/rtl838x/librtl838x.o
                0x0000000083f20634                osal_time_usecs_get
 .text.osal_alloc
                0x0000000083f2066c        0x8 board/Realtek/rtl838x/librtl838x.o
                0x0000000083f2066c                osal_alloc
 .text.osal_free
                0x0000000083f20674        0x8 board/Realtek/rtl838x/librtl838x.o
                0x0000000083f20674                osal_free
 .text.osal_sem_mutex_create
                0x0000000083f2067c        0x8 board/Realtek/rtl838x/librtl838x.o
                0x0000000083f2067c                osal_sem_mutex_create
 .text.osal_sem_mutex_take
                0x0000000083f20684        0x8 board/Realtek/rtl838x/librtl838x.o
                0x0000000083f20684                osal_sem_mutex_take
 .text.osal_sem_mutex_give
                0x0000000083f2068c        0x8 board/Realtek/rtl838x/librtl838x.o
                0x0000000083f2068c                osal_sem_mutex_give
 .text.osal_cache_memory_flush
                0x0000000083f20694       0x20 board/Realtek/rtl838x/librtl838x.o
                0x0000000083f20694                osal_cache_memory_flush
 .text.drv_swcore_reg32_read
                0x0000000083f206b4       0x10 board/Realtek/rtl838x/librtl838x.o
                0x0000000083f206b4                drv_swcore_reg32_read
 .text.drv_swcore_reg32_write
                0x0000000083f206c4       0x10 board/Realtek/rtl838x/librtl838x.o
                0x0000000083f206c4                drv_swcore_reg32_write
 .text._drv_swcore_cid8380_get
                0x0000000083f206d4      0x1ac board/Realtek/rtl838x/librtl838x.o
 .text.drv_swcore_earlyInit_end
                0x0000000083f20880        0xc board/Realtek/rtl838x/librtl838x.o
                0x0000000083f20880                drv_swcore_earlyInit_end
 .text.drv_swcore_ioalCB_register
                0x0000000083f2088c       0x14 board/Realtek/rtl838x/librtl838x.o
                0x0000000083f2088c                drv_swcore_ioalCB_register
 .text.drv_swcore_chipFamilyId_get
                0x0000000083f208a0       0x20 board/Realtek/rtl838x/librtl838x.o
                0x0000000083f208a0                drv_swcore_chipFamilyId_get
 .text.drv_swcore_cid_get
                0x0000000083f208c0       0x3c board/Realtek/rtl838x/librtl838x.o
                0x0000000083f208c0                drv_swcore_cid_get
 .text.nic_probe
                0x0000000083f208fc       0xc0 board/Realtek/rtl838x/librtl838x.o
                0x0000000083f208fc                nic_probe
 .text._nic_ringInfo_get
                0x0000000083f209bc       0x34 board/Realtek/rtl838x/librtl838x.o
                0x0000000083f209bc                _nic_ringInfo_get
 .text._nic_cpuPortTxRxEnable_set
                0x0000000083f209f0       0x34 board/Realtek/rtl838x/librtl838x.o
                0x0000000083f209f0                _nic_cpuPortTxRxEnable_set
 .text._nic_intrMask_get
                0x0000000083f20a24       0x34 board/Realtek/rtl838x/librtl838x.o
                0x0000000083f20a24                _nic_intrMask_get
 .text._nic_intrMask_set
                0x0000000083f20a58       0x34 board/Realtek/rtl838x/librtl838x.o
                0x0000000083f20a58                _nic_intrMask_set
 .text._nic_intrSts_get
                0x0000000083f20a8c       0x34 board/Realtek/rtl838x/librtl838x.o
                0x0000000083f20a8c                _nic_intrSts_get
 .text._nic_intrSts_set
                0x0000000083f20ac0       0x34 board/Realtek/rtl838x/librtl838x.o
                0x0000000083f20ac0                _nic_intrSts_set
 .text._nic_swQueRst_get
                0x0000000083f20af4       0x34 board/Realtek/rtl838x/librtl838x.o
                0x0000000083f20af4                _nic_swQueRst_get
 .text._nic_swQueRst_set
                0x0000000083f20b28       0x34 board/Realtek/rtl838x/librtl838x.o
                0x0000000083f20b28                _nic_swQueRst_set
 .text._nic_cpuL2FloodMask_add
                0x0000000083f20b5c       0x34 board/Realtek/rtl838x/librtl838x.o
                0x0000000083f20b5c                _nic_cpuL2FloodMask_add
 .text._nic_cpuForceLinkupEnable_set
                0x0000000083f20b90       0x34 board/Realtek/rtl838x/librtl838x.o