Archive member included because of file (symbol)

libbb/lib.a(appletlib.o)      /opt/toolchain/bin/../lib/gcc/mips-linux-uclibc/4.8.5/../../../../mips-linux-uclibc/lib/crt1.o (main)
libbb/lib.a(default_error_retval.o)
                              libbb/lib.a(appletlib.o) (xfunc_error_retval)
libbb/lib.a(get_last_path_component.o)
                              libbb/lib.a(appletlib.o) (bb_basename)
libbb/lib.a(last_char_is.o)   libbb/lib.a(get_last_path_component.o) (last_char_is)
libbb/lib.a(messages.o)       libbb/lib.a(appletlib.o) (bb_banner)
libbb/lib.a(ptr_to_globals.o)
                              libbb/lib.a(appletlib.o) (bb_errno)
libbb/lib.a(xfunc_die.o)      libbb/lib.a(appletlib.o) (xfunc_die)
libbb/lib.a(xfuncs.o)         libbb/lib.a(appletlib.o) (full_write2_str)
libbb/lib.a(full_write.o)     libbb/lib.a(xfuncs.o) (full_write)
libbb/lib.a(safe_write.o)     libbb/lib.a(full_write.o) (safe_write)
miscutils/lib.a(less.o)       libbb/lib.a(appletlib.o) (less_main)
modutils/lib.a(modinfo.o)     libbb/lib.a(appletlib.o) (modinfo_main)
modutils/lib.a(modprobe-small.o)
                              libbb/lib.a(appletlib.o) (modprobe_main)
modutils/lib.a(modutils.o)    modutils/lib.a(modinfo.o) (filename2modname)
networking/lib.a(arp.o)       libbb/lib.a(appletlib.o) (arp_main)
networking/lib.a(hostname.o)  libbb/lib.a(appletlib.o) (hostname_main)
networking/lib.a(ifconfig.o)  libbb/lib.a(appletlib.o) (ifconfig_main)
networking/lib.a(interface.o)
                              networking/lib.a(arp.o) (get_aftype)
networking/lib.a(netstat.o)   libbb/lib.a(appletlib.o) (netstat_main)
networking/lib.a(ping.o)      libbb/lib.a(appletlib.o) (ping_main)
networking/lib.a(route.o)     networking/lib.a(netstat.o) (bb_displayroutes)
networking/lib.a(telnet.o)    libbb/lib.a(appletlib.o) (telnet_main)
networking/lib.a(tftp.o)      libbb/lib.a(appletlib.o) (tftp_main)
networking/lib.a(traceroute.o)
                              libbb/lib.a(appletlib.o) (traceroute_main)
procps/lib.a(free.o)          libbb/lib.a(appletlib.o) (free_main)
procps/lib.a(kill.o)          libbb/lib.a(appletlib.o) (kill_main)
procps/lib.a(pgrep.o)         libbb/lib.a(appletlib.o) (pgrep_main)
procps/lib.a(ps.o)            libbb/lib.a(appletlib.o) (ps_main)
procps/lib.a(top.o)           libbb/lib.a(appletlib.o) (top_main)
procps/lib.a(uptime.o)        libbb/lib.a(appletlib.o) (uptime_main)
procps/lib.a(watch.o)         libbb/lib.a(appletlib.o) (watch_main)
shell/lib.a(ash.o)            libbb/lib.a(appletlib.o) (ash_main)
shell/lib.a(ash_ptr_hack.o)   shell/lib.a(ash.o) (ash_ptr_to_globals_var)
shell/lib.a(cttyhack.o)       libbb/lib.a(appletlib.o) (cttyhack_main)
shell/lib.a(random.o)         shell/lib.a(ash.o) (next_random)
shell/lib.a(shell_common.o)   shell/lib.a(ash.o) (shell_builtin_read)
sysklogd/lib.a(klogd.o)       libbb/lib.a(appletlib.o) (klogd_main)
sysklogd/lib.a(syslogd_and_logger.o)
                              libbb/lib.a(appletlib.o) (syslogd_main)
sysklogd/lib.a(ratelimit.o)   sysklogd/lib.a(syslogd_and_logger.o) (log_ratelimit_add)
util-linux/lib.a(dmesg.o)     libbb/lib.a(appletlib.o) (dmesg_main)
util-linux/lib.a(fdisk.o)     libbb/lib.a(appletlib.o) (fdisk_main)
util-linux/lib.a(hexdump.o)   libbb/lib.a(appletlib.o) (hexdump_main)
util-linux/lib.a(more.o)      libbb/lib.a(appletlib.o) (more_main)
util-linux/lib.a(mount.o)     libbb/lib.a(appletlib.o) (mount_main)
util-linux/lib.a(umount.o)    libbb/lib.a(appletlib.o) (umount_main)
archival/lib.a(bbunzip.o)     libbb/lib.a(appletlib.o) (bunzip2_main)
archival/lib.a(bzip2.o)       libbb/lib.a(appletlib.o) (bzip2_main)
archival/lib.a(tar.o)         libbb/lib.a(appletlib.o) (tar_main)
archival/libarchive/lib.a(data_extract_all.o)
                              archival/lib.a(tar.o) (data_extract_all)
archival/libarchive/lib.a(data_extract_to_stdout.o)
                              archival/lib.a(tar.o) (data_extract_to_stdout)
archival/libarchive/lib.a(data_skip.o)
                              archival/libarchive/lib.a(data_extract_all.o) (data_skip)
archival/libarchive/lib.a(decompress_bunzip2.o)
                              archival/lib.a(bbunzip.o) (unpack_bz2_stream)
archival/libarchive/lib.a(filter_accept_reject_list.o)
                              archival/lib.a(tar.o) (filter_accept_reject_list)
archival/libarchive/lib.a(find_list_entry.o)
                              archival/lib.a(tar.o) (find_list_entry)
archival/libarchive/lib.a(get_header_tar.o)
                              archival/lib.a(tar.o) (strip_unsafe_prefix)
archival/libarchive/lib.a(header_list.o)
                              archival/lib.a(tar.o) (header_list)
archival/libarchive/lib.a(header_verbose_list.o)
                              archival/lib.a(tar.o) (header_verbose_list)
archival/libarchive/lib.a(init_handle.o)
                              archival/lib.a(tar.o) (init_handle)
archival/libarchive/lib.a(open_transformer.o)
[...]
Memory Configuration

Name             Origin             Length             Attributes
*default*        0x0000000000000000 0xffffffffffffffff

Linker script and memory map

LOAD /opt/toolchain/bin/../lib/gcc/mips-linux-uclibc/4.8.5/../../../../mips-linux-uclibc/lib/crt1.o
LOAD /opt/toolchain/bin/../lib/gcc/mips-linux-uclibc/4.8.5/../../../../mips-linux-uclibc/lib/crti.o
LOAD /opt/toolchain/bin/../lib/gcc/mips-linux-uclibc/4.8.5/soft-float/crtbegin.o
START GROUP
LOAD applets/built-in.o
LOAD archival/lib.a
LOAD archival/libarchive/lib.a
LOAD console-tools/lib.a
LOAD coreutils/lib.a
LOAD coreutils/libcoreutils/lib.a
LOAD debianutils/lib.a
LOAD e2fsprogs/lib.a
LOAD editors/lib.a
LOAD findutils/lib.a
LOAD init/lib.a
LOAD libbb/lib.a
LOAD libpwdgrp/lib.a
LOAD loginutils/lib.a
LOAD mailutils/lib.a
LOAD miscutils/lib.a
LOAD modutils/lib.a
LOAD networking/lib.a
LOAD networking/libiproute/lib.a
LOAD networking/udhcp/lib.a
LOAD printutils/lib.a
LOAD procps/lib.a
LOAD runit/lib.a
LOAD selinux/lib.a
LOAD shell/lib.a
LOAD sysklogd/lib.a
LOAD util-linux/lib.a
LOAD util-linux/volume_id/lib.a
LOAD archival/built-in.o
LOAD archival/libarchive/built-in.o
LOAD console-tools/built-in.o
LOAD coreutils/built-in.o
LOAD coreutils/libcoreutils/built-in.o
LOAD debianutils/built-in.o
LOAD e2fsprogs/built-in.o
LOAD editors/built-in.o
LOAD findutils/built-in.o
LOAD init/built-in.o
LOAD libbb/built-in.o
LOAD libpwdgrp/built-in.o
LOAD loginutils/built-in.o
LOAD mailutils/built-in.o
LOAD miscutils/built-in.o
LOAD modutils/built-in.o
LOAD networking/built-in.o
LOAD networking/libiproute/built-in.o
LOAD networking/udhcp/built-in.o
LOAD printutils/built-in.o
LOAD procps/built-in.o
LOAD runit/built-in.o
LOAD selinux/built-in.o
LOAD shell/built-in.o
LOAD sysklogd/built-in.o
LOAD util-linux/built-in.o
LOAD util-linux/volume_id/built-in.o
END GROUP
LOAD /opt/toolchain/bin/../lib/gcc/mips-linux-uclibc/4.8.5/soft-float/libgcc.a
LOAD /opt/toolchain/bin/../lib/gcc/mips-linux-uclibc/4.8.5/soft-float/libgcc_eh.a
LOAD /opt/toolchain/bin/../lib/gcc/mips-linux-uclibc/4.8.5/../../../../mips-linux-uclibc/lib/libc.so
START GROUP
LOAD /opt/toolchain/bin/../lib/gcc/mips-linux-uclibc/4.8.5/../../../../mips-linux-uclibc/lib/libc.so.0
LOAD /opt/toolchain/bin/../lib/gcc/mips-linux-uclibc/4.8.5/../../../../mips-linux-uclibc/lib/uclibc_nonshared.a
LOAD /opt/toolchain/bin/../lib/gcc/mips-linux-uclibc/4.8.5/../../../../mips-linux-uclibc/lib/ld-uClibc.so.0
END GROUP
START GROUP
LOAD /opt/toolchain/bin/../lib/gcc/mips-linux-uclibc/4.8.5/../../../../mips-linux-uclibc/lib/libubacktrace.so.0
END GROUP
LOAD /opt/toolchain/bin/../lib/gcc/mips-linux-uclibc/4.8.5/soft-float/libgcc.a
LOAD /opt/toolchain/bin/../lib/gcc/mips-linux-uclibc/4.8.5/soft-float/libgcc_eh.a
LOAD /opt/toolchain/bin/../lib/gcc/mips-linux-uclibc/4.8.5/soft-float/crtend.o
LOAD /opt/toolchain/bin/../lib/gcc/mips-linux-uclibc/4.8.5/../../../../mips-linux-uclibc/lib/crtn.o
                0x0000000000400000                PROVIDE (__executable_start, 0x400000)
                0x0000000000400154                . = (0x400000 + SIZEOF_HEADERS)

.interp         0x0000000000400154       0x14
 *(SORT(.interp))
 .interp        0x0000000000400154       0x14 /opt/toolchain/bin/../lib/gcc/mips-linux-uclibc/4.8.5/../../../../mips-linux-uclibc/lib/crt1.o

.reginfo
 *(SORT(.reginfo))

.note.gnu.build-id
                0x0000000000400168       0x24
 *(SORT(.note.gnu.build-id))
 .note.gnu.build-id
                0x0000000000400168       0x24 /opt/toolchain/bin/../lib/gcc/mips-linux-uclibc/4.8.5/../../../../mips-linux-uclibc/lib/crt1.o

.dynamic        0x000000000040018c       0xc0
 *(SORT(.dynamic))
 .dynamic       0x000000000040018c       0xc0 /opt/toolchain/bin/../lib/gcc/mips-linux-uclibc/4.8.5/../../../../mips-linux-uclibc/lib/crt1.o
                0x000000000040018c                _DYNAMIC

.hash           0x000000000040024c     0x1098
 *(SORT(.hash))
 .hash          0x000000000040024c     0x1098 /opt/toolchain/bin/../lib/gcc/mips-linux-uclibc/4.8.5/../../../../mips-linux-uclibc/lib/crt1.o

.gnu.hash
 *(SORT(.gnu.hash))

.dynsym         0x00000000004012e4     0x21b0
 *(SORT(.dynsym))
 .dynsym        0x00000000004012e4     0x21b0 /opt/toolchain/bin/../lib/gcc/mips-linux-uclibc/4.8.5/../../../../mips-linux-uclibc/lib/crt1.o

.dynstr         0x0000000000403494     0x1727
 *(SORT(.dynstr))
 .dynstr        0x0000000000403494     0x1727 /opt/toolchain/bin/../lib/gcc/mips-linux-uclibc/4.8.5/../../../../mips-linux-uclibc/lib/crt1.o

.gnu.version    0x0000000000404bbc        0x0
 *(SORT(.gnu.version))
 .gnu.version   0x0000000000000000        0x0 /opt/toolchain/bin/../lib/gcc/mips-linux-uclibc/4.8.5/../../../../mips-linux-uclibc/lib/crt1.o

.gnu.version_d  0x0000000000404bbc        0x0
 *(SORT(.gnu.version_d))
 .gnu.version_d
                0x0000000000000000        0x0 /opt/toolchain/bin/../lib/gcc/mips-linux-uclibc/4.8.5/../../../../mips-linux-uclibc/lib/crt1.o

.gnu.version_r  0x0000000000404bbc        0x0
 *(SORT(.gnu.version_r))
 .gnu.version_r
                0x0000000000000000        0x0 /opt/toolchain/bin/../lib/gcc/mips-linux-uclibc/4.8.5/../../../../mips-linux-uclibc/lib/crt1.o

.rel.dyn        0x0000000000404bbc        0x0
 *(SORT(.rel.init))
 *(SORT(.rel.text) SORT(.rel.text.*) SORT(.rel.gnu.linkonce.t.*))
 *(SORT(.rel.fini))
 *(SORT(.rel.rodata) SORT(.rel.rodata.*) SORT(.rel.gnu.linkonce.r.*))
 *(SORT(.rel.data.rel.ro) SORT(.rel.data.rel.ro.*) SORT(.rel.gnu.linkonce.d.rel.ro.*))
 *(SORT(.rel.data) SORT(.rel.data.*) SORT(.rel.gnu.linkonce.d.*))
 *(SORT(.rel.tdata) SORT(.rel.tdata.*) SORT(.rel.gnu.linkonce.td.*))
 *(SORT(.rel.tbss) SORT(.rel.tbss.*) SORT(.rel.gnu.linkonce.tb.*))
 *(SORT(.rel.ctors))
 *(SORT(.rel.dtors))
 *(SORT(.rel.got))
 *(SORT(.rel.dyn))
 .rel.dyn       0x0000000000000000        0x0 /opt/toolchain/bin/../lib/gcc/mips-linux-uclibc/4.8.5/../../../../mips-linux-uclibc/lib/crt1.o
 *(SORT(.rel.sdata) SORT(.rel.sdata.*) SORT(.rel.gnu.linkonce.s.*))
 *(SORT(.rel.sbss) SORT(.rel.sbss.*) SORT(.rel.gnu.linkonce.sb.*))
 *(SORT(.rel.sdata2) SORT(.rel.sdata2.*) SORT(.rel.gnu.linkonce.s2.*))
 *(SORT(.rel.sbss2) SORT(.rel.sbss2.*) SORT(.rel.gnu.linkonce.sb2.*))
 *(SORT(.rel.bss) SORT(.rel.bss.*) SORT(.rel.gnu.linkonce.b.*))
 .rel.bss       0x0000000000000000        0x0 /opt/toolchain/bin/../lib/gcc/mips-linux-uclibc/4.8.5/../../../../mips-linux-uclibc/lib/crt1.o
                0x0000000000404bbc                PROVIDE (__rel_iplt_start, .)
 *(SORT(.rel.iplt))
                0x0000000000404bbc                PROVIDE (__rel_iplt_end, .)

.rela.dyn       0x0000000000404bbb        0x0
 *(SORT(.rela.init))
 *(SORT(.rela.text) SORT(.rela.text.*) SORT(.rela.gnu.linkonce.t.*))
 *(SORT(.rela.fini))
 *(SORT(.rela.rodata) SORT(.rela.rodata.*) SORT(.rela.gnu.linkonce.r.*))
 *(SORT(.rela.data) SORT(.rela.data.*) SORT(.rela.gnu.linkonce.d.*))
 *(SORT(.rela.tdata) SORT(.rela.tdata.*) SORT(.rela.gnu.linkonce.td.*))
 *(SORT(.rela.tbss) SORT(.rela.tbss.*) SORT(.rela.gnu.linkonce.tb.*))
 *(SORT(.rela.ctors))
 *(SORT(.rela.dtors))
 *(SORT(.rela.got))
 *(SORT(.rela.sdata) SORT(.rela.sdata.*) SORT(.rela.gnu.linkonce.s.*))
 *(SORT(.rela.sbss) SORT(.rela.sbss.*) SORT(.rela.gnu.linkonce.sb.*))
 *(SORT(.rela.sdata2) SORT(.rela.sdata2.*) SORT(.rela.gnu.linkonce.s2.*))
 *(SORT(.rela.sbss2) SORT(.rela.sbss2.*) SORT(.rela.gnu.linkonce.sb2.*))
 *(SORT(.rela.bss) SORT(.rela.bss.*) SORT(.rela.gnu.linkonce.b.*))
                0x0000000000404bbb                PROVIDE (__rela_iplt_start, .)
 *(SORT(.rela.iplt))
                0x0000000000404bbb                PROVIDE (__rela_iplt_end, .)

.rel.plt        0x0000000000404bbc        0x0
 *(SORT(.rel.plt))
 .rel.plt       0x0000000000000000        0x0 /opt/toolchain/bin/../lib/gcc/mips-linux-uclibc/4.8.5/../../../../mips-linux-uclibc/lib/crt1.o

.rela.plt
 *(SORT(.rela.plt))

.init           0x0000000000404bbc       0x48
 *(SORT(.init))
 .init          0x0000000000404bbc       0x1c /opt/toolchain/bin/../lib/gcc/mips-linux-uclibc/4.8.5/../../../../mips-linux-uclibc/lib/crti.o
                0x0000000000404bbc                _init
 .init          0x0000000000404bd8       0x10 /opt/toolchain/bin/../lib/gcc/mips-linux-uclibc/4.8.5/soft-float/crtbegin.o
 .init          0x0000000000404be8       0x10 /opt/toolchain/bin/../lib/gcc/mips-linux-uclibc/4.8.5/soft-float/crtend.o
 .init          0x0000000000404bf8        0xc /opt/toolchain/bin/../lib/gcc/mips-linux-uclibc/4.8.5/../../../../mips-linux-uclibc/lib/crtn.o

.text           0x0000000000404c10    0x537cc
                0x0000000000404c10                _ftext = .
 *(SORT(.text.unlikely) SORT(.text.*_unlikely) SORT(.text.unlikely.*))
 *(SORT(.text.exit) SORT(.text.exit.*))
 *(SORT(.text.startup) SORT(.text.startup.*))
 *(SORT(.text.hot) SORT(.text.hot.*))
 *(SORT(.text) SORT(.stub) SORT(.text.*) SORT(.gnu.linkonce.t.*))
 .text          0x0000000000404c10       0x60 /opt/toolchain/bin/../lib/gcc/mips-linux-uclibc/4.8.5/../../../../mips-linux-uclibc/lib/crt1.o
                0x0000000000404c10                __start
 .text          0x0000000000404c70      0x180 /opt/toolchain/bin/../lib/gcc/mips-linux-uclibc/4.8.5/soft-float/crtbegin.o
 .text          0x0000000000404df0       0x10 /opt/toolchain/bin/../lib/gcc/mips-linux-uclibc/4.8.5/soft-float/libgcc.a(_bswapsi2.o)
                0x0000000000404df0                __bswapsi2
 .text          0x0000000000404e00       0xe0 /opt/toolchain/bin/../lib/gcc/mips-linux-uclibc/4.8.5/soft-float/libgcc.a(_fixunsdfdi.o)
                0x0000000000404e00                __fixunsdfdi
 .text          0x0000000000404ee0       0xa0 /opt/toolchain/bin/../lib/gcc/mips-linux-uclibc/4.8.5/soft-float/libgcc.a(_floatundidf.o)
                0x0000000000404ee0                __floatundidf
 .text          0x0000000000404f80      0x440 /opt/toolchain/bin/../lib/gcc/mips-linux-uclibc/4.8.5/soft-float/libgcc.a(_udivdi3.o)
                0x0000000000404f80                __udivdi3
 .text          0x00000000004053c0      0x7d0 /opt/toolchain/bin/../lib/gcc/mips-linux-uclibc/4.8.5/soft-float/libgcc.a(adddf3.o)
                0x00000000004053c0                __adddf3
 .text          0x0000000000405b90      0x6b0 /opt/toolchain/bin/../lib/gcc/mips-linux-uclibc/4.8.5/soft-float/libgcc.a(divdf3.o)
                0x0000000000405b90                __divdf3
 .text          0x0000000000406240      0x470 /opt/toolchain/bin/../lib/gcc/mips-linux-uclibc/4.8.5/soft-float/libgcc.a(muldf3.o)
                0x0000000000406240                __muldf3
 .text          0x00000000004066b0      0x7e0 /opt/toolchain/bin/../lib/gcc/mips-linux-uclibc/4.8.5/soft-float/libgcc.a(subdf3.o)
                0x00000000004066b0                __subdf3
 .text          0x0000000000406e90       0x70 /opt/toolchain/bin/../lib/gcc/mips-linux-uclibc/4.8.5/soft-float/libgcc.a(floatunsidf.o)
                0x0000000000406e90                __floatunsidf
 .text          0x0000000000406f00       0xc0 /opt/toolchain/bin/../lib/gcc/mips-linux-uclibc/4.8.5/soft-float/libgcc.a(extendsfdf2.o)
                0x0000000000406f00                __extendsfdf2
 .text          0x0000000000406fc0       0xb0 /opt/toolchain/bin/../lib/gcc/mips-linux-uclibc/4.8.5/soft-float/libgcc.a(_fixunsdfsi.o)
                0x0000000000406fc0                __fixunsdfsi
 .text          0x0000000000407070      0x120 /opt/toolchain/bin/../lib/gcc/mips-linux-uclibc/4.8.5/soft-float/libgcc.a(gedf2.o)
                0x0000000000407070                __gtdf2
                0x0000000000407070                __gedf2
 .text          0x0000000000407190       0x80 /opt/toolchain/bin/../lib/gcc/mips-linux-uclibc/4.8.5/soft-float/libgcc.a(fixdfsi.o)
                0x0000000000407190                __fixdfsi
 .text          0x0000000000407210       0x30 /opt/toolchain/bin/../lib/gcc/mips-linux-uclibc/4.8.5/../../../../mips-linux-uclibc/lib/uclibc_nonshared.a(atexit.os)
                0x0000000000407210                atexit
 .text          0x0000000000407240       0x50 /opt/toolchain/bin/../lib/gcc/mips-linux-uclibc/4.8.5/soft-float/crtend.o
 .text.applet_name_compare
                0x0000000000407290       0x34 libbb/lib.a(appletlib.o)
 .text.bb_show_usage
                0x00000000004072c4       0x24 libbb/lib.a(appletlib.o)
                0x00000000004072c4                bb_show_usage
 .text.find_applet_by_name
                0x00000000004072e8       0x64 libbb/lib.a(appletlib.o)
                0x00000000004072e8                find_applet_by_name
 .text.lbb_prepare
                0x000000000040734c       0x4c libbb/lib.a(appletlib.o)
                0x000000000040734c                lbb_prepare
 .text.run_applet_no_and_exit
                0x0000000000407398      0x118 libbb/lib.a(appletlib.o)
                0x0000000000407398                run_applet_no_and_exit
 .text.run_applet_and_exit
                0x00000000004074b0      0x34c libbb/lib.a(appletlib.o)
                0x00000000004074b0                run_applet_and_exit
 .text.main     0x00000000004077fc      0x104 libbb/lib.a(appletlib.o)
                0x00000000004077fc                main
 .text.bb_basename
                0x0000000000407900       0x4c libbb/lib.a(get_last_path_component.o)
                0x0000000000407900                bb_basename
 .text.bb_get_last_path_component_nostrip
                0x000000000040794c       0x64 libbb/lib.a(get_last_path_component.o)
                0x000000000040794c                bb_get_last_path_component_nostrip
 .text.bb_get_last_path_component_strip
                0x00000000004079b0       0x70 libbb/lib.a(get_last_path_component.o)
                0x00000000004079b0                bb_get_last_path_component_strip
 .text.last_char_is
                0x0000000000407a20       0x80 libbb/lib.a(last_char_is.o)
                0x0000000000407a20                last_char_is
 .text.xfunc_die
                0x0000000000407aa0       0x58 libbb/lib.a(xfunc_die.o)
                0x0000000000407aa0                xfunc_die
 .text.ndelay_on
                0x0000000000407af8       0x68 libbb/lib.a(xfuncs.o)
                0x0000000000407af8                ndelay_on
 .text.ndelay_off
                0x0000000000407b60       0x6c libbb/lib.a(xfuncs.o)
                0x0000000000407b60                ndelay_off
 .text.close_on_exec_on
                0x0000000000407bcc       0x20 libbb/lib.a(xfuncs.o)
                0x0000000000407bcc                close_on_exec_on
 .text.strncpy_IFNAMSIZ
                0x0000000000407bec       0x1c libbb/lib.a(xfuncs.o)
                0x0000000000407bec                strncpy_IFNAMSIZ
 .text.utoa_to_buf
                0x0000000000407c08       0x90 libbb/lib.a(xfuncs.o)
                0x0000000000407c08                utoa_to_buf
 .text.itoa_to_buf
                0x0000000000407c98       0x48 libbb/lib.a(xfuncs.o)
                0x0000000000407c98                itoa_to_buf
 .text.utoa     0x0000000000407ce0       0x48 libbb/lib.a(xfuncs.o)
                0x0000000000407ce0                utoa
 .text.itoa     0x0000000000407d28       0x48 libbb/lib.a(xfuncs.o)
                0x0000000000407d28                itoa
 .text.bb_putchar_stderr
                0x0000000000407d70       0x40 libbb/lib.a(xfuncs.o)
                0x0000000000407d70                bb_putchar_stderr
 .text.full_write1_str
                0x0000000000407db0       0x4c libbb/lib.a(xfuncs.o)
                0x0000000000407db0                full_write1_str
 .text.full_write2_str
                0x0000000000407dfc       0x4c libbb/lib.a(xfuncs.o)
                0x0000000000407dfc                full_write2_str
 .text.get_terminal_width_height
                0x0000000000407e48      0x158 libbb/lib.a(xfuncs.o)
                0x0000000000407e48                get_terminal_width_height
 .text.tcsetattr_stdin_TCSANOW
                0x0000000000407fa0       0x24 libbb/lib.a(xfuncs.o)
                0x0000000000407fa0                tcsetattr_stdin_TCSANOW
 .text.safe_waitpid
                0x0000000000407fc4       0xa4 libbb/lib.a(xfuncs.o)
                0x0000000000407fc4                safe_waitpid
 .text.wait_any_nohang
                0x0000000000408068       0x24 libbb/lib.a(xfuncs.o)
                0x0000000000408068                wait_any_nohang
 .text.wait4pid
                0x000000000040808c       0x88 libbb/lib.a(xfuncs.o)
                0x000000000040808c                wait4pid
 .text.full_write
                0x0000000000408114       0xa0 libbb/lib.a(full_write.o)
                0x0000000000408114                full_write
 .text.safe_write
                0x00000000004081b4       0x98 libbb/lib.a(safe_write.o)
                0x00000000004081b4                safe_write
 .text.opp_bracket
                0x000000000040824c       0x78 miscutils/lib.a(less.o)
 .text.sigwinch_handler
                0x00000000004082c4       0x30 miscutils/lib.a(less.o)
 .text.set_tty_cooked
                0x00000000004082f4       0x4c miscutils/lib.a(less.o)
 .text.clear_line
                0x0000000000408340       0x30 miscutils/lib.a(less.o)
 .text.less_exit
                0x0000000000408370       0x78 miscutils/lib.a(less.o)
 .text.sig_catcher
                0x00000000004083e8       0x28 miscutils/lib.a(less.o)
 .text.print_statusline
                0x0000000000408410       0x60 miscutils/lib.a(less.o)
 .text.m_status_print
                0x0000000000408470      0x19c miscutils/lib.a(less.o)
 .text.fill_match_lines
                0x000000000040860c      0x124 miscutils/lib.a(less.o)
 .text.read_lines
                0x0000000000408730      0x54c miscutils/lib.a(less.o)
 .text.re_wrap  0x0000000000408c7c      0x274 miscutils/lib.a(less.o)
 .text.lineno_str
                0x0000000000408ef0       0xdc miscutils/lib.a(less.o)
 .text.status_print
                0x0000000000408fcc      0x130 miscutils/lib.a(less.o)
 .text.buffer_print
                0x00000000004090fc      0x490 miscutils/lib.a(less.o)
 .text.buffer_fill_and_print
                0x000000000040958c      0x138 miscutils/lib.a(less.o)
 .text.reinitialize
                0x00000000004096c4      0x154 miscutils/lib.a(less.o)
 .text.change_file
                0x0000000000409818       0xdc miscutils/lib.a(less.o)
 .text.buffer_down
                0x00000000004098f4       0xb8 miscutils/lib.a(less.o)
 .text.buffer_up
                0x00000000004099ac       0x6c miscutils/lib.a(less.o)
 .text.buffer_line
                0x0000000000409a18       0x94 miscutils/lib.a(less.o)
 .text.goto_match
                0x0000000000409aac       0xfc miscutils/lib.a(less.o)
 .text.getch_nowait
                0x0000000000409ba8      0x26c miscutils/lib.a(less.o)
 .text.less_getch
                0x0000000000409e14       0x98 miscutils/lib.a(less.o)
 .text.less_gets
                0x0000000000409eac      0x160 miscutils/lib.a(less.o)
 .text.examine_file
                0x000000000040a00c      0x120 miscutils/lib.a(less.o)
 .text.regex_process
                0x000000000040a12c      0x248 miscutils/lib.a(less.o)
 .text.less_main
                0x000000000040a374      0xfb4 miscutils/lib.a(less.o)
                0x000000000040a374                less_main
 .text.display  0x000000000040b328       0xb8 modutils/lib.a(modinfo.o)
 .text.modinfo  0x000000000040b3e0      0x27c modutils/lib.a(modinfo.o)
 .text.modinfo_main
                0x000000000040b65c      0x234 modutils/lib.a(modinfo.o)
                0x000000000040b65c                modinfo_main
 .text.replace  0x000000000040b890       0x2c modutils/lib.a(modprobe-small.o)
 .text.load_module
                0x000000000040b8bc       0xac modutils/lib.a(modprobe-small.o)
 .text.moderror
                0x000000000040b968       0x8c modutils/lib.a(modprobe-small.o)
 .text.load_dep_bb
                0x000000000040b9f4      0x21c modutils/lib.a(modprobe-small.o)
 .text.pathname_matches_modname
                0x000000000040bc10       0xc8 modutils/lib.a(modprobe-small.o)
 .text.find_keyword
                0x000000000040bcd8       0xd8 modutils/lib.a(modprobe-small.o)
 .text.append   0x000000000040bdb0       0xc0 modutils/lib.a(modprobe-small.o)
 .text.copy_stringbuf
                0x000000000040be70       0x58 modutils/lib.a(modprobe-small.o)
 .text.str_2_list
                0x000000000040bec8       0xa4 modutils/lib.a(modprobe-small.o)
 .text.parse_module
                0x000000000040bf6c      0x270 modutils/lib.a(modprobe-small.o)
 .text.fileAction
                0x000000000040c1dc      0x180 modutils/lib.a(modprobe-small.o)
 .text.find_alias
                0x000000000040c35c      0x480 modutils/lib.a(modprobe-small.o)
 .text.process_module
                0x000000000040c7dc      0x3bc modutils/lib.a(modprobe-small.o)
 .text.modprobe_main
                0x000000000040cb98      0x330 modutils/lib.a(modprobe-small.o)
                0x000000000040cb98                modprobe_main
 .text.filename2modname
                0x000000000040cec8       0xc0 modutils/lib.a(modutils.o)
                0x000000000040cec8                filename2modname
 .text.arp_show
                0x000000000040cf88      0x4a4 networking/lib.a(arp.o)
 .text.arp_main
                0x000000000040d42c      0x928 networking/lib.a(arp.o)
                0x000000000040d42c                arp_main
 .text.do_sethostname
                0x000000000040dd54      0x100 networking/lib.a(hostname.o)
 .text.hostname_main
                0x000000000040de54      0x21c networking/lib.a(hostname.o)
                0x000000000040de54                hostname_main
 .text.ifconfig_main
                0x000000000040e070      0x71c networking/lib.a(ifconfig.o)
                0x000000000040e070                ifconfig_main
 .text.UNSPEC_print
                0x000000000040e78c       0xc0 networking/lib.a(interface.o)
 .text.UNSPEC_sprint
                0x000000000040e84c       0x48 networking/lib.a(interface.o)
 .text.INET6_input
                0x000000000040e894       0x1c networking/lib.a(interface.o)
 .text.INET6_sprint
                0x000000000040e8b0       0x98 networking/lib.a(interface.o)
 .text.INET_input
                0x000000000040e948       0x1c networking/lib.a(interface.o)
 .text.INET_sprint
                0x000000000040e964       0x98 networking/lib.a(interface.o)
 .text.ether_print
                0x000000000040e9fc       0x88 networking/lib.a(interface.o)
 .text.add_interface
                0x000000000040ea84       0xfc networking/lib.a(interface.o)
 .text.if_readconf
                0x000000000040eb80      0x16c networking/lib.a(interface.o)
 .text.if_readlist_proc
                0x000000000040ecec      0x378 networking/lib.a(interface.o)
 .text.do_if_fetch
                0x000000000040f064      0x494 networking/lib.a(interface.o)
 .text.print_bytes_scaled
                0x000000000040f4f8       0xb4 networking/lib.a(interface.o)
 .text.ether_input
                0x000000000040f5ac      0x120 networking/lib.a(interface.o)
 .text.get_aftype
                0x000000000040f6cc       0x78 networking/lib.a(interface.o)
                0x000000000040f6cc                get_aftype
 .text.get_hwtype
                0x000000000040f744       0x78 networking/lib.a(interface.o)
                0x000000000040f744                get_hwtype
 .text.get_hwntype
                0x000000000040f7bc       0x48 networking/lib.a(interface.o)
                0x000000000040f7bc                get_hwntype
 .text.ife_print
                0x000000000040f804      0x8f8 networking/lib.a(interface.o)
 .text.display_interfaces
                0x00000000004100fc      0x1b4 networking/lib.a(interface.o)
                0x00000000004100fc                display_interfaces
 .text.unix_do_one
                0x00000000004102b0      0x438 networking/lib.a(netstat.o)
 .text.build_ipv6_addr
                0x00000000004106e8       0xa4 networking/lib.a(netstat.o)
 .text.ip_port_str
                0x000000000041078c      0x104 networking/lib.a(netstat.o)
 .text.dir_act  0x0000000000410890      0x164 networking/lib.a(netstat.o)
 .text.add_to_prg_cache_if_socket
                0x00000000004109f4      0x1b8 networking/lib.a(netstat.o)
 .text.do_info  0x0000000000410bac      0x148 networking/lib.a(netstat.o)
 .text.scan_inet_proc_line
                0x0000000000410cf4      0x13c networking/lib.a(netstat.o)
 .text.print_inet_line
                0x0000000000410e30      0x1fc networking/lib.a(netstat.o)
 .text.raw_do_one
                0x000000000041102c       0xf4 networking/lib.a(netstat.o)
 .text.udp_do_one
                0x0000000000411120      0x12c networking/lib.a(netstat.o)
 .text.tcp_do_one
                0x000000000041124c       0xbc networking/lib.a(netstat.o)
 .text.netstat_main
                0x0000000000411308      0x3e0 networking/lib.a(netstat.o)
                0x0000000000411308                netstat_main
 .text.pingstatsWeb_exit
                0x00000000004116e8       0x20 networking/lib.a(ping.o)
 .text.unpack_tail
                0x0000000000411708      0x228 networking/lib.a(ping.o)
 .text.print_stats_and_exit
                0x0000000000411930      0x268 networking/lib.a(ping.o)
 .text.sendping_tail.constprop.0
                0x0000000000411b98      0x1e4 networking/lib.a(ping.o)
 .text.sendping4
                0x0000000000411d7c       0xb4 networking/lib.a(ping.o)
 .text.sendping6
                0x0000000000411e30       0x88 networking/lib.a(ping.o)
 .text.common_ping_main
                0x0000000000411eb8      0xc68 networking/lib.a(ping.o)
 .text.ping_main
                0x0000000000412b20       0x28 networking/lib.a(ping.o)
                0x0000000000412b20                ping_main
 .text.ping6_main
                0x0000000000412b48       0x28 networking/lib.a(ping.o)
                0x0000000000412b48                ping6_main
 .text.set_flags
                0x0000000000412b70       0x68 networking/lib.a(route.o)
 .text.kw_lookup
                0x0000000000412bd8       0xe0 networking/lib.a(route.o)
 .text.INET6_displayroutes
                0x0000000000412cb8      0x318 networking/lib.a(route.o)
 .text.INET6_setroute
                0x0000000000412fd0      0x3a4 networking/lib.a(route.o)
 .text.INET_setroute
                0x0000000000413374      0x55c networking/lib.a(route.o)
 .text.bb_displayroutes
                0x00000000004138d0      0x304 networking/lib.a(route.o)
                0x00000000004138d0                bb_displayroutes
 .text.route_main
                0x0000000000413bd4      0x22c networking/lib.a(route.o)
                0x0000000000413bd4                route_main
 .text.put_iac  0x0000000000413e00       0x3c networking/lib.a(telnet.o)
 .text.iac_flush
                0x0000000000413e3c       0x50 networking/lib.a(telnet.o)
 .text.put_iac2
                0x0000000000413e8c       0xa8 networking/lib.a(telnet.o)
 .text.rawmode  0x0000000000413f34       0x44 networking/lib.a(telnet.o)
 .text.cookmode
                0x0000000000413f78       0x44 networking/lib.a(telnet.o)
 .text.setConMode
                0x0000000000413fbc       0xbc networking/lib.a(telnet.o)
 .text.con_escape
                0x0000000000414078      0x288 networking/lib.a(telnet.o)
 .text.handle_net_output
                0x0000000000414300       0xd0 networking/lib.a(telnet.o)
 .text.telnet_main
                0x00000000004143d0      0x9f8 networking/lib.a(telnet.o)
                0x00000000004143d0                telnet_main
 .text.tftp_blksize_check
                0x0000000000414dc8       0x9c networking/lib.a(tftp.o)
 .text.tftp_progress_update
                0x0000000000414e64       0x34 networking/lib.a(tftp.o)
 .text.tftp_get_option
                0x0000000000414e98       0xe4 networking/lib.a(tftp.o)
 .text.tftp_progress_done
                0x0000000000414f7c       0x7c networking/lib.a(tftp.o)
 .text.tftp_main
                0x0000000000414ff8      0xa94 networking/lib.a(tftp.o)
                0x0000000000414ff8                tftp_main
 .text.traceroute_main
                0x0000000000415a8c      0xd3c networking/lib.a(traceroute.o)
                0x0000000000415a8c                traceroute_main
 .text.free_main
                0x00000000004167c8      0x2d8 procps/lib.a(free.o)
                0x00000000004167c8                free_main
 .text.kill_main
                0x0000000000416aa0      0x6f4 procps/lib.a(kill.o)
                0x0000000000416aa0                kill_main
 .text.pgrep_main
                0x0000000000417194      0x430 procps/lib.a(pgrep.o)
                0x0000000000417194                pgrep_main
 .text.ps_main  0x00000000004175c4      0x484 procps/lib.a(ps.o)
                0x00000000004175c4                ps_main
 .text.pid_sort
                0x0000000000417a48       0x10 procps/lib.a(top.o)
 .text.mem_sort
                0x0000000000417a58       0x28 procps/lib.a(top.o)
 .text.pcpu_sort
                0x0000000000417a80       0x10 procps/lib.a(top.o)
 .text.time_sort
                0x0000000000417a90       0x28 procps/lib.a(top.o)
 .text.mult_lvl_cmp
                0x0000000000417ab8       0xb4 procps/lib.a(top.o)
 .text.topmem_sort
                0x0000000000417b6c       0x7c procps/lib.a(top.o)
 .text.fmt_100percent_8
                0x0000000000417be8       0xfc procps/lib.a(top.o)
 .text.sig_catcher
                0x0000000000417ce4       0x40 procps/lib.a(top.o)
 .text.read_cpu_jiffy
                0x0000000000417d24      0x1a4 procps/lib.a(top.o)
 .text.get_jiffy_counts
                0x0000000000417ec8      0x244 procps/lib.a(top.o)
 .text.do_stats
                0x000000000041810c      0x174 procps/lib.a(top.o)
 .text.display_process_list
                0x0000000000418280      0x948 procps/lib.a(top.o)
 .text.display_topmem_header
                0x0000000000418bc8      0x25c procps/lib.a(top.o)
 .text.ulltoa6_and_space
                0x0000000000418e24       0x48 procps/lib.a(top.o)
 .text.display_topmem_process_list
                0x0000000000418e6c      0x2a0 procps/lib.a(top.o)
 .text.clearmems
                0x000000000041910c       0x6c procps/lib.a(top.o)
 .text.handle_input
                0x0000000000419178      0x314 procps/lib.a(top.o)
 .text.top_main
                0x000000000041948c      0x68c procps/lib.a(top.o)
                0x000000000041948c                top_main
 .text.uptime_main
                0x0000000000419b18      0x1e4 procps/lib.a(uptime.o)
                0x0000000000419b18                uptime_main
 .text.watch_main
                0x0000000000419cfc      0x21c procps/lib.a(watch.o)
                0x0000000000419cfc                watch_main
 .text.isdigit_str9
                0x0000000000419f18       0x3c shell/lib.a(ash.o)
 .text.var_end  0x0000000000419f54       0x28 shell/lib.a(ash.o)
 .text.stunalloc
                0x0000000000419f7c       0x38 shell/lib.a(ash.o)
 .text.setstackmark
                0x0000000000419fb4       0x54 shell/lib.a(ash.o)
 .text.prefix   0x000000000041a008       0x34 shell/lib.a(ash.o)
 .text.endofname
                0x000000000041a03c       0x7c shell/lib.a(ash.o)
 .text.varcmp   0x000000000041a0b8       0x68 shell/lib.a(ash.o)
 .text.hashvar  0x000000000041a120       0x6c shell/lib.a(ash.o)
 .text.vpcmp    0x000000000041a18c       0x24 shell/lib.a(ash.o)
 .text.findvar  0x000000000041a1b0       0x80 shell/lib.a(ash.o)
 .text.lookupvar
                0x000000000041a230       0xc4 shell/lib.a(ash.o)
 .text.bltinlookup
                0x000000000041a2f4       0x9c shell/lib.a(ash.o)
 .text.set_curjob
                0x000000000041a390       0x9c shell/lib.a(ash.o)
 .text.getstatus
                0x000000000041a42c       0xb4 shell/lib.a(ash.o)
 .text.is_hidden_fd
                0x000000000041a4e0       0xac shell/lib.a(ash.o)
 .text.falsecmd
                0x000000000041a58c        0x8 shell/lib.a(ash.o)
 .text.truecmd  0x000000000041a594        0x8 shell/lib.a(ash.o)
 .text.bltincmd
                0x000000000041a59c       0x20 shell/lib.a(ash.o)
 .text.pungetc  0x000000000041a5bc       0x40 shell/lib.a(ash.o)
 .text.pushfile
                0x000000000041a5fc       0x50 shell/lib.a(ash.o)
 .text.SIT      0x000000000041a64c       0xd8 shell/lib.a(ash.o)
 .text.calcsize
                0x000000000041a724      0x1c4 shell/lib.a(ash.o)
 .text.sizenodelist
                0x000000000041a8e8       0x70 shell/lib.a(ash.o)
 .text.__lookupalias
                0x000000000041a958       0xc0 shell/lib.a(ash.o)
 .text.msort    0x000000000041aa18      0x12c shell/lib.a(ash.o)
 .text.pstrcmp  0x000000000041ab44       0x20 shell/lib.a(ash.o)
 .text.raise_exception
                0x000000000041ab64       0x40 shell/lib.a(ash.o)
 .text.freealias
                0x000000000041aba4       0x9c shell/lib.a(ash.o)
 .text.freeparam
                0x000000000041ac40       0x80 shell/lib.a(ash.o)
 .text.freefunc
                0x000000000041acc0       0x40 shell/lib.a(ash.o)
 .text.setparam
                0x000000000041ad00       0xf8 shell/lib.a(ash.o)
 .text.ignoresig
                0x000000000041adf8       0x70 shell/lib.a(ash.o)
 .text.raise_interrupt
                0x000000000041ae68       0xbc shell/lib.a(ash.o)
 .text.int_on   0x000000000041af24       0x60 shell/lib.a(ash.o)
 .text.flush_stdout_stderr
                0x000000000041af84       0x50 shell/lib.a(ash.o)
 .text.clearcmdentry
                0x000000000041afd4       0xf4 shell/lib.a(ash.o)
 .text.changepath
                0x000000000041b0c8      0x19c shell/lib.a(ash.o)
 .text.unalias  0x000000000041b264       0x90 shell/lib.a(ash.o)
 .text.popstring
                0x000000000041b2f4      0x11c shell/lib.a(ash.o)
 .text.popstackmark
                0x000000000041b410       0xc0 shell/lib.a(ash.o)
 .text.setinputstring
                0x000000000041b4d0       0x88 shell/lib.a(ash.o)
 .text.recordregion
                0x000000000041b558       0xc0 shell/lib.a(ash.o)
 .text.removerecordregions
                0x000000000041b618      0x194 shell/lib.a(ash.o)
 .text.freejob  0x000000000041b7ac      0x100 shell/lib.a(ash.o)
 .text.delete_cmd_entry
                0x000000000041b8ac       0x94 shell/lib.a(ash.o)
 .text.pushstring
                0x000000000041b940       0xe0 shell/lib.a(ash.o)
 .text.force_int_on
                0x000000000041ba20       0x54 shell/lib.a(ash.o)
 .text.signal_handler
                0x000000000041ba74       0x94 shell/lib.a(ash.o)
 .text.popfile  0x000000000041bb08       0xc4 shell/lib.a(ash.o)
 .text.out1fmt  0x000000000041bbcc       0x6c shell/lib.a(ash.o)
 .text.setsignal
                0x000000000041bc38      0x230 shell/lib.a(ash.o)
 .text.fmtstr   0x000000000041be68       0x68 shell/lib.a(ash.o)
 .text.scanleft
                0x000000000041bed0       0xcc shell/lib.a(ash.o)
 .text.scanright
                0x000000000041bf9c      0x120 shell/lib.a(ash.o)
 .text.makejob  0x000000000041c0bc      0x218 shell/lib.a(ash.o)
 .text.sprint_status
                0x000000000041c2d4      0x168 shell/lib.a(ash.o)
 .text.out2str  0x000000000041c43c       0x6c shell/lib.a(ash.o)
 .text.dowait   0x000000000041c4a8      0x210 shell/lib.a(ash.o)
 .text.blocking_wait_with_raise_on_sig
                0x000000000041c6b8       0x84 shell/lib.a(ash.o)
 .text.stoppedjobs
                0x000000000041c73c       0x94 shell/lib.a(ash.o)
 .text.cmdlookup
                0x000000000041c7d0      0x140 shell/lib.a(ash.o)
 .text.nodeckstrdup
                0x000000000041c910       0x80 shell/lib.a(ash.o)
 .text.copynode
                0x000000000041c990      0x204 shell/lib.a(ash.o)
 .text.copynodelist
                0x000000000041cb94       0x9c shell/lib.a(ash.o)
 .text.find_builtin
                0x000000000041cc30       0x4c shell/lib.a(ash.o)
 .text.ulimitcmd
                0x000000000041cc7c       0x1c shell/lib.a(ash.o)
 .text.timescmd
                0x000000000041cc98      0x12c shell/lib.a(ash.o)
 .text.tryexec  0x000000000041cdc4      0x13c shell/lib.a(ash.o)
 .text.errmsg   0x000000000041cf00       0x3c shell/lib.a(ash.o)
 .text.noclobberopen
                0x000000000041cf3c      0x144 shell/lib.a(ash.o)
 .text.pgetc    0x000000000041d080      0x368 shell/lib.a(ash.o)
 .text.pgetc_without_PEOA
                0x000000000041d3e8       0x50 shell/lib.a(ash.o)
 .text.evalbltin.isra.1
                0x000000000041d438      0x170 shell/lib.a(ash.o)
 .text.outcslow.constprop.6
                0x000000000041d5a8       0x94 shell/lib.a(ash.o)
 .text.showjob  0x000000000041d63c      0x2e8 shell/lib.a(ash.o)
 .text.showjobs
                0x000000000041d924       0xc4 shell/lib.a(ash.o)
 .text.ash_vmsg
                0x000000000041d9e8      0x148 shell/lib.a(ash.o)
 .text.ash_msg_and_raise_error
                0x000000000041db30       0x74 shell/lib.a(ash.o)
 .text.setvareq
                0x000000000041dba4      0x1d4 shell/lib.a(ash.o)
 .text.listsetvar
                0x000000000041dd78       0x9c shell/lib.a(ash.o)
 .text.setvar   0x000000000041de14      0x16c shell/lib.a(ash.o)
 .text.change_random
                0x000000000041df80       0xd0 shell/lib.a(ash.o)
 .text.unsetvar
                0x000000000041e050      0x13c shell/lib.a(ash.o)
 .text.setvar2  0x000000000041e18c       0x20 shell/lib.a(ash.o)
 .text.setvarsafe
                0x000000000041e1ac       0xe4 shell/lib.a(ash.o)
 .text.localcmd
                0x000000000041e290      0x1e8 shell/lib.a(ash.o)
 .text.setpwd   0x000000000041e478      0x170 shell/lib.a(ash.o)
 .text.number   0x000000000041e5e8       0x74 shell/lib.a(ash.o)
 .text.getoptsreset
                0x000000000041e65c       0x50 shell/lib.a(ash.o)
 .text.shiftcmd
                0x000000000041e6ac      0x130 shell/lib.a(ash.o)
 .text.returncmd
                0x000000000041e7dc       0x64 shell/lib.a(ash.o)
 .text.exitcmd  0x000000000041e840       0x94 shell/lib.a(ash.o)
 .text.copyfd   0x000000000041e8d4       0xac shell/lib.a(ash.o)
 .text.popredir
                0x000000000041e980      0x1ac shell/lib.a(ash.o)
 .text.clearredir
                0x000000000041eb2c       0x74 shell/lib.a(ash.o)
 .text.stalloc  0x000000000041eba0      0x100 shell/lib.a(ash.o)
 .text.ststrdup
                0x000000000041eca0       0x70 shell/lib.a(ash.o)
 .text.stzalloc
                0x000000000041ed10       0x50 shell/lib.a(ash.o)
 .text.addfname
                0x000000000041ed60       0x80 shell/lib.a(ash.o)
 .text.expmeta  0x000000000041ede0      0x3d8 shell/lib.a(ash.o)
 .text.makename
                0x000000000041f1b8       0x6c shell/lib.a(ash.o)
 .text.nextopt  0x000000000041f224      0x178 shell/lib.a(ash.o)
 .text.unaliascmd
                0x000000000041f39c      0x178 shell/lib.a(ash.o)
 .text.cdopt    0x000000000041f514       0x84 shell/lib.a(ash.o)
 .text.pwdcmd   0x000000000041f598       0xa4 shell/lib.a(ash.o)
 .text.unsetcmd
                0x000000000041f63c      0x120 shell/lib.a(ash.o)
 .text.breakcmd
                0x000000000041f75c       0xe4 shell/lib.a(ash.o)
 .text.raise_error_syntax
                0x000000000041f840       0x30 shell/lib.a(ash.o)
 .text.setinputfile
                0x000000000041f870      0x168 shell/lib.a(ash.o)
 .text.xtcsetpgrp
                0x000000000041f9d8       0x58 shell/lib.a(ash.o)
 .text.waitforjob
                0x000000000041fa30      0x11c shell/lib.a(ash.o)
 .text.forkchild
                0x000000000041fb4c      0x41c shell/lib.a(ash.o)
 .text.growstackblock
                0x000000000041ff68      0x17c shell/lib.a(ash.o)
 .text.makestrspace
                0x00000000004200e4       0x8c shell/lib.a(ash.o)
 .text.memtodest
                0x0000000000420170      0x124 shell/lib.a(ash.o)
 .text.stack_putstr
                0x0000000000420294       0x7c shell/lib.a(ash.o)
 .text.cmdputs  0x0000000000420310      0x2ac shell/lib.a(ash.o)
 .text.single_quote
                0x00000000004205bc      0x148 shell/lib.a(ash.o)
 .text.printalias
                0x0000000000420704       0x60 shell/lib.a(ash.o)
 .text.aliascmd
                0x0000000000420764      0x234 shell/lib.a(ash.o)
 .text.cvtnum   0x0000000000420998       0x84 shell/lib.a(ash.o)
 .text.rmescapes
                0x0000000000420a1c      0x220 shell/lib.a(ash.o)
 .text.growstackstr
                0x0000000000420c3c       0x98 shell/lib.a(ash.o)
 .text._STPUTC  0x0000000000420cd4       0x64 shell/lib.a(ash.o)
 .text.varvalue
                0x0000000000420d38      0x53c shell/lib.a(ash.o)
 .text.listvars
                0x0000000000421274      0x144 shell/lib.a(ash.o)
 .text.showvars
                0x00000000004213b8      0x158 shell/lib.a(ash.o)
 .text.exportcmd
                0x0000000000421510      0x178 shell/lib.a(ash.o)
 .text.path_advance
                0x0000000000421688      0x1dc shell/lib.a(ash.o)
 .text.getoptscmd
                0x0000000000421864      0x454 shell/lib.a(ash.o)
 .text.umaskcmd
                0x0000000000421cb8      0x258 shell/lib.a(ash.o)
 .text.readcmd  0x0000000000421f10      0x184 shell/lib.a(ash.o)
 .text.cdcmd    0x0000000000422094      0x51c shell/lib.a(ash.o)
 .text.ash_msg  0x00000000004225b0       0x4c shell/lib.a(ash.o)
 .text.options  0x00000000004225fc      0x400 shell/lib.a(ash.o)
 .text.setjobctl
                0x00000000004229fc      0x2d8 shell/lib.a(ash.o)
 .text.optschanged
                0x0000000000422cd4       0xa4 shell/lib.a(ash.o)
 .text.setcmd   0x0000000000422d78       0xdc shell/lib.a(ash.o)
 .text.trapcmd  0x0000000000422e54      0x228 shell/lib.a(ash.o)
 .text.raise_error_unexpected_syntax
                0x000000000042307c      0x110 shell/lib.a(ash.o)
 .text.cmdtxt   0x000000000042318c      0x5c8 shell/lib.a(ash.o)
 .text.forkshell
                0x0000000000423754      0x244 shell/lib.a(ash.o)
 .text.getjob   0x0000000000423998      0x244 shell/lib.a(ash.o)
 .text.waitcmd  0x0000000000423bdc      0x22c shell/lib.a(ash.o)
 .text.jobscmd  0x0000000000423e08      0x11c shell/lib.a(ash.o)
 .text.killcmd  0x0000000000423f24      0x1e0 shell/lib.a(ash.o)
 .text.argstr   0x0000000000424104      0x71c shell/lib.a(ash.o)
 .text.expandarg
                0x0000000000424820      0x5a0 shell/lib.a(ash.o)
 .text.redirect
                0x0000000000424dc0      0x6bc shell/lib.a(ash.o)
 .text.redirectsafe
                0x000000000042547c       0xf8 shell/lib.a(ash.o)
 .text.expandstr
                0x0000000000425574       0xec shell/lib.a(ash.o)
 .text.setprompt_if
                0x0000000000425660      0x154 shell/lib.a(ash.o)
 .text.parseheredoc
                0x00000000004257b4      0x118 shell/lib.a(ash.o)
 .text.list     0x00000000004258cc      0x33c shell/lib.a(ash.o)
 .text.readtoken1
                0x0000000000425c08     0x1334 shell/lib.a(ash.o)
 .text.xxreadtoken
                0x0000000000426f3c      0x30c shell/lib.a(ash.o)
 .text.readtoken
                0x0000000000427248      0x1ec shell/lib.a(ash.o)
 .text.parsefname
                0x0000000000427434      0x270 shell/lib.a(ash.o)
 .text.parsecmd
                0x00000000004276a4       0xb0 shell/lib.a(ash.o)
 .text.parse_command
                0x0000000000427754      0xa40 shell/lib.a(ash.o)
 .text.pipeline
                0x0000000000428194      0x1bc shell/lib.a(ash.o)
 .text.expredir
                0x0000000000428350      0x1d4 shell/lib.a(ash.o)
 .text.evaltree
                0x0000000000428524      0x54c shell/lib.a(ash.o)
 .text.evalstring
                0x0000000000428a70      0x118 shell/lib.a(ash.o)
 .text.evalcmd  0x0000000000428b88      0x100 shell/lib.a(ash.o)
 .text.exitshell
                0x0000000000428c88      0x104 shell/lib.a(ash.o)
 .text.evalloop
                0x0000000000428d8c      0x190 shell/lib.a(ash.o)
 .text.evalfun  0x0000000000428f1c      0x31c shell/lib.a(ash.o)
 .text.cmdloop  0x0000000000429238      0x1e0 shell/lib.a(ash.o)
 .text.read_profile
                0x0000000000429418       0x98 shell/lib.a(ash.o)
 .text.dotcmd   0x00000000004294b0      0x258 shell/lib.a(ash.o)
 .text.find_command
                0x0000000000429708      0x54c shell/lib.a(ash.o)
 .text.evalpipe
                0x0000000000429c54      0x2b8 shell/lib.a(ash.o)
 .text.hashcmd  0x0000000000429f0c      0x2ac shell/lib.a(ash.o)
 .text.evalsubshell
                0x000000000042a1b8      0x164 shell/lib.a(ash.o)
 .text.evalfor  0x000000000042a31c      0x1e0 shell/lib.a(ash.o)
 .text.subevalvar
                0x000000000042a4fc      0x7a0 shell/lib.a(ash.o)
 .text.evalvar  0x000000000042ac9c      0x428 shell/lib.a(ash.o)
 .text.evalcase
                0x000000000042b0c4      0x240 shell/lib.a(ash.o)
 .text.ash_msg_and_raise.constprop.4
                0x000000000042b304       0x74 shell/lib.a(ash.o)
 .text.shellexec
                0x000000000042b378      0x1e8 shell/lib.a(ash.o)
 .text.execcmd  0x000000000042b560       0x80 shell/lib.a(ash.o)
 .text.evalcommand
                0x000000000042b5e0      0x7d4 shell/lib.a(ash.o)
 .text.out1str  0x000000000042bdb4       0x58 shell/lib.a(ash.o)
 .text.fg_bgcmd
                0x000000000042be0c      0x29c shell/lib.a(ash.o)
 .text.describe_command
                0x000000000042c0a8      0x370 shell/lib.a(ash.o)
 .text.typecmd  0x000000000042c418       0xb8 shell/lib.a(ash.o)
 .text.commandcmd
                0x000000000042c4d0       0xf0 shell/lib.a(ash.o)
 .text.ash_main
                0x000000000042c5c0      0x81c shell/lib.a(ash.o)
                0x000000000042c5c0                ash_main
 .text.cttyhack_main
                0x000000000042cddc      0x260 shell/lib.a(cttyhack.o)
                0x000000000042cddc                cttyhack_main
 .text.next_random
                0x000000000042d03c       0xac shell/lib.a(random.o)
                0x000000000042d03c                next_random
 .text.printlim.isra.0
                0x000000000042d0e8       0x60 shell/lib.a(shell_common.o)
 .text.is_well_formed_var_name
                0x000000000042d148       0x74 shell/lib.a(shell_common.o)
                0x000000000042d148                is_well_formed_var_name
 .text.shell_builtin_read
                0x000000000042d1bc      0x694 shell/lib.a(shell_common.o)
                0x000000000042d1bc                shell_builtin_read
 .text.shell_builtin_ulimit
                0x000000000042d850      0x31c shell/lib.a(shell_common.o)
                0x000000000042d850                shell_builtin_ulimit
 .text.klogd_main
                0x000000000042db6c      0x3d4 sysklogd/lib.a(klogd.o)
                0x000000000042db6c                klogd_main
 .text.create_socket
                0x000000000042df40      0x138 sysklogd/lib.a(syslogd_and_logger.o)
 .text.log_locally.isra.1
                0x000000000042e078      0x30c sysklogd/lib.a(syslogd_and_logger.o)
 .text.rtk_timestamp_and_log
                0x000000000042e384      0x398 sysklogd/lib.a(syslogd_and_logger.o)
                0x000000000042e384                rtk_timestamp_and_log
 .text.timestamp_and_log
                0x000000000042e71c      0x2d8 sysklogd/lib.a(syslogd_and_logger.o)
                0x000000000042e71c                timestamp_and_log
 .text.syslogd_main
                0x000000000042e9f4      0xaec sysklogd/lib.a(syslogd_and_logger.o)
                0x000000000042e9f4                syslogd_main
 .text.msg_ratelimit_queue_lock
                0x000000000042f4e0       0x2c sysklogd/lib.a(ratelimit.o)
 .text.msg_ratelimit_queue_unlock
                0x000000000042f50c       0x2c sysklogd/lib.a(ratelimit.o)
 .text.msg_ratelimit_queue_del
                0x000000000042f538      0x108 sysklogd/lib.a(ratelimit.o)
 .text.msg_ratelimit_queue_add
                0x000000000042f640      0x150 sysklogd/lib.a(ratelimit.o)
 .text.msg_ratelimit_queue_flush
                0x000000000042f790      0x154 sysklogd/lib.a(ratelimit.o)
 .text.log_ratelimit_flush
                0x000000000042f8e4      0x168 sysklogd/lib.a(ratelimit.o)
 .text.log_ratelimit_add
                0x000000000042fa4c      0x40c sysklogd/lib.a(ratelimit.o)
                0x000000000042fa4c                log_ratelimit_add
 .text.log_ratelimit_exit
                0x000000000042fe58       0x54 sysklogd/lib.a(ratelimit.o)
                0x000000000042fe58                log_ratelimit_exit
 .text.log_ratelimit_init
                0x000000000042feac      0x540 sysklogd/lib.a(ratelimit.o)
                0x000000000042feac                log_ratelimit_init
 .text.dmesg_main
                0x00000000004303ec      0x214 util-linux/lib.a(dmesg.o)
                0x00000000004303ec                dmesg_main
 .text.partition_type
                0x0000000000430600       0x4c util-linux/lib.a(fdisk.o)
 .text.is_cleared_partition
                0x000000000043064c       0x24 util-linux/lib.a(fdisk.o)
 .text.set_hsc_start_end
                0x0000000000430670      0x1bc util-linux/lib.a(fdisk.o)
 .text.update_units
                0x000000000043082c       0x50 util-linux/lib.a(fdisk.o)
 .text.close_dev_fd
                0x000000000043087c       0x48 util-linux/lib.a(fdisk.o)
 .text.list_disk_geometry
                0x00000000004308c4      0x1b8 util-linux/lib.a(fdisk.o)
 .text.warn_cylinders
                0x0000000000430a7c       0x6c util-linux/lib.a(fdisk.o)
 .text.warn_geometry
                0x0000000000430ae8      0x110 util-linux/lib.a(fdisk.o)
 .text.fdisk_fatal
                0x0000000000430bf8       0x78 util-linux/lib.a(fdisk.o)
 .text.clear_partition
                0x0000000000430c70       0x30 util-linux/lib.a(fdisk.o)
 .text.seek_sector
                0x0000000000430ca0       0x80 util-linux/lib.a(fdisk.o)
 .text.read4_little_endian
                0x0000000000430d20       0x54 util-linux/lib.a(fdisk.o)
 .text.get_partition_start_from_dev_start
                0x0000000000430d74       0x48 util-linux/lib.a(fdisk.o)
 .text.wrong_p_order
                0x0000000000430dbc       0xfc util-linux/lib.a(fdisk.o)
 .text.fill_bounds
                0x0000000000430eb8      0x12c util-linux/lib.a(fdisk.o)
 .text.store4_little_endian
                0x0000000000430fe4       0x58 util-linux/lib.a(fdisk.o)
 .text.delete_partition
                0x000000000043103c      0x2f8 util-linux/lib.a(fdisk.o)
 .text.read_line
                0x0000000000431334       0xc0 util-linux/lib.a(fdisk.o)
 .text.read_nonempty
                0x00000000004313f4       0x64 util-linux/lib.a(fdisk.o)
 .text.menu     0x0000000000431458      0x1cc util-linux/lib.a(fdisk.o)
 .text.write_table
                0x0000000000431624      0x194 util-linux/lib.a(fdisk.o)
 .text.list_types.constprop.4
                0x00000000004317b8      0x158 util-linux/lib.a(fdisk.o)
 .text.read_int
                0x0000000000431910      0x380 util-linux/lib.a(fdisk.o)
 .text.get_partition
                0x0000000000431c90       0xb8 util-linux/lib.a(fdisk.o)
 .text.get_existing_partition
                0x0000000000431d48      0x114 util-linux/lib.a(fdisk.o)
 .text.get_nonexisting_partition.constprop.2
                0x0000000000431e5c      0x120 util-linux/lib.a(fdisk.o)
 .text.check_consistency
                0x0000000000431f7c      0x350 util-linux/lib.a(fdisk.o)
 .text.x_list_table
                0x00000000004322cc      0x208 util-linux/lib.a(fdisk.o)
 .text.verify   0x00000000004324d4      0x594 util-linux/lib.a(fdisk.o)
 .text.list_table.isra.0
                0x0000000000432a68      0x46c util-linux/lib.a(fdisk.o)
 .text.get_boot
                0x0000000000432ed4      0x9f4 util-linux/lib.a(fdisk.o)
 .text.create_doslabel
                0x00000000004338c8       0xb4 util-linux/lib.a(fdisk.o)
 .text.open_list_and_close
                0x000000000043397c      0x2b8 util-linux/lib.a(fdisk.o)
 .text.list_devs_in_proc_partititons
                0x0000000000433c34      0x1cc util-linux/lib.a(fdisk.o)
 .text.add_partition
                0x0000000000433e00      0x818 util-linux/lib.a(fdisk.o)
 .text.add_logical
                0x0000000000434618       0xd0 util-linux/lib.a(fdisk.o)
 .text.fdisk_main
                0x00000000004346e8     0x1094 util-linux/lib.a(fdisk.o)
                0x00000000004346e8                fdisk_main
 .text.hexdump_main
                0x000000000043577c      0x520 util-linux/lib.a(hexdump.o)
                0x000000000043577c                hexdump_main
 .text.gotsig   0x0000000000435c9c       0x60 util-linux/lib.a(more.o)
 .text.more_main
                0x0000000000435cfc      0x58c util-linux/lib.a(more.o)
                0x0000000000435cfc                more_main
 .text.verbose_mount
                0x0000000000436288       0xd0 util-linux/lib.a(mount.o)
 .text.parse_mount_options
                0x0000000000436358      0x1c8 util-linux/lib.a(mount.o)
 .text.append_mount_options
                0x0000000000436520      0x1a8 util-linux/lib.a(mount.o)
 .text.mount_it_now
                0x00000000004366c8      0x298 util-linux/lib.a(mount.o)
 .text.singlemount
                0x0000000000436960      0x638 util-linux/lib.a(mount.o)
 .text.mount_main
                0x0000000000436f98      0x7b4 util-linux/lib.a(mount.o)
                0x0000000000436f98                mount_main
 .text.umount_main
                0x000000000043774c      0x3f0 util-linux/lib.a(umount.o)
                0x000000000043774c                umount_main
 .text.make_new_name_generic
                0x0000000000437b3c       0x8c archival/lib.a(bbunzip.o)
 .text.unpack_bunzip2
                0x0000000000437bc8       0x20 archival/lib.a(bbunzip.o)
 .text.append_ext
                0x0000000000437be8       0x2c archival/lib.a(bbunzip.o)
                0x0000000000437be8                append_ext
 .text.bbunpack
                0x0000000000437c14      0x404 archival/lib.a(bbunzip.o)
                0x0000000000437c14                bbunpack
 .text.bunzip2_main
                0x0000000000438018       0xac archival/lib.a(bbunzip.o)
                0x0000000000438018                bunzip2_main
 .text.mvswap   0x00000000004380c4       0x44 archival/lib.a(bzip2.o)
 .text.fallbackSort
                0x0000000000438108      0x8d8 archival/lib.a(bzip2.o)
 .text.mainGtU  0x00000000004389e0      0x2c0 archival/lib.a(bzip2.o)
 .text.add_pair_to_block
                0x0000000000438ca0      0x160 archival/lib.a(bzip2.o)
 .text.bsFinishWrite
                0x0000000000438e00       0x68 archival/lib.a(bzip2.o)
 .text.bsW      0x0000000000438e68       0x7c archival/lib.a(bzip2.o)
 .text.bsPutU32
                0x0000000000438ee4       0xa0 archival/lib.a(bzip2.o)
 .text.generateMTFValues
                0x0000000000438f84      0x260 archival/lib.a(bzip2.o)
 .text.sendMTFValues
                0x00000000004391e4      0xc24 archival/lib.a(bzip2.o)
 .text.mainQSort3.constprop.3
                0x0000000000439e08      0x59c archival/lib.a(bzip2.o)
 .text.mainSort
                0x000000000043a3a4      0x63c archival/lib.a(bzip2.o)
 .text.BZ2_blockSort
                0x000000000043a9e0      0x110 archival/lib.a(bzip2.o)
 .text.BZ2_compressBlock
                0x000000000043aaf0      0x25c archival/lib.a(bzip2.o)
 .text.handle_compress.isra.1
                0x000000000043ad4c      0x344 archival/lib.a(bzip2.o)
 .text.compressStream
                0x000000000043b090      0x3a8 archival/lib.a(bzip2.o)
 .text.bzip2_main
                0x000000000043b438       0xf8 archival/lib.a(bzip2.o)
                0x000000000043b438                bzip2_main
 .text.append_file_list_to_list
                0x000000000043b530      0x118 archival/lib.a(tar.o)
 .text.putOctal
                0x000000000043b648       0x90 archival/lib.a(tar.o)
 .text.chksum_and_xwrite
                0x000000000043b6d8       0xb8 archival/lib.a(tar.o)
 .text.writeLongname
                0x000000000043b790      0x174 archival/lib.a(tar.o)
 .text.vfork_compressor
                0x000000000043b904      0x188 archival/lib.a(tar.o)
 .text.writeTarFile
                0x000000000043ba8c      0x1e8 archival/lib.a(tar.o)
 .text.writeTarHeader
                0x000000000043bc74      0x48c archival/lib.a(tar.o)
 .text.writeFileToTarball
                0x000000000043c100      0x39c archival/lib.a(tar.o)
 .text.tar_main
                0x000000000043c49c      0x494 archival/lib.a(tar.o)
                0x000000000043c49c                tar_main
 .text.data_extract_all
                0x000000000043c930      0x60c archival/libarchive/lib.a(data_extract_all.o)
                0x000000000043c930                data_extract_all
 .text.data_extract_to_stdout
                0x000000000043cf3c       0x28 archival/libarchive/lib.a(data_extract_to_stdout.o)
                0x000000000043cf3c                data_extract_to_stdout
 .text.data_skip
                0x000000000043cf64       0x18 archival/libarchive/lib.a(data_skip.o)
                0x000000000043cf64                data_skip
 .text.get_bits
                0x000000000043cf7c      0x128 archival/libarchive/lib.a(decompress_bunzip2.o)
 .text.get_next_block
                0x000000000043d0a4      0x8b8 archival/libarchive/lib.a(decompress_bunzip2.o)
 .text.read_bunzip
                0x000000000043d95c      0x1dc archival/libarchive/lib.a(decompress_bunzip2.o)
                0x000000000043d95c                read_bunzip
 .text.start_bunzip
                0x000000000043db38      0x18c archival/libarchive/lib.a(decompress_bunzip2.o)
                0x000000000043db38                start_bunzip
 .text.dealloc_bunzip
                0x000000000043dcc4       0x4c archival/libarchive/lib.a(decompress_bunzip2.o)
                0x000000000043dcc4                dealloc_bunzip
 .text.unpack_bz2_stream
                0x000000000043dd10      0x26c archival/libarchive/lib.a(decompress_bunzip2.o)
                0x000000000043dd10                unpack_bz2_stream
 .text.filter_accept_reject_list
                0x000000000043df7c       0x94 archival/libarchive/lib.a(filter_accept_reject_list.o)
                0x000000000043df7c                filter_accept_reject_list
 .text.find_list_entry
                0x000000000043e010       0x70 archival/libarchive/lib.a(find_list_entry.o)
                0x000000000043e010                find_list_entry
 .text.find_list_entry2
                0x000000000043e080      0x114 archival/libarchive/lib.a(find_list_entry.o)
                0x000000000043e080                find_list_entry2
 .text.getOctal
                0x000000000043e194       0xcc archival/libarchive/lib.a(get_header_tar.o)
 .text.strip_unsafe_prefix
                0x000000000043e260      0x108 archival/libarchive/lib.a(get_header_tar.o)
                0x000000000043e260                strip_unsafe_prefix
 .text.get_header_tar
                0x000000000043e368      0x9c4 archival/libarchive/lib.a(get_header_tar.o)
                0x000000000043e368                get_header_tar
 .text.header_list
                0x000000000043ed2c       0x20 archival/libarchive/lib.a(header_list.o)
                0x000000000043ed2c                header_list
 .text.header_verbose_list
                0x000000000043ed4c      0x15c archival/libarchive/lib.a(header_verbose_list.o)
                0x000000000043ed4c                header_verbose_list
 .text.init_handle
                0x000000000043eea8       0x84 archival/libarchive/lib.a(init_handle.o)
                0x000000000043eea8                init_handle
 .text.init_transformer_aux_data
                0x000000000043ef2c       0x20 archival/libarchive/lib.a(open_transformer.o)
                0x000000000043ef2c                init_transformer_aux_data
 .text.check_signature16
                0x000000000043ef4c       0x98 archival/libarchive/lib.a(open_transformer.o)
                0x000000000043ef4c                check_signature16
 .text.check_errors_in_children
                0x000000000043efe4       0x98 archival/libarchive/lib.a(open_transformer.o)
                0x000000000043efe4                check_errors_in_children
 .text.open_transformer
                0x000000000043f07c      0x100 archival/libarchive/lib.a(open_transformer.o)
                0x000000000043f07c                open_transformer
 .text.setup_unzip_on_fd
                0x000000000043f17c       0xac archival/libarchive/lib.a(open_transformer.o)
                0x000000000043f17c                setup_unzip_on_fd
 .text.open_zipped
                0x000000000043f228       0xa0 archival/libarchive/lib.a(open_transformer.o)
                0x000000000043f228                open_zipped
 .text.xmalloc_open_zipped_read_close
                0x000000000043f2c8       0xac archival/libarchive/lib.a(open_transformer.o)
                0x000000000043f2c8                xmalloc_open_zipped_read_close
 .text.seek_by_jump
                0x000000000043f374       0xac archival/libarchive/lib.a(seek_by_jump.o)
                0x000000000043f374                seek_by_jump
 .text.seek_by_read
                0x000000000043f420       0x2c archival/libarchive/lib.a(seek_by_read.o)
                0x000000000043f420                seek_by_read
 .text.data_align
                0x000000000043f44c       0x70 archival/libarchive/lib.a(data_align.o)
                0x000000000043f44c                data_align
 .text.filter_accept_all
                0x000000000043f4bc       0x14 archival/libarchive/lib.a(filter_accept_all.o)
                0x000000000043f4bc                filter_accept_all
 .text.header_skip
                0x000000000043f4d0        0x8 archival/libarchive/lib.a(header_skip.o)
                0x000000000043f4d0                header_skip
 .text.clear_main
                0x000000000043f4d8       0x3c console-tools/lib.a(clear.o)
                0x000000000043f4d8                clear_main
 .text.reset_main
                0x000000000043f514       0x74 console-tools/lib.a(reset.o)
                0x000000000043f514                reset_main
 .text.basename_main
                0x000000000043f588      0x144 coreutils/lib.a(basename.o)
                0x000000000043f588                basename_main
 .text.bb_cat   0x000000000043f6cc       0xd8 coreutils/lib.a(cat.o)
                0x000000000043f6cc                bb_cat
 .text.cat_main
                0x000000000043f7a4       0x60 coreutils/lib.a(cat.o)
                0x000000000043f7a4                cat_main
 .text.fileAction
                0x000000000043f804       0xec coreutils/lib.a(chmod.o)
 .text.chmod_main
                0x000000000043f8f0      0x174 coreutils/lib.a(chmod.o)
                0x000000000043f8f0                chmod_main
 .text.fileAction
                0x000000000043fa64       0x8c coreutils/lib.a(chown.o)
 .text.chown_main
                0x000000000043faf0      0x138 coreutils/lib.a(chown.o)
                0x000000000043faf0                chown_main
 .text.cp_main  0x000000000043fc28      0x1d4 coreutils/lib.a(cp.o)
                0x000000000043fc28                cp_main
 .text.date_main
                0x000000000043fdfc      0x30c coreutils/lib.a(date.o)
                0x000000000043fdfc                date_main
 .text.write_and_stats
                0x0000000000440108      0x108 coreutils/lib.a(dd.o)
 .text.dd_output_status
                0x0000000000440210      0x200 coreutils/lib.a(dd.o)
 .text.dd_main  0x0000000000440410      0x838 coreutils/lib.a(dd.o)
                0x0000000000440410                dd_main
 .text.df_main  0x0000000000440c48      0x418 coreutils/lib.a(df.o)
                0x0000000000440c48                df_main
 .text.echo_main
                0x0000000000441060      0x2c0 coreutils/lib.a(echo.o)
                0x0000000000441060                echo_main
 .text.false_main
                0x0000000000441320        0x8 coreutils/lib.a(false.o)
                0x0000000000441320                false_main
 .text.ln_main  0x0000000000441328      0x364 coreutils/lib.a(ln.o)
                0x0000000000441328                ln_main
 .text.append_char
                0x000000000044168c       0x80 coreutils/lib.a(ls.o)
 .text.count_dirs
                0x000000000044170c       0xa0 coreutils/lib.a(ls.o)
 .text.dnalloc  0x00000000004417ac       0x30 coreutils/lib.a(ls.o)
 .text.splitdnarray
                0x00000000004417dc      0x118 coreutils/lib.a(ls.o)
 .text.my_stat  0x00000000004418f4      0x1c8 coreutils/lib.a(ls.o)
 .text.print_name
                0x0000000000441abc      0x1ec coreutils/lib.a(ls.o)
 .text.display_single
                0x0000000000441ca8      0x52c coreutils/lib.a(ls.o)
 .text.display_files
                0x00000000004421d4      0x300 coreutils/lib.a(ls.o)
 .text.dnsort   0x00000000004424d4       0x24 coreutils/lib.a(ls.o)
 .text.sortcmp  0x00000000004424f8      0x198 coreutils/lib.a(ls.o)
 .text.scan_and_display_dirs_recur
                0x0000000000442690      0x3c8 coreutils/lib.a(ls.o)
 .text.ls_main  0x0000000000442a58      0x4f0 coreutils/lib.a(ls.o)
                0x0000000000442a58                ls_main
 .text.mkdir_main
                0x0000000000442f48      0x138 coreutils/lib.a(mkdir.o)
                0x0000000000442f48                mkdir_main
 .text.mkfifo_main
                0x0000000000443080       0xdc coreutils/lib.a(mkfifo.o)
                0x0000000000443080                mkfifo_main
 .text.mknod_main
                0x000000000044315c      0x188 coreutils/lib.a(mknod.o)
                0x000000000044315c                mknod_main
 .text.mv_main  0x00000000004432e4      0x39c coreutils/lib.a(mv.o)
                0x00000000004432e4                mv_main
 .text.pwd_main
                0x0000000000443680       0x88 coreutils/lib.a(pwd.o)
                0x0000000000443680                pwd_main
 .text.rm_main  0x0000000000443708      0x194 coreutils/lib.a(rm.o)
                0x0000000000443708                rm_main
 .text.rmdir_main
                0x000000000044389c      0x14c coreutils/lib.a(rmdir.o)
                0x000000000044389c                rmdir_main
 .text.set_mode
                0x00000000004439e8      0x540 coreutils/lib.a(stty.o)
 .text.display_recoverable
                0x0000000000443f28       0xa8 coreutils/lib.a(stty.o)
 .text.wrapf    0x0000000000443fd0      0x144 coreutils/lib.a(stty.o)
 .text.newline  0x0000000000444114       0x4c coreutils/lib.a(stty.o)
 .text.find_mode
                0x0000000000444160       0x5c coreutils/lib.a(stty.o)
 .text.find_param
                0x00000000004441bc       0x5c coreutils/lib.a(stty.o)
 .text.set_control_char_or_die
                0x0000000000444218      0x128 coreutils/lib.a(stty.o)
 .text.display_window_size
                0x0000000000444340       0xec coreutils/lib.a(stty.o)
 .text.display_speed
                0x000000000044442c       0xe4 coreutils/lib.a(stty.o)
 .text.do_display
                0x0000000000444510      0x348 coreutils/lib.a(stty.o)
 .text.recover_mode
                0x0000000000444858      0x140 coreutils/lib.a(stty.o)
 .text.set_speed_or_die
                0x0000000000444998       0xb8 coreutils/lib.a(stty.o)
 .text.perror_on_device_and_die
                0x0000000000444a50       0x30 coreutils/lib.a(stty.o)
 .text.set_window_size
                0x0000000000444a80      0x104 coreutils/lib.a(stty.o)
 .text.stty_main
                0x0000000000444b84      0x7f4 coreutils/lib.a(stty.o)
                0x0000000000444b84                stty_main
 .text.eat_num  0x0000000000445378       0x4c coreutils/lib.a(tail.o)
 .text.tail_read
                0x00000000004453c4       0xf8 coreutils/lib.a(tail.o)
 .text.tail_main
                0x00000000004454bc      0x8d8 coreutils/lib.a(tail.o)
                0x00000000004454bc                tail_main
 .text.check_operator
                0x0000000000445d94       0x88 coreutils/lib.a(test.o)
 .text.syntax   0x0000000000445e1c       0x80 coreutils/lib.a(test.o)
 .text.getn     0x0000000000445e9c       0xc8 coreutils/lib.a(test.o)
 .text.binop    0x0000000000445f64      0x244 coreutils/lib.a(test.o)
 .text.nexpr    0x00000000004461a8      0x594 coreutils/lib.a(test.o)
 .text.aexpr    0x000000000044673c       0xdc coreutils/lib.a(test.o)
 .text.oexpr    0x0000000000446818       0xe0 coreutils/lib.a(test.o)
 .text.test_main
                0x00000000004468f8      0x1b0 coreutils/lib.a(test.o)
                0x00000000004468f8                test_main
 .text.touch_main
                0x0000000000446aa8      0x160 coreutils/lib.a(touch.o)
                0x0000000000446aa8                touch_main
 .text.true_main
                0x0000000000446c08        0x8 coreutils/lib.a(true.o)
                0x0000000000446c08                true_main
 .text.tty_main
                0x0000000000446c10       0x74 coreutils/lib.a(tty.o)
                0x0000000000446c10                tty_main
 .text.uname_main
                0x0000000000446c84      0x194 coreutils/lib.a(uname.o)
                0x0000000000446c84                uname_main
 .text.wc_main  0x0000000000446e18      0x464 coreutils/lib.a(wc.o)
                0x0000000000446e18                wc_main
 .text.yes_main
                0x000000000044727c      0x130 coreutils/lib.a(yes.o)
                0x000000000044727c                yes_main
 .text.cp_mv_stat2
                0x00000000004473ac       0xa4 coreutils/libcoreutils/lib.a(cp_mv_stat.o)
                0x00000000004473ac                cp_mv_stat2
 .text.cp_mv_stat
                0x0000000000447450       0x20 coreutils/libcoreutils/lib.a(cp_mv_stat.o)
                0x0000000000447450                cp_mv_stat
 .text.getopt_mk_fifo_nod
                0x0000000000447470       0x88 coreutils/libcoreutils/lib.a(getopt_mk_fifo_nod.o)
                0x0000000000447470                getopt_mk_fifo_nod
 .text.halt_main
                0x00000000004474f8      0x190 init/lib.a(halt.o)
                0x00000000004474f8                halt_main
 .text.mark_terminated
                0x0000000000447688       0x58 init/lib.a(init.o)
 .text.stop_handler
                0x00000000004476e0       0xfc init/lib.a(init.o)
 .text.reset_sighandlers_and_unblock_sigs
                0x00000000004477dc       0x44 init/lib.a(init.o)
 .text.pause_and_low_level_reboot
                0x0000000000447820       0x90 init/lib.a(init.o)
 .text.set_sane_term
                0x00000000004478b0       0xc4 init/lib.a(init.o)
 .text.new_init_action
                0x0000000000447974      0x12c init/lib.a(init.o)
 .text.message  0x0000000000447aa0      0x120 init/lib.a(init.o)
 .text.open_stdio_to_tty
                0x0000000000447bc0      0x100 init/lib.a(init.o)
 .text.init_exec
                0x0000000000447cc0      0x1d0 init/lib.a(init.o)
 .text.parse_inittab
                0x0000000000447e90      0x2b0 init/lib.a(init.o)
 .text.run      0x0000000000448140      0x258 init/lib.a(init.o)
 .text.run_actions
                0x0000000000448398      0x134 init/lib.a(init.o)
 .text.run_shutdown_and_kill_processes
                0x00000000004484cc      0x108 init/lib.a(init.o)
 .text.restart_handler
                0x00000000004485d4       0xfc init/lib.a(init.o)
 .text.halt_reboot_pwoff
                0x00000000004486d0       0xc8 init/lib.a(init.o)
 .text.check_delayed_sigs
                0x0000000000448798      0x160 init/lib.a(init.o)
 .text.init_main
                0x00000000004488f8      0x650 init/lib.a(init.o)
                0x00000000004488f8                init_main
 .text.mesg_main
                0x0000000000448f48      0x140 init/lib.a(mesg.o)
                0x0000000000448f48                mesg_main
 .text.bb_ask_confirmation
                0x0000000000449088       0xe8 libbb/lib.a(ask_confirmation.o)
                0x0000000000449088                bb_ask_confirmation
 .text.handle_errors.isra.0
                0x0000000000449170       0x80 libbb/lib.a(bb_strtonum.o)
 .text.bb_strtoull
                0x00000000004491f0       0xa4 libbb/lib.a(bb_strtonum.o)
                0x00000000004491f0                bb_strtoull
 .text.bb_strtoul
                0x0000000000449294       0xa4 libbb/lib.a(bb_strtonum.o)
                0x0000000000449294                bb_strtoul
 .text.bb_strtol
                0x0000000000449338       0xc0 libbb/lib.a(bb_strtonum.o)
                0x0000000000449338                bb_strtol
 .text.index_in_strings
                0x00000000004493f8       0x9c libbb/lib.a(compare_string_array.o)
                0x00000000004493f8                index_in_strings
 .text.index_in_substrings
                0x0000000000449494       0xf8 libbb/lib.a(compare_string_array.o)
                0x0000000000449494                index_in_substrings
 .text.nth_string
                0x000000000044958c       0x68 libbb/lib.a(compare_string_array.o)
                0x000000000044958c                nth_string
 .text.concat_path_file
                0x00000000004495f4       0xb0 libbb/lib.a(concat_path_file.o)
                0x00000000004495f4                concat_path_file
 .text.ask_and_unlink
                0x00000000004496a4       0xe4 libbb/lib.a(copy_file.o)
 .text.copy_file
                0x0000000000449788      0x850 libbb/lib.a(copy_file.o)
                0x0000000000449788                copy_file
 .text.bb_full_fd_action
                0x0000000000449fd8      0x15c libbb/lib.a(copyfd.o)
 .text.bb_copyfd_size
                0x000000000044a134       0x30 libbb/lib.a(copyfd.o)
                0x000000000044a134                bb_copyfd_size
 .text.bb_copyfd_exact_size
                0x000000000044a164       0x7c libbb/lib.a(copyfd.o)
                0x000000000044a164                bb_copyfd_exact_size
 .text.bb_copyfd_eof
                0x000000000044a1e0       0x20 libbb/lib.a(copyfd.o)
                0x000000000044a1e0                bb_copyfd_eof
 .text.crc32_filltable
                0x000000000044a200       0xd4 libbb/lib.a(crc32.o)
                0x000000000044a200                crc32_filltable
 .text.create_icmp6_socket
                0x000000000044a2d4       0xbc libbb/lib.a(create_icmp6_socket.o)
                0x000000000044a2d4                create_icmp6_socket
 .text.create_icmp_socket
                0x000000000044a390       0xbc libbb/lib.a(create_icmp_socket.o)
                0x000000000044a390                create_icmp_socket
 .text.device_open
                0x000000000044a44c       0xac libbb/lib.a(device_open.o)
                0x000000000044a44c                device_open
 .text.rewrite  0x000000000044a4f8      0x67c libbb/lib.a(dump.o)
 .text.next     0x000000000044ab74      0x1f4 libbb/lib.a(dump.o)
 .text.bb_dump_size.isra.0
                0x000000000044ad68      0x214 libbb/lib.a(dump.o)
 .text.alloc_dumper
                0x000000000044af7c       0x4c libbb/lib.a(dump.o)
                0x000000000044af7c                alloc_dumper
 .text.bb_dump_dump
                0x000000000044afc8      0x948 libbb/lib.a(dump.o)
                0x000000000044afc8                bb_dump_dump
 .text.bb_dump_add
                0x000000000044b910      0x31c libbb/lib.a(dump.o)
                0x000000000044b910                bb_dump_add
 .text.BB_EXECVP_or_die
                0x000000000044bc2c       0x74 libbb/lib.a(execable.o)
                0x000000000044bc2c                BB_EXECVP_or_die
 .text.fclose_if_not_stdin
                0x000000000044bca0       0x90 libbb/lib.a(fclose_nonstdin.o)
                0x000000000044bca0                fclose_if_not_stdin
 .text.fflush_stdout_and_exit
                0x000000000044bd30       0x64 libbb/lib.a(fflush_stdout_and_exit.o)
                0x000000000044bd30                fflush_stdout_and_exit
 .text.xmalloc_fgets_internal
                0x000000000044bd94      0x1b8 libbb/lib.a(fgets_str.o)
 .text.xmalloc_fgets_str
                0x000000000044bf4c       0x48 libbb/lib.a(fgets_str.o)
                0x000000000044bf4c                xmalloc_fgets_str
 .text.find_mount_point
                0x000000000044bf94      0x1d8 libbb/lib.a(find_mount_point.o)
                0x000000000044bf94                find_mount_point
 .text.find_pid_by_name
                0x000000000044c16c      0x1fc libbb/lib.a(find_pid_by_name.o)
                0x000000000044c16c                find_pid_by_name
 .text.bb_get_chunk_from_file
                0x000000000044c368      0x13c libbb/lib.a(get_line_from_file.o)
                0x000000000044c368                bb_get_chunk_from_file
 .text.xmalloc_fgetline
                0x000000000044c4a4       0x60 libbb/lib.a(get_line_from_file.o)
                0x000000000044c4a4                xmalloc_fgetline
 .text.getopt32
                0x000000000044c504      0x66c libbb/lib.a(getopt32.o)
                0x000000000044c504                getopt32
 .text.bb_herror_msg_and_die
                0x000000000044cb70       0x88 libbb/lib.a(herror_msg.o)
                0x000000000044cb70                bb_herror_msg_and_die
 .text.make_human_readable_str
                0x000000000044cbf8      0x1d8 libbb/lib.a(human_readable.o)
                0x000000000044cbf8                make_human_readable_str
 .text.smart_ulltoa5
                0x000000000044cdd0      0x2d8 libbb/lib.a(human_readable.o)
                0x000000000044cdd0                smart_ulltoa5
 .text.inet_cksum
                0x000000000044d0a8       0x5c libbb/lib.a(inet_cksum.o)
                0x000000000044d0a8                inet_cksum
 .text.INET_resolve
                0x000000000044d104       0xe8 libbb/lib.a(inet_common.o)
                0x000000000044d104                INET_resolve
 .text.INET_rresolve
                0x000000000044d1ec      0x228 libbb/lib.a(inet_common.o)
                0x000000000044d1ec                INET_rresolve
 .text.INET6_resolve
                0x000000000044d414       0xe0 libbb/lib.a(inet_common.o)
                0x000000000044d414                INET6_resolve
 .text.INET6_rresolve
                0x000000000044d4f4      0x144 libbb/lib.a(inet_common.o)
                0x000000000044d4f4                INET6_rresolve
 .text.bb_info_msg
                0x000000000044d638      0x104 libbb/lib.a(info_msg.o)
                0x000000000044d638                bb_info_msg
 .text.is_in_ino_dev_hashtable
                0x000000000044d73c       0xa8 libbb/lib.a(inode_hash.o)
                0x000000000044d73c                is_in_ino_dev_hashtable
 .text.add_to_ino_dev_hashtable
                0x000000000044d7e4      0x10c libbb/lib.a(inode_hash.o)
                0x000000000044d7e4                add_to_ino_dev_hashtable
 .text.is_directory
                0x000000000044d8f0       0x68 libbb/lib.a(isdirectory.o)
                0x000000000044d8f0                is_directory
 .text.remove_chunk
                0x000000000044d958       0x38 libbb/lib.a(lineedit.o)
 .text.build_match_prefix
                0x000000000044d990      0x498 libbb/lib.a(lineedit.o)
 .text.save_command_ps_at_cur_history
                0x000000000044de28       0xa8 libbb/lib.a(lineedit.o)
 .text.free_tab_completion_data
                0x000000000044ded0       0x8c libbb/lib.a(lineedit.o)
 .text.deinit_S
                0x000000000044df5c       0x94 libbb/lib.a(lineedit.o)
 .text.put_prompt
                0x000000000044dff0       0x8c libbb/lib.a(lineedit.o)
 .text.parse_and_put_prompt
                0x000000000044e07c      0x51c libbb/lib.a(lineedit.o)
 .text.quote_special_chars
                0x000000000044e598       0xd4 libbb/lib.a(lineedit.o)
 .text.complete_cmd_dir_file
                0x000000000044e66c      0x490 libbb/lib.a(lineedit.o)
 .text.get_previous_history
                0x000000000044eafc       0xac libbb/lib.a(lineedit.o)
 .text.put_cur_glyph_and_inc_cursor
                0x000000000044eba8       0xc4 libbb/lib.a(lineedit.o)
 .text.input_forward
                0x000000000044ec6c       0x50 libbb/lib.a(lineedit.o)
 .text.put_till_end_and_adv_cursor
                0x000000000044ecbc       0x68 libbb/lib.a(lineedit.o)
 .text.goto_new_line
                0x000000000044ed24       0x70 libbb/lib.a(lineedit.o)
 .text.input_backward
                0x000000000044ed94      0x150 libbb/lib.a(lineedit.o)
 .text.input_delete
                0x000000000044eee4       0xcc libbb/lib.a(lineedit.o)
 .text.input_backspace
                0x000000000044efb0       0x74 libbb/lib.a(lineedit.o)
 .text.redraw   0x000000000044f024       0xc8 libbb/lib.a(lineedit.o)
 .text.win_changed
                0x000000000044f0ec       0xe8 libbb/lib.a(lineedit.o)
 .text.input_tab
                0x000000000044f1d4      0x664 libbb/lib.a(lineedit.o)
 .text.get_next_history
                0x000000000044f838       0xb0 libbb/lib.a(lineedit.o)
 .text.new_line_input_t
                0x000000000044f8e8       0x48 libbb/lib.a(lineedit.o)
                0x000000000044f8e8                new_line_input_t
 .text.read_line_input
                0x000000000044f930      0xac4 libbb/lib.a(lineedit.o)
                0x000000000044f930                read_line_input
 .text.llist_add_to
                0x00000000004503f4       0x58 libbb/lib.a(llist.o)
                0x00000000004503f4                llist_add_to
 .text.llist_add_to_end
                0x000000000045044c       0x6c libbb/lib.a(llist.o)
                0x000000000045044c                llist_add_to_end
 .text.llist_pop
                0x00000000004504b8       0x54 libbb/lib.a(llist.o)
                0x00000000004504b8                llist_pop
 .text.sanitize_env_if_suid
                0x000000000045050c       0xc0 libbb/lib.a(login.o)
                0x000000000045050c                sanitize_env_if_suid
 .text.del_loop
                0x00000000004505cc       0x80 libbb/lib.a(loop.o)
                0x00000000004505cc                del_loop
 .text.set_loop
                0x000000000045064c      0x3ec libbb/lib.a(loop.o)
                0x000000000045064c                set_loop
 .text.bb_make_directory
                0x0000000000450a38      0x27c libbb/lib.a(make_directory.o)
                0x0000000000450a38                bb_make_directory
 .text.bb_makedev
                0x0000000000450cb4       0x34 libbb/lib.a(makedev.o)
                0x0000000000450cb4                bb_makedev
 .text.match_fstype
                0x0000000000450ce8       0xf8 libbb/lib.a(match_fstype.o)
                0x0000000000450ce8                match_fstype
 .text.bb_mode_string
                0x0000000000450de0       0xd0 libbb/lib.a(mode_string.o)
                0x0000000000450de0                bb_mode_string
 .text.config_open2
                0x0000000000450eb0       0x5c libbb/lib.a(parse_config.o)
                0x0000000000450eb0                config_open2
 .text.config_close
                0x0000000000450f0c       0x90 libbb/lib.a(parse_config.o)
                0x0000000000450f0c                config_close
 .text.config_read
                0x0000000000450f9c      0x398 libbb/lib.a(parse_config.o)
                0x0000000000450f9c                config_read
 .text.bb_parse_mode
                0x0000000000451334      0x344 libbb/lib.a(parse_mode.o)
                0x0000000000451334                bb_parse_mode
 .text.bb_perror_msg
                0x0000000000451678       0x8c libbb/lib.a(perror_msg.o)
                0x0000000000451678                bb_perror_msg
 .text.bb_perror_msg_and_die
                0x0000000000451704       0x90 libbb/lib.a(perror_msg.o)
                0x0000000000451704                bb_perror_msg_and_die
 .text.bb_simple_perror_msg
                0x0000000000451794       0x24 libbb/lib.a(perror_msg.o)
                0x0000000000451794                bb_simple_perror_msg
 .text.bb_simple_perror_msg_and_die
                0x00000000004517b8       0x2c libbb/lib.a(perror_msg.o)
                0x00000000004517b8                bb_simple_perror_msg_and_die
 .text.bb_perror_nomsg_and_die
                0x00000000004517e4       0x1c libbb/lib.a(perror_nomsg_and_die.o)
                0x00000000004517e4                bb_perror_nomsg_and_die
 .text.print_flags_separated
                0x0000000000451800       0xf4 libbb/lib.a(print_flags.o)
                0x0000000000451800                print_flags_separated
 .text.fputc_printable
                0x00000000004518f4      0x114 libbb/lib.a(printable.o)
                0x00000000004518f4                fputc_printable
 .text.printable_string
                0x0000000000451a08      0x120 libbb/lib.a(printable_string.o)
                0x0000000000451a08                printable_string
 .text.bb_process_escape_sequence
                0x0000000000451b28      0x110 libbb/lib.a(process_escape_sequence.o)
                0x0000000000451b28                bb_process_escape_sequence
 .text.fast_strtoul_16
                0x0000000000451c38       0x50 libbb/lib.a(procps.o)
 .text.fast_strtoul_10
                0x0000000000451c88       0x4c libbb/lib.a(procps.o)
 .text.skip_fields
                0x0000000000451cd4       0x30 libbb/lib.a(procps.o)
 .text.get_cached
                0x0000000000451d04       0xe8 libbb/lib.a(procps.o)
 .text.read_to_buf
                0x0000000000451dec       0xa8 libbb/lib.a(procps.o)
 .text.clear_username_cache
                0x0000000000451e94       0x70 libbb/lib.a(procps.o)
                0x0000000000451e94                clear_username_cache
 .text.get_cached_username
                0x0000000000451f04       0x2c libbb/lib.a(procps.o)
                0x0000000000451f04                get_cached_username
 .text.get_cached_groupname
                0x0000000000451f30       0x2c libbb/lib.a(procps.o)
                0x0000000000451f30                get_cached_groupname
 .text.free_procps_scan
                0x0000000000451f5c       0x9c libbb/lib.a(procps.o)
                0x0000000000451f5c                free_procps_scan
 .text.procps_read_smaps
                0x0000000000451ff8      0x434 libbb/lib.a(procps.o)
                0x0000000000451ff8                procps_read_smaps
 .text.procps_scan
                0x000000000045242c      0x63c libbb/lib.a(procps.o)
                0x000000000045242c                procps_scan
 .text.read_cmdline
                0x0000000000452a68      0x1c0 libbb/lib.a(procps.o)
                0x0000000000452a68                read_cmdline
 .text.bb_progress_init
                0x0000000000452c28       0x4c libbb/lib.a(progress.o)
                0x0000000000452c28                bb_progress_init
 .text.bb_progress_update
                0x0000000000452c74      0x368 libbb/lib.a(progress.o)
                0x0000000000452c74                bb_progress_update
 .text.safe_read
                0x0000000000452fdc       0x98 libbb/lib.a(read.o)
                0x0000000000452fdc                safe_read
 .text.full_read
                0x0000000000453074       0xa8 libbb/lib.a(read.o)
                0x0000000000453074                full_read
 .text.read_close
                0x000000000045311c       0x5c libbb/lib.a(read.o)
                0x000000000045311c                read_close
 .text.open_read_close
                0x0000000000453178       0x68 libbb/lib.a(read.o)
                0x0000000000453178                open_read_close
 .text.read_key
                0x00000000004531e0      0x3ac libbb/lib.a(read_key.o)
                0x00000000004531e0                read_key
 .text.nonblock_immune_read
                0x000000000045358c      0x134 libbb/lib.a(read_printf.o)
                0x000000000045358c                nonblock_immune_read
 .text.xmalloc_read
                0x00000000004536c0      0x17c libbb/lib.a(read_printf.o)
                0x00000000004536c0                xmalloc_read
 .text.xmalloc_open_read_close
                0x000000000045383c       0x80 libbb/lib.a(read_printf.o)
                0x000000000045383c                xmalloc_open_read_close
 .text.xread    0x00000000004538bc       0x64 libbb/lib.a(read_printf.o)
                0x00000000004538bc                xread
 .text.true_action
                0x0000000000453920        0x8 libbb/lib.a(recursive_action.o)
 .text.recursive_action
                0x0000000000453928      0x2e4 libbb/lib.a(recursive_action.o)
                0x0000000000453928                recursive_action
 .text.remove_file
                0x0000000000453c0c      0x3bc libbb/lib.a(remove_file.o)
                0x0000000000453c0c                remove_file
 .text.safe_gethostname
                0x0000000000453fc8       0x60 libbb/lib.a(safe_gethostname.o)
                0x0000000000453fc8                safe_gethostname
 .text.safe_poll
                0x0000000000454028       0xc4 libbb/lib.a(safe_poll.o)
                0x0000000000454028                safe_poll
 .text.safe_strncpy
                0x00000000004540ec       0x34 libbb/lib.a(safe_strncpy.o)
                0x00000000004540ec                safe_strncpy
 .text.overlapping_strcpy
                0x0000000000454120       0x2c libbb/lib.a(safe_strncpy.o)
                0x0000000000454120                overlapping_strcpy
 .text.record_signo
                0x000000000045414c       0x18 libbb/lib.a(signals.o)
                0x000000000045414c                record_signo
 .text.sigaction_set
                0x0000000000454164       0x1c libbb/lib.a(signals.o)
                0x0000000000454164                sigaction_set
 .text.sigprocmask_allsigs
                0x0000000000454180       0x4c libbb/lib.a(signals.o)
                0x0000000000454180                sigprocmask_allsigs
 .text.bb_signals
                0x00000000004541cc       0x88 libbb/lib.a(signals.o)
                0x00000000004541cc                bb_signals
 .text.bb_signals_recursive_norestart
                0x0000000000454254       0xac libbb/lib.a(signals.o)
                0x0000000000454254                bb_signals_recursive_norestart
 .text.sig_unblock
                0x0000000000454300       0x68 libbb/lib.a(signals.o)
                0x0000000000454300                sig_unblock
 .text.kill_myself_with_sig
                0x0000000000454368       0x74 libbb/lib.a(signals.o)
                0x0000000000454368                kill_myself_with_sig
 .text.signal_SA_RESTART_empty_mask
                0x00000000004543dc       0x54 libbb/lib.a(signals.o)
                0x00000000004543dc                signal_SA_RESTART_empty_mask
 .text.signal_no_SA_RESTART_empty_mask
                0x0000000000454430       0x50 libbb/lib.a(signals.o)
                0x0000000000454430                signal_no_SA_RESTART_empty_mask
 .text.bb_simplify_abs_path_inplace
                0x0000000000454480       0xd0 libbb/lib.a(simplify_path.o)
                0x0000000000454480                bb_simplify_abs_path_inplace
 .text.bb_simplify_path
                0x0000000000454550       0xbc libbb/lib.a(simplify_path.o)
                0x0000000000454550                bb_simplify_path
 .text.skip_whitespace
                0x000000000045460c       0x34 libbb/lib.a(skip_whitespace.o)
                0x000000000045460c                skip_whitespace
 .text.skip_non_whitespace
                0x0000000000454640       0x38 libbb/lib.a(skip_whitespace.o)
                0x0000000000454640                skip_non_whitespace
 .text.skip_dev_pfx
                0x0000000000454678       0x54 libbb/lib.a(skip_whitespace.o)
                0x0000000000454678                skip_dev_pfx
 .text.tty_baud_to_value
                0x00000000004546cc       0x68 libbb/lib.a(speed_table.o)
                0x00000000004546cc                tty_baud_to_value
 .text.tty_value_to_baud
                0x0000000000454734       0x84 libbb/lib.a(speed_table.o)
                0x0000000000454734                tty_value_to_baud
 .text.strrstr  0x00000000004547b8       0x90 libbb/lib.a(strrstr.o)
                0x00000000004547b8                strrstr
 .text.parse_datestr
                0x0000000000454848      0x4f8 libbb/lib.a(time.o)
                0x0000000000454848                parse_datestr
 .text.validate_tm_time
                0x0000000000454d40       0x60 libbb/lib.a(time.o)
                0x0000000000454d40                validate_tm_time
 .text.monotonic_us
                0x0000000000454da0       0x64 libbb/lib.a(time.o)
                0x0000000000454da0                monotonic_us
 .text.monotonic_ms
                0x0000000000454e04       0x74 libbb/lib.a(time.o)
                0x0000000000454e04                monotonic_ms
 .text.monotonic_sec
                0x0000000000454e78       0x1c libbb/lib.a(time.o)
                0x0000000000454e78                monotonic_sec
 .text.get_signum
                0x0000000000454e94      0x1d4 libbb/lib.a(u_signal_names.o)
                0x0000000000454e94                get_signum
 .text.get_signame
                0x0000000000455068       0x54 libbb/lib.a(u_signal_names.o)
                0x0000000000455068                get_signame
 .text.print_signames
                0x00000000004550bc       0xa4 libbb/lib.a(u_signal_names.o)
                0x00000000004550bc                print_signames
 .text.recv_from_to
                0x0000000000455160      0x174 libbb/lib.a(udp_io.o)
                0x0000000000455160                recv_from_to
 .text.bb_verror_msg
                0x00000000004552d4      0x2a8 libbb/lib.a(verror_msg.o)
                0x00000000004552d4                bb_verror_msg
 .text.bb_error_msg_and_die
                0x000000000045557c       0x50 libbb/lib.a(verror_msg.o)
                0x000000000045557c                bb_error_msg_and_die
 .text.bb_error_msg
                0x00000000004555cc       0x48 libbb/lib.a(verror_msg.o)
                0x00000000004555cc                bb_error_msg
 .text.spawn    0x0000000000455614       0xe4 libbb/lib.a(vfork_daemon_rexec.o)
                0x0000000000455614                spawn
 .text.spawn_and_wait
                0x00000000004556f8       0x3c libbb/lib.a(vfork_daemon_rexec.o)
                0x00000000004556f8                spawn_and_wait
 .text.bb_daemonize_or_rexec
                0x0000000000455734      0x200 libbb/lib.a(vfork_daemon_rexec.o)
                0x0000000000455734                bb_daemonize_or_rexec
 .text.bb_sanitize_stdio
                0x0000000000455934       0x1c libbb/lib.a(vfork_daemon_rexec.o)
                0x0000000000455934                bb_sanitize_stdio
 .text.xfdopen_helper
                0x0000000000455950       0x80 libbb/lib.a(wfopen.o)
 .text.fopen_or_warn
                0x00000000004559d0       0x58 libbb/lib.a(wfopen.o)
                0x00000000004559d0                fopen_or_warn
 .text.fopen_for_read
                0x0000000000455a28       0x20 libbb/lib.a(wfopen.o)
                0x0000000000455a28                fopen_for_read
 .text.xfopen_for_read
                0x0000000000455a48       0x20 libbb/lib.a(wfopen.o)
                0x0000000000455a48                xfopen_for_read
 .text.fopen_for_write
                0x0000000000455a68       0x20 libbb/lib.a(wfopen.o)
                0x0000000000455a68                fopen_for_write